[2026-08-31 00:02:58,129][preparation][INFO] - Preparation sam40_stroop_arithmetic: started for tasks relax, stroop, arithmetic (derivatives: /work/python_project/datasets/bids/sam40/derivatives/mne-bids-pipeline/relax-stroop-arithmetic).
[2026-08-31 00:03:08,022][preparation][INFO] - Preparation sam40_stroop_arithmetic: complete; cache reused (1521 Pipeline cache hits); derivatives: /work/python_project/datasets/bids/sam40/derivatives/mne-bids-pipeline/relax-stroop-arithmetic; reports: /work/python_project/results/scenario_decoder (2026-08-30 % 15-48-47)/_preparation/sam40_stroop_arithmetic; full log: /work/python_project/results/scenario_decoder (2026-08-30 % 15-48-47)/eegnet/cross_task_from_sam40_stroop_arithmetic/_preparation/sam40_stroop_arithmetic.mne-bids-pipeline.log.
[2026-08-31 00:03:10,980][preparation][INFO] - Preparation sam40_mirror: started for tasks relax, mirror (derivatives: /work/python_project/datasets/bids/sam40/derivatives/mne-bids-pipeline/relax-mirror).
[2026-08-31 00:03:20,172][preparation][INFO] - Preparation sam40_mirror: complete; cache reused (1041 Pipeline cache hits); derivatives: /work/python_project/datasets/bids/sam40/derivatives/mne-bids-pipeline/relax-mirror; reports: /work/python_project/results/scenario_decoder (2026-08-30 % 15-48-47)/_preparation/sam40_mirror; full log: /work/python_project/results/scenario_decoder (2026-08-30 % 15-48-47)/eegnet/cross_task_from_sam40_stroop_arithmetic/_preparation/sam40_mirror.mne-bids-pipeline.log.
[2026-08-31 00:03:22,373][braindecode.datautil.util][INFO] - Using array-like to find signal-related parameters.
[2026-08-31 00:03:22,373][braindecode.eegneuralnet.EEGClassifier][INFO] - Passing additional parameters {'n_outputs': 2, 'n_times': 640, 'n_chans': 12} to module <class 'braindecode.models.eegnet.EEGNet'>.
[2026-08-31 00:03:34,808][braindecode.datautil.util][INFO] - Using array-like to find signal-related parameters.
[2026-08-31 00:03:34,808][braindecode.eegneuralnet.EEGClassifier][INFO] - Passing additional parameters {'n_outputs': 2, 'n_times': 640, 'n_chans': 12} to module <class 'braindecode.models.eegnet.EEGNet'>.
[2026-08-31 00:03:46,563][braindecode.datautil.util][INFO] - Using array-like to find signal-related parameters.
[2026-08-31 00:03:46,563][braindecode.eegneuralnet.EEGClassifier][INFO] - Passing additional parameters {'n_outputs': 2, 'n_times': 640, 'n_chans': 12} to module <class 'braindecode.models.eegnet.EEGNet'>.
[2026-08-31 00:03:58,939][braindecode.datautil.util][INFO] - Using array-like to find signal-related parameters.
[2026-08-31 00:03:58,940][braindecode.eegneuralnet.EEGClassifier][INFO] - Passing additional parameters {'n_outputs': 2, 'n_times': 640, 'n_chans': 12} to module <class 'braindecode.models.eegnet.EEGNet'>.
[2026-08-31 00:04:11,461][braindecode.datautil.util][INFO] - Using array-like to find signal-related parameters.
[2026-08-31 00:04:11,461][braindecode.eegneuralnet.EEGClassifier][INFO] - Passing additional parameters {'n_outputs': 2, 'n_times': 640, 'n_chans': 12} to module <class 'braindecode.models.eegnet.EEGNet'>.
[2026-08-31 00:04:23,916][braindecode.datautil.util][INFO] - Using array-like to find signal-related parameters.
[2026-08-31 00:04:23,916][braindecode.eegneuralnet.EEGClassifier][INFO] - Passing additional parameters {'n_outputs': 2, 'n_times': 640, 'n_chans': 12} to module <class 'braindecode.models.eegnet.EEGNet'>.
[2026-08-31 00:04:36,453][braindecode.datautil.util][INFO] - Using array-like to find signal-related parameters.
[2026-08-31 00:04:36,454][braindecode.eegneuralnet.EEGClassifier][INFO] - Passing additional parameters {'n_outputs': 2, 'n_times': 640, 'n_chans': 12} to module <class 'braindecode.models.eegnet.EEGNet'>.
[2026-08-31 00:04:49,062][braindecode.datautil.util][INFO] - Using array-like to find signal-related parameters.
[2026-08-31 00:04:49,062][braindecode.eegneuralnet.EEGClassifier][INFO] - Passing additional parameters {'n_outputs': 2, 'n_times': 640, 'n_chans': 12} to module <class 'braindecode.models.eegnet.EEGNet'>.
[2026-08-31 00:05:01,562][braindecode.datautil.util][INFO] - Using array-like to find signal-related parameters.
[2026-08-31 00:05:01,562][braindecode.eegneuralnet.EEGClassifier][INFO] - Passing additional parameters {'n_outputs': 2, 'n_times': 640, 'n_chans': 12} to module <class 'braindecode.models.eegnet.EEGNet'>.
[2026-08-31 00:05:13,949][braindecode.datautil.util][INFO] - Using array-like to find signal-related parameters.
[2026-08-31 00:05:13,950][braindecode.eegneuralnet.EEGClassifier][INFO] - Passing additional parameters {'n_outputs': 2, 'n_times': 640, 'n_chans': 12} to module <class 'braindecode.models.eegnet.EEGNet'>.
[2026-08-31 00:05:26,466][braindecode.datautil.util][INFO] - Using array-like to find signal-related parameters.
[2026-08-31 00:05:26,466][braindecode.eegneuralnet.EEGClassifier][INFO] - Passing additional parameters {'n_outputs': 2, 'n_times': 640, 'n_chans': 12} to module <class 'braindecode.models.eegnet.EEGNet'>.
[2026-08-31 00:05:38,845][braindecode.datautil.util][INFO] - Using array-like to find signal-related parameters.
[2026-08-31 00:05:38,845][braindecode.eegneuralnet.EEGClassifier][INFO] - Passing additional parameters {'n_outputs': 2, 'n_times': 640, 'n_chans': 12} to module <class 'braindecode.models.eegnet.EEGNet'>.
[2026-08-31 00:05:51,263][braindecode.datautil.util][INFO] - Using array-like to find signal-related parameters.
[2026-08-31 00:05:51,263][braindecode.eegneuralnet.EEGClassifier][INFO] - Passing additional parameters {'n_outputs': 2, 'n_times': 640, 'n_chans': 12} to module <class 'braindecode.models.eegnet.EEGNet'>.
[2026-08-31 00:06:03,611][braindecode.datautil.util][INFO] - Using array-like to find signal-related parameters.
[2026-08-31 00:06:03,612][braindecode.eegneuralnet.EEGClassifier][INFO] - Passing additional parameters {'n_outputs': 2, 'n_times': 640, 'n_chans': 12} to module <class 'braindecode.models.eegnet.EEGNet'>.
[2026-08-31 00:06:15,904][braindecode.datautil.util][INFO] - Using array-like to find signal-related parameters.
[2026-08-31 00:06:15,905][braindecode.eegneuralnet.EEGClassifier][INFO] - Passing additional parameters {'n_outputs': 2, 'n_times': 640, 'n_chans': 12} to module <class 'braindecode.models.eegnet.EEGNet'>.
[2026-08-31 00:06:28,425][braindecode.datautil.util][INFO] - Using array-like to find signal-related parameters.
[2026-08-31 00:06:28,425][braindecode.eegneuralnet.EEGClassifier][INFO] - Passing additional parameters {'n_outputs': 2, 'n_times': 640, 'n_chans': 12} to module <class 'braindecode.models.eegnet.EEGNet'>.
[2026-08-31 00:06:40,681][braindecode.datautil.util][INFO] - Using array-like to find signal-related parameters.
[2026-08-31 00:06:40,681][braindecode.eegneuralnet.EEGClassifier][INFO] - Passing additional parameters {'n_outputs': 2, 'n_times': 640, 'n_chans': 12} to module <class 'braindecode.models.eegnet.EEGNet'>.
[2026-08-31 00:06:52,966][braindecode.datautil.util][INFO] - Using array-like to find signal-related parameters.
[2026-08-31 00:06:52,966][braindecode.eegneuralnet.EEGClassifier][INFO] - Passing additional parameters {'n_outputs': 2, 'n_times': 640, 'n_chans': 12} to module <class 'braindecode.models.eegnet.EEGNet'>.
[2026-08-31 00:07:05,322][braindecode.datautil.util][INFO] - Using array-like to find signal-related parameters.
[2026-08-31 00:07:05,323][braindecode.eegneuralnet.EEGClassifier][INFO] - Passing additional parameters {'n_outputs': 2, 'n_times': 640, 'n_chans': 12} to module <class 'braindecode.models.eegnet.EEGNet'>.
[2026-08-31 00:07:17,539][braindecode.datautil.util][INFO] - Using array-like to find signal-related parameters.
[2026-08-31 00:07:17,539][braindecode.eegneuralnet.EEGClassifier][INFO] - Passing additional parameters {'n_outputs': 2, 'n_times': 640, 'n_chans': 12} to module <class 'braindecode.models.eegnet.EEGNet'>.
[2026-08-31 00:07:29,842][braindecode.datautil.util][INFO] - Using array-like to find signal-related parameters.
[2026-08-31 00:07:29,843][braindecode.eegneuralnet.EEGClassifier][INFO] - Passing additional parameters {'n_outputs': 2, 'n_times': 640, 'n_chans': 12} to module <class 'braindecode.models.eegnet.EEGNet'>.
[2026-08-31 00:07:42,185][braindecode.datautil.util][INFO] - Using array-like to find signal-related parameters.
[2026-08-31 00:07:42,185][braindecode.eegneuralnet.EEGClassifier][INFO] - Passing additional parameters {'n_outputs': 2, 'n_times': 640, 'n_chans': 12} to module <class 'braindecode.models.eegnet.EEGNet'>.
[2026-08-31 00:07:54,529][braindecode.datautil.util][INFO] - Using array-like to find signal-related parameters.
[2026-08-31 00:07:54,529][braindecode.eegneuralnet.EEGClassifier][INFO] - Passing additional parameters {'n_outputs': 2, 'n_times': 640, 'n_chans': 12} to module <class 'braindecode.models.eegnet.EEGNet'>.
[2026-08-31 00:08:06,894][braindecode.datautil.util][INFO] - Using array-like to find signal-related parameters.
[2026-08-31 00:08:06,894][braindecode.eegneuralnet.EEGClassifier][INFO] - Passing additional parameters {'n_outputs': 2, 'n_times': 640, 'n_chans': 12} to module <class 'braindecode.models.eegnet.EEGNet'>.
[2026-08-31 00:08:19,232][braindecode.datautil.util][INFO] - Using array-like to find signal-related parameters.
[2026-08-31 00:08:19,232][braindecode.eegneuralnet.EEGClassifier][INFO] - Passing additional parameters {'n_outputs': 2, 'n_times': 640, 'n_chans': 12} to module <class 'braindecode.models.eegnet.EEGNet'>.
[2026-08-31 00:08:31,496][braindecode.datautil.util][INFO] - Using array-like to find signal-related parameters.
[2026-08-31 00:08:31,496][braindecode.eegneuralnet.EEGClassifier][INFO] - Passing additional parameters {'n_outputs': 2, 'n_times': 640, 'n_chans': 12} to module <class 'braindecode.models.eegnet.EEGNet'>.
[2026-08-31 00:08:43,799][braindecode.datautil.util][INFO] - Using array-like to find signal-related parameters.
[2026-08-31 00:08:43,799][braindecode.eegneuralnet.EEGClassifier][INFO] - Passing additional parameters {'n_outputs': 2, 'n_times': 640, 'n_chans': 12} to module <class 'braindecode.models.eegnet.EEGNet'>.
[2026-08-31 00:08:56,053][braindecode.datautil.util][INFO] - Using array-like to find signal-related parameters.
[2026-08-31 00:08:56,054][braindecode.eegneuralnet.EEGClassifier][INFO] - Passing additional parameters {'n_outputs': 2, 'n_times': 640, 'n_chans': 12} to module <class 'braindecode.models.eegnet.EEGNet'>.
[2026-08-31 00:09:08,291][braindecode.datautil.util][INFO] - Using array-like to find signal-related parameters.
[2026-08-31 00:09:08,292][braindecode.eegneuralnet.EEGClassifier][INFO] - Passing additional parameters {'n_outputs': 2, 'n_times': 640, 'n_chans': 12} to module <class 'braindecode.models.eegnet.EEGNet'>.
[2026-08-31 00:09:20,567][braindecode.datautil.util][INFO] - Using array-like to find signal-related parameters.
[2026-08-31 00:09:20,568][braindecode.eegneuralnet.EEGClassifier][INFO] - Passing additional parameters {'n_outputs': 2, 'n_times': 640, 'n_chans': 12} to module <class 'braindecode.models.eegnet.EEGNet'>.
[2026-08-31 00:09:32,801][braindecode.datautil.util][INFO] - Using array-like to find signal-related parameters.
[2026-08-31 00:09:32,801][braindecode.eegneuralnet.EEGClassifier][INFO] - Passing additional parameters {'n_outputs': 2, 'n_times': 640, 'n_chans': 12} to module <class 'braindecode.models.eegnet.EEGNet'>.
[2026-08-31 00:09:45,082][braindecode.datautil.util][INFO] - Using array-like to find signal-related parameters.
[2026-08-31 00:09:45,082][braindecode.eegneuralnet.EEGClassifier][INFO] - Passing additional parameters {'n_outputs': 2, 'n_times': 640, 'n_chans': 12} to module <class 'braindecode.models.eegnet.EEGNet'>.
[2026-08-31 00:09:57,403][braindecode.datautil.util][INFO] - Using array-like to find signal-related parameters.
[2026-08-31 00:09:57,403][braindecode.eegneuralnet.EEGClassifier][INFO] - Passing additional parameters {'n_outputs': 2, 'n_times': 640, 'n_chans': 12} to module <class 'braindecode.models.eegnet.EEGNet'>.
[2026-08-31 00:10:09,753][braindecode.datautil.util][INFO] - Using array-like to find signal-related parameters.
[2026-08-31 00:10:09,753][braindecode.eegneuralnet.EEGClassifier][INFO] - Passing additional parameters {'n_outputs': 2, 'n_times': 640, 'n_chans': 12} to module <class 'braindecode.models.eegnet.EEGNet'>.
[2026-08-31 00:10:22,014][braindecode.datautil.util][INFO] - Using array-like to find signal-related parameters.
[2026-08-31 00:10:22,014][braindecode.eegneuralnet.EEGClassifier][INFO] - Passing additional parameters {'n_outputs': 2, 'n_times': 640, 'n_chans': 12} to module <class 'braindecode.models.eegnet.EEGNet'>.
[2026-08-31 00:10:34,234][braindecode.datautil.util][INFO] - Using array-like to find signal-related parameters.
[2026-08-31 00:10:34,234][braindecode.eegneuralnet.EEGClassifier][INFO] - Passing additional parameters {'n_outputs': 2, 'n_times': 640, 'n_chans': 12} to module <class 'braindecode.models.eegnet.EEGNet'>.
[2026-08-31 00:10:46,559][braindecode.datautil.util][INFO] - Using array-like to find signal-related parameters.
[2026-08-31 00:10:46,559][braindecode.eegneuralnet.EEGClassifier][INFO] - Passing additional parameters {'n_outputs': 2, 'n_times': 640, 'n_chans': 12} to module <class 'braindecode.models.eegnet.EEGNet'>.
[2026-08-31 00:10:58,831][braindecode.datautil.util][INFO] - Using array-like to find signal-related parameters.
[2026-08-31 00:10:58,831][braindecode.eegneuralnet.EEGClassifier][INFO] - Passing additional parameters {'n_outputs': 2, 'n_times': 640, 'n_chans': 12} to module <class 'braindecode.models.eegnet.EEGNet'>.
[2026-08-31 00:11:11,083][braindecode.datautil.util][INFO] - Using array-like to find signal-related parameters.
[2026-08-31 00:11:11,084][braindecode.eegneuralnet.EEGClassifier][INFO] - Passing additional parameters {'n_outputs': 2, 'n_times': 640, 'n_chans': 12} to module <class 'braindecode.models.eegnet.EEGNet'>.
[2026-08-31 00:11:23,343][braindecode.datautil.util][INFO] - Using array-like to find signal-related parameters.
[2026-08-31 00:11:23,343][braindecode.eegneuralnet.EEGClassifier][INFO] - Passing additional parameters {'n_outputs': 2, 'n_times': 640, 'n_chans': 12} to module <class 'braindecode.models.eegnet.EEGNet'>.
[2026-08-31 00:11:35,521][__main__][INFO] - Completed adhoc: 1 result(s) under /work/python_project/results/scenario_decoder (2026-08-30 % 15-48-47)/eegnet/cross_task_from_sam40_stroop_arithmetic (mean balanced accuracy 0.668)
[2026-08-31 00:11:35,563][hydra.experimental.callbacks.LogJobReturnCallback][INFO] - Succeeded with return value: None
