[2026-09-01 11:41:18,883][preparation][INFO] - Preparation distinguishing: started for tasks attention (derivatives: /work/python_project/datasets/bids/distinguishing/derivatives/mne-bids-pipeline/attention).
[2026-09-01 11:41:26,761][preparation][INFO] - Preparation distinguishing: complete; cache reused (193 Pipeline cache hits); derivatives: /work/python_project/datasets/bids/distinguishing/derivatives/mne-bids-pipeline/attention; HTML report snapshot: disabled; full log: /work/python_project/results/scenario_decoder_maybe_new (2026-09-01 % 08-54-09)/eegconformer/cross_subject_distinguishing/_preparation/distinguishing.mne-bids-pipeline.log.
[2026-09-01 11:41:29,265][braindecode.datautil.util][INFO] - Using array-like to find signal-related parameters.
[2026-09-01 11:41:29,265][braindecode.eegneuralnet.EEGClassifier][INFO] - Overriding inferred parameters with user specified parametersdict_items([('n_filters_time', 16), ('num_layers', 2), ('num_heads', 4)]).
[2026-09-01 11:41:29,265][braindecode.eegneuralnet.EEGClassifier][INFO] - Passing additional parameters {'n_outputs': 2, 'n_times': 640, 'n_chans': 12} to module <class 'braindecode.models.eegconformer.EEGConformer'>.
[2026-09-01 11:43:14,163][braindecode.datautil.util][INFO] - Using array-like to find signal-related parameters.
[2026-09-01 11:43:14,164][braindecode.eegneuralnet.EEGClassifier][INFO] - Overriding inferred parameters with user specified parametersdict_items([('n_filters_time', 16), ('num_layers', 2), ('num_heads', 4)]).
[2026-09-01 11:43:14,164][braindecode.eegneuralnet.EEGClassifier][INFO] - Passing additional parameters {'n_outputs': 2, 'n_times': 640, 'n_chans': 12} to module <class 'braindecode.models.eegconformer.EEGConformer'>.
[2026-09-01 11:44:58,755][braindecode.datautil.util][INFO] - Using array-like to find signal-related parameters.
[2026-09-01 11:44:58,755][braindecode.eegneuralnet.EEGClassifier][INFO] - Overriding inferred parameters with user specified parametersdict_items([('n_filters_time', 16), ('num_layers', 2), ('num_heads', 4)]).
[2026-09-01 11:44:58,755][braindecode.eegneuralnet.EEGClassifier][INFO] - Passing additional parameters {'n_outputs': 2, 'n_times': 640, 'n_chans': 12} to module <class 'braindecode.models.eegconformer.EEGConformer'>.
[2026-09-01 11:46:14,847][braindecode.datautil.util][INFO] - Using array-like to find signal-related parameters.
[2026-09-01 11:46:14,847][braindecode.eegneuralnet.EEGClassifier][INFO] - Overriding inferred parameters with user specified parametersdict_items([('n_filters_time', 16), ('num_layers', 2), ('num_heads', 4)]).
[2026-09-01 11:46:14,847][braindecode.eegneuralnet.EEGClassifier][INFO] - Passing additional parameters {'n_outputs': 2, 'n_times': 640, 'n_chans': 12} to module <class 'braindecode.models.eegconformer.EEGConformer'>.
[2026-09-01 11:48:00,591][braindecode.datautil.util][INFO] - Using array-like to find signal-related parameters.
[2026-09-01 11:48:00,591][braindecode.eegneuralnet.EEGClassifier][INFO] - Overriding inferred parameters with user specified parametersdict_items([('n_filters_time', 16), ('num_layers', 2), ('num_heads', 4)]).
[2026-09-01 11:48:00,591][braindecode.eegneuralnet.EEGClassifier][INFO] - Passing additional parameters {'n_outputs': 2, 'n_times': 640, 'n_chans': 12} to module <class 'braindecode.models.eegconformer.EEGConformer'>.
[2026-09-01 11:49:52,200][__main__][INFO] - Cross-validation balanced accuracy by fold: train 0.809, 0.840, 0.806, 0.849, 0.817 (mean 0.824); test 0.550, 0.670, 0.755, 0.671, 0.636 (mean 0.656)
[2026-09-01 11:49:53,506][__main__][INFO] - Completed adhoc: 1 result(s) under /work/python_project/results/scenario_decoder_maybe_new (2026-09-01 % 08-54-09)/eegconformer/cross_subject_distinguishing (mean balanced accuracy 0.656)
[2026-09-01 11:49:53,522][hydra.experimental.callbacks.LogJobReturnCallback][INFO] - Succeeded with return value: None
