[2026-08-31 00:57:10,558][preparation][INFO] - Preparation sam40_stroop_mirror: started for tasks relax, stroop, mirror (derivatives: /work/python_project/datasets/bids/sam40/derivatives/mne-bids-pipeline/relax-stroop-mirror).
[2026-08-31 00:57:20,612][preparation][INFO] - Preparation sam40_stroop_mirror: complete; cache reused (1521 Pipeline cache hits); derivatives: /work/python_project/datasets/bids/sam40/derivatives/mne-bids-pipeline/relax-stroop-mirror; reports: /work/python_project/results/scenario_decoder (2026-08-30 % 15-48-47)/_preparation/sam40_stroop_mirror; full log: /work/python_project/results/scenario_decoder (2026-08-30 % 15-48-47)/shallownet/cross_task_from_sam40_stroop_mirror/_preparation/sam40_stroop_mirror.mne-bids-pipeline.log.
[2026-08-31 00:57:23,315][preparation][INFO] - Preparation sam40_arithmetic: started for tasks relax, arithmetic (derivatives: /work/python_project/datasets/bids/sam40/derivatives/mne-bids-pipeline/relax-arithmetic).
[2026-08-31 00:57:32,568][preparation][INFO] - Preparation sam40_arithmetic: complete; cache reused (1041 Pipeline cache hits); derivatives: /work/python_project/datasets/bids/sam40/derivatives/mne-bids-pipeline/relax-arithmetic; reports: /work/python_project/results/scenario_decoder (2026-08-30 % 15-48-47)/_preparation/sam40_arithmetic; full log: /work/python_project/results/scenario_decoder (2026-08-30 % 15-48-47)/shallownet/cross_task_from_sam40_stroop_mirror/_preparation/sam40_arithmetic.mne-bids-pipeline.log.
[2026-08-31 00:57:35,211][braindecode.datautil.util][INFO] - Using array-like to find signal-related parameters.
[2026-08-31 00:57:35,211][braindecode.eegneuralnet.EEGClassifier][INFO] - Passing additional parameters {'n_outputs': 2, 'n_times': 640, 'n_chans': 12} to module <class 'braindecode.models.shallow_fbcsp.ShallowFBCSPNet'>.
[2026-08-31 00:57:45,114][braindecode.datautil.util][INFO] - Using array-like to find signal-related parameters.
[2026-08-31 00:57:45,114][braindecode.eegneuralnet.EEGClassifier][INFO] - Passing additional parameters {'n_outputs': 2, 'n_times': 640, 'n_chans': 12} to module <class 'braindecode.models.shallow_fbcsp.ShallowFBCSPNet'>.
[2026-08-31 00:57:55,062][braindecode.datautil.util][INFO] - Using array-like to find signal-related parameters.
[2026-08-31 00:57:55,062][braindecode.eegneuralnet.EEGClassifier][INFO] - Passing additional parameters {'n_outputs': 2, 'n_times': 640, 'n_chans': 12} to module <class 'braindecode.models.shallow_fbcsp.ShallowFBCSPNet'>.
[2026-08-31 00:58:04,982][braindecode.datautil.util][INFO] - Using array-like to find signal-related parameters.
[2026-08-31 00:58:04,982][braindecode.eegneuralnet.EEGClassifier][INFO] - Passing additional parameters {'n_outputs': 2, 'n_times': 640, 'n_chans': 12} to module <class 'braindecode.models.shallow_fbcsp.ShallowFBCSPNet'>.
[2026-08-31 00:58:14,985][braindecode.datautil.util][INFO] - Using array-like to find signal-related parameters.
[2026-08-31 00:58:14,985][braindecode.eegneuralnet.EEGClassifier][INFO] - Passing additional parameters {'n_outputs': 2, 'n_times': 640, 'n_chans': 12} to module <class 'braindecode.models.shallow_fbcsp.ShallowFBCSPNet'>.
[2026-08-31 00:58:24,988][braindecode.datautil.util][INFO] - Using array-like to find signal-related parameters.
[2026-08-31 00:58:24,988][braindecode.eegneuralnet.EEGClassifier][INFO] - Passing additional parameters {'n_outputs': 2, 'n_times': 640, 'n_chans': 12} to module <class 'braindecode.models.shallow_fbcsp.ShallowFBCSPNet'>.
[2026-08-31 00:58:35,004][braindecode.datautil.util][INFO] - Using array-like to find signal-related parameters.
[2026-08-31 00:58:35,005][braindecode.eegneuralnet.EEGClassifier][INFO] - Passing additional parameters {'n_outputs': 2, 'n_times': 640, 'n_chans': 12} to module <class 'braindecode.models.shallow_fbcsp.ShallowFBCSPNet'>.
[2026-08-31 00:58:44,790][braindecode.datautil.util][INFO] - Using array-like to find signal-related parameters.
[2026-08-31 00:58:44,790][braindecode.eegneuralnet.EEGClassifier][INFO] - Passing additional parameters {'n_outputs': 2, 'n_times': 640, 'n_chans': 12} to module <class 'braindecode.models.shallow_fbcsp.ShallowFBCSPNet'>.
[2026-08-31 00:58:54,689][braindecode.datautil.util][INFO] - Using array-like to find signal-related parameters.
[2026-08-31 00:58:54,689][braindecode.eegneuralnet.EEGClassifier][INFO] - Passing additional parameters {'n_outputs': 2, 'n_times': 640, 'n_chans': 12} to module <class 'braindecode.models.shallow_fbcsp.ShallowFBCSPNet'>.
[2026-08-31 00:59:04,612][braindecode.datautil.util][INFO] - Using array-like to find signal-related parameters.
[2026-08-31 00:59:04,612][braindecode.eegneuralnet.EEGClassifier][INFO] - Passing additional parameters {'n_outputs': 2, 'n_times': 640, 'n_chans': 12} to module <class 'braindecode.models.shallow_fbcsp.ShallowFBCSPNet'>.
[2026-08-31 00:59:14,512][braindecode.datautil.util][INFO] - Using array-like to find signal-related parameters.
[2026-08-31 00:59:14,512][braindecode.eegneuralnet.EEGClassifier][INFO] - Passing additional parameters {'n_outputs': 2, 'n_times': 640, 'n_chans': 12} to module <class 'braindecode.models.shallow_fbcsp.ShallowFBCSPNet'>.
[2026-08-31 00:59:24,387][braindecode.datautil.util][INFO] - Using array-like to find signal-related parameters.
[2026-08-31 00:59:24,388][braindecode.eegneuralnet.EEGClassifier][INFO] - Passing additional parameters {'n_outputs': 2, 'n_times': 640, 'n_chans': 12} to module <class 'braindecode.models.shallow_fbcsp.ShallowFBCSPNet'>.
[2026-08-31 00:59:34,327][braindecode.datautil.util][INFO] - Using array-like to find signal-related parameters.
[2026-08-31 00:59:34,327][braindecode.eegneuralnet.EEGClassifier][INFO] - Passing additional parameters {'n_outputs': 2, 'n_times': 640, 'n_chans': 12} to module <class 'braindecode.models.shallow_fbcsp.ShallowFBCSPNet'>.
[2026-08-31 00:59:44,319][braindecode.datautil.util][INFO] - Using array-like to find signal-related parameters.
[2026-08-31 00:59:44,319][braindecode.eegneuralnet.EEGClassifier][INFO] - Passing additional parameters {'n_outputs': 2, 'n_times': 640, 'n_chans': 12} to module <class 'braindecode.models.shallow_fbcsp.ShallowFBCSPNet'>.
[2026-08-31 00:59:54,236][braindecode.datautil.util][INFO] - Using array-like to find signal-related parameters.
[2026-08-31 00:59:54,236][braindecode.eegneuralnet.EEGClassifier][INFO] - Passing additional parameters {'n_outputs': 2, 'n_times': 640, 'n_chans': 12} to module <class 'braindecode.models.shallow_fbcsp.ShallowFBCSPNet'>.
[2026-08-31 01:00:04,163][braindecode.datautil.util][INFO] - Using array-like to find signal-related parameters.
[2026-08-31 01:00:04,164][braindecode.eegneuralnet.EEGClassifier][INFO] - Passing additional parameters {'n_outputs': 2, 'n_times': 640, 'n_chans': 12} to module <class 'braindecode.models.shallow_fbcsp.ShallowFBCSPNet'>.
[2026-08-31 01:00:14,120][braindecode.datautil.util][INFO] - Using array-like to find signal-related parameters.
[2026-08-31 01:00:14,120][braindecode.eegneuralnet.EEGClassifier][INFO] - Passing additional parameters {'n_outputs': 2, 'n_times': 640, 'n_chans': 12} to module <class 'braindecode.models.shallow_fbcsp.ShallowFBCSPNet'>.
[2026-08-31 01:00:24,044][braindecode.datautil.util][INFO] - Using array-like to find signal-related parameters.
[2026-08-31 01:00:24,045][braindecode.eegneuralnet.EEGClassifier][INFO] - Passing additional parameters {'n_outputs': 2, 'n_times': 640, 'n_chans': 12} to module <class 'braindecode.models.shallow_fbcsp.ShallowFBCSPNet'>.
[2026-08-31 01:00:33,929][braindecode.datautil.util][INFO] - Using array-like to find signal-related parameters.
[2026-08-31 01:00:33,930][braindecode.eegneuralnet.EEGClassifier][INFO] - Passing additional parameters {'n_outputs': 2, 'n_times': 640, 'n_chans': 12} to module <class 'braindecode.models.shallow_fbcsp.ShallowFBCSPNet'>.
[2026-08-31 01:00:43,806][braindecode.datautil.util][INFO] - Using array-like to find signal-related parameters.
[2026-08-31 01:00:43,807][braindecode.eegneuralnet.EEGClassifier][INFO] - Passing additional parameters {'n_outputs': 2, 'n_times': 640, 'n_chans': 12} to module <class 'braindecode.models.shallow_fbcsp.ShallowFBCSPNet'>.
[2026-08-31 01:00:53,660][braindecode.datautil.util][INFO] - Using array-like to find signal-related parameters.
[2026-08-31 01:00:53,660][braindecode.eegneuralnet.EEGClassifier][INFO] - Passing additional parameters {'n_outputs': 2, 'n_times': 640, 'n_chans': 12} to module <class 'braindecode.models.shallow_fbcsp.ShallowFBCSPNet'>.
[2026-08-31 01:01:03,565][braindecode.datautil.util][INFO] - Using array-like to find signal-related parameters.
[2026-08-31 01:01:03,566][braindecode.eegneuralnet.EEGClassifier][INFO] - Passing additional parameters {'n_outputs': 2, 'n_times': 640, 'n_chans': 12} to module <class 'braindecode.models.shallow_fbcsp.ShallowFBCSPNet'>.
[2026-08-31 01:01:13,431][braindecode.datautil.util][INFO] - Using array-like to find signal-related parameters.
[2026-08-31 01:01:13,432][braindecode.eegneuralnet.EEGClassifier][INFO] - Passing additional parameters {'n_outputs': 2, 'n_times': 640, 'n_chans': 12} to module <class 'braindecode.models.shallow_fbcsp.ShallowFBCSPNet'>.
[2026-08-31 01:01:23,229][braindecode.datautil.util][INFO] - Using array-like to find signal-related parameters.
[2026-08-31 01:01:23,229][braindecode.eegneuralnet.EEGClassifier][INFO] - Passing additional parameters {'n_outputs': 2, 'n_times': 640, 'n_chans': 12} to module <class 'braindecode.models.shallow_fbcsp.ShallowFBCSPNet'>.
[2026-08-31 01:01:33,091][braindecode.datautil.util][INFO] - Using array-like to find signal-related parameters.
[2026-08-31 01:01:33,091][braindecode.eegneuralnet.EEGClassifier][INFO] - Passing additional parameters {'n_outputs': 2, 'n_times': 640, 'n_chans': 12} to module <class 'braindecode.models.shallow_fbcsp.ShallowFBCSPNet'>.
[2026-08-31 01:01:42,905][braindecode.datautil.util][INFO] - Using array-like to find signal-related parameters.
[2026-08-31 01:01:42,906][braindecode.eegneuralnet.EEGClassifier][INFO] - Passing additional parameters {'n_outputs': 2, 'n_times': 640, 'n_chans': 12} to module <class 'braindecode.models.shallow_fbcsp.ShallowFBCSPNet'>.
[2026-08-31 01:01:52,782][braindecode.datautil.util][INFO] - Using array-like to find signal-related parameters.
[2026-08-31 01:01:52,782][braindecode.eegneuralnet.EEGClassifier][INFO] - Passing additional parameters {'n_outputs': 2, 'n_times': 640, 'n_chans': 12} to module <class 'braindecode.models.shallow_fbcsp.ShallowFBCSPNet'>.
[2026-08-31 01:02:02,616][braindecode.datautil.util][INFO] - Using array-like to find signal-related parameters.
[2026-08-31 01:02:02,616][braindecode.eegneuralnet.EEGClassifier][INFO] - Passing additional parameters {'n_outputs': 2, 'n_times': 640, 'n_chans': 12} to module <class 'braindecode.models.shallow_fbcsp.ShallowFBCSPNet'>.
[2026-08-31 01:02:12,433][braindecode.datautil.util][INFO] - Using array-like to find signal-related parameters.
[2026-08-31 01:02:12,433][braindecode.eegneuralnet.EEGClassifier][INFO] - Passing additional parameters {'n_outputs': 2, 'n_times': 640, 'n_chans': 12} to module <class 'braindecode.models.shallow_fbcsp.ShallowFBCSPNet'>.
[2026-08-31 01:02:22,326][braindecode.datautil.util][INFO] - Using array-like to find signal-related parameters.
[2026-08-31 01:02:22,327][braindecode.eegneuralnet.EEGClassifier][INFO] - Passing additional parameters {'n_outputs': 2, 'n_times': 640, 'n_chans': 12} to module <class 'braindecode.models.shallow_fbcsp.ShallowFBCSPNet'>.
[2026-08-31 01:02:32,217][braindecode.datautil.util][INFO] - Using array-like to find signal-related parameters.
[2026-08-31 01:02:32,218][braindecode.eegneuralnet.EEGClassifier][INFO] - Passing additional parameters {'n_outputs': 2, 'n_times': 640, 'n_chans': 12} to module <class 'braindecode.models.shallow_fbcsp.ShallowFBCSPNet'>.
[2026-08-31 01:02:42,021][braindecode.datautil.util][INFO] - Using array-like to find signal-related parameters.
[2026-08-31 01:02:42,021][braindecode.eegneuralnet.EEGClassifier][INFO] - Passing additional parameters {'n_outputs': 2, 'n_times': 640, 'n_chans': 12} to module <class 'braindecode.models.shallow_fbcsp.ShallowFBCSPNet'>.
[2026-08-31 01:02:51,780][braindecode.datautil.util][INFO] - Using array-like to find signal-related parameters.
[2026-08-31 01:02:51,781][braindecode.eegneuralnet.EEGClassifier][INFO] - Passing additional parameters {'n_outputs': 2, 'n_times': 640, 'n_chans': 12} to module <class 'braindecode.models.shallow_fbcsp.ShallowFBCSPNet'>.
[2026-08-31 01:03:01,589][braindecode.datautil.util][INFO] - Using array-like to find signal-related parameters.
[2026-08-31 01:03:01,589][braindecode.eegneuralnet.EEGClassifier][INFO] - Passing additional parameters {'n_outputs': 2, 'n_times': 640, 'n_chans': 12} to module <class 'braindecode.models.shallow_fbcsp.ShallowFBCSPNet'>.
[2026-08-31 01:03:11,437][braindecode.datautil.util][INFO] - Using array-like to find signal-related parameters.
[2026-08-31 01:03:11,437][braindecode.eegneuralnet.EEGClassifier][INFO] - Passing additional parameters {'n_outputs': 2, 'n_times': 640, 'n_chans': 12} to module <class 'braindecode.models.shallow_fbcsp.ShallowFBCSPNet'>.
[2026-08-31 01:03:21,272][braindecode.datautil.util][INFO] - Using array-like to find signal-related parameters.
[2026-08-31 01:03:21,273][braindecode.eegneuralnet.EEGClassifier][INFO] - Passing additional parameters {'n_outputs': 2, 'n_times': 640, 'n_chans': 12} to module <class 'braindecode.models.shallow_fbcsp.ShallowFBCSPNet'>.
[2026-08-31 01:03:31,166][braindecode.datautil.util][INFO] - Using array-like to find signal-related parameters.
[2026-08-31 01:03:31,166][braindecode.eegneuralnet.EEGClassifier][INFO] - Passing additional parameters {'n_outputs': 2, 'n_times': 640, 'n_chans': 12} to module <class 'braindecode.models.shallow_fbcsp.ShallowFBCSPNet'>.
[2026-08-31 01:03:40,994][braindecode.datautil.util][INFO] - Using array-like to find signal-related parameters.
[2026-08-31 01:03:40,994][braindecode.eegneuralnet.EEGClassifier][INFO] - Passing additional parameters {'n_outputs': 2, 'n_times': 640, 'n_chans': 12} to module <class 'braindecode.models.shallow_fbcsp.ShallowFBCSPNet'>.
[2026-08-31 01:03:50,836][braindecode.datautil.util][INFO] - Using array-like to find signal-related parameters.
[2026-08-31 01:03:50,836][braindecode.eegneuralnet.EEGClassifier][INFO] - Passing additional parameters {'n_outputs': 2, 'n_times': 640, 'n_chans': 12} to module <class 'braindecode.models.shallow_fbcsp.ShallowFBCSPNet'>.
[2026-08-31 01:04:00,675][braindecode.datautil.util][INFO] - Using array-like to find signal-related parameters.
[2026-08-31 01:04:00,676][braindecode.eegneuralnet.EEGClassifier][INFO] - Passing additional parameters {'n_outputs': 2, 'n_times': 640, 'n_chans': 12} to module <class 'braindecode.models.shallow_fbcsp.ShallowFBCSPNet'>.
[2026-08-31 01:04:10,574][__main__][INFO] - Completed adhoc: 1 result(s) under /work/python_project/results/scenario_decoder (2026-08-30 % 15-48-47)/shallownet/cross_task_from_sam40_stroop_mirror (mean balanced accuracy 0.670)
[2026-08-31 01:04:10,615][hydra.experimental.callbacks.LogJobReturnCallback][INFO] - Succeeded with return value: None
