[2026-08-30 22:44:18,889][preparation][INFO] - Preparation sam40_mirror: started for tasks relax, mirror (derivatives: /work/python_project/datasets/bids/sam40/derivatives/mne-bids-pipeline/relax-mirror).
[2026-08-30 22:44:28,114][preparation][INFO] - Preparation sam40_mirror: complete; cache reused (1041 Pipeline cache hits); derivatives: /work/python_project/datasets/bids/sam40/derivatives/mne-bids-pipeline/relax-mirror; reports: /work/python_project/results/scenario_decoder (2026-08-30 % 15-48-47)/_preparation/sam40_mirror; full log: /work/python_project/results/scenario_decoder (2026-08-30 % 15-48-47)/eegnet/cross_task_from_sam40_mirror/_preparation/sam40_mirror.mne-bids-pipeline.log.
[2026-08-30 22:44:29,865][preparation][INFO] - Preparation sam40_arithmetic: started for tasks relax, arithmetic (derivatives: /work/python_project/datasets/bids/sam40/derivatives/mne-bids-pipeline/relax-arithmetic).
[2026-08-30 22:44:39,016][preparation][INFO] - Preparation sam40_arithmetic: complete; cache reused (1041 Pipeline cache hits); derivatives: /work/python_project/datasets/bids/sam40/derivatives/mne-bids-pipeline/relax-arithmetic; reports: /work/python_project/results/scenario_decoder (2026-08-30 % 15-48-47)/_preparation/sam40_arithmetic; full log: /work/python_project/results/scenario_decoder (2026-08-30 % 15-48-47)/eegnet/cross_task_from_sam40_mirror/_preparation/sam40_arithmetic.mne-bids-pipeline.log.
[2026-08-30 22:44:40,779][preparation][INFO] - Preparation sam40_stroop: started for tasks relax, stroop (derivatives: /work/python_project/datasets/bids/sam40/derivatives/mne-bids-pipeline/relax-stroop).
[2026-08-30 22:44:49,885][preparation][INFO] - Preparation sam40_stroop: complete; cache reused (1041 Pipeline cache hits); derivatives: /work/python_project/datasets/bids/sam40/derivatives/mne-bids-pipeline/relax-stroop; reports: /work/python_project/results/scenario_decoder (2026-08-30 % 15-48-47)/_preparation/sam40_stroop; full log: /work/python_project/results/scenario_decoder (2026-08-30 % 15-48-47)/eegnet/cross_task_from_sam40_mirror/_preparation/sam40_stroop.mne-bids-pipeline.log.
[2026-08-30 22:44:52,051][preparation][INFO] - Preparation sam40_stroop_arithmetic: started for tasks relax, stroop, arithmetic (derivatives: /work/python_project/datasets/bids/sam40/derivatives/mne-bids-pipeline/relax-stroop-arithmetic).
[2026-08-30 22:45:01,925][preparation][INFO] - Preparation sam40_stroop_arithmetic: complete; cache reused (1521 Pipeline cache hits); derivatives: /work/python_project/datasets/bids/sam40/derivatives/mne-bids-pipeline/relax-stroop-arithmetic; reports: /work/python_project/results/scenario_decoder (2026-08-30 % 15-48-47)/_preparation/sam40_stroop_arithmetic; full log: /work/python_project/results/scenario_decoder (2026-08-30 % 15-48-47)/eegnet/cross_task_from_sam40_mirror/_preparation/sam40_stroop_arithmetic.mne-bids-pipeline.log.
[2026-08-30 22:45:04,936][braindecode.datautil.util][INFO] - Using array-like to find signal-related parameters.
[2026-08-30 22:45:04,937][braindecode.eegneuralnet.EEGClassifier][INFO] - Passing additional parameters {'n_outputs': 2, 'n_times': 640, 'n_chans': 12} to module <class 'braindecode.models.eegnet.EEGNet'>.
[2026-08-30 22:45:13,349][braindecode.datautil.util][INFO] - Using array-like to find signal-related parameters.
[2026-08-30 22:45:13,349][braindecode.eegneuralnet.EEGClassifier][INFO] - Passing additional parameters {'n_outputs': 2, 'n_times': 640, 'n_chans': 12} to module <class 'braindecode.models.eegnet.EEGNet'>.
[2026-08-30 22:45:21,620][braindecode.datautil.util][INFO] - Using array-like to find signal-related parameters.
[2026-08-30 22:45:21,620][braindecode.eegneuralnet.EEGClassifier][INFO] - Passing additional parameters {'n_outputs': 2, 'n_times': 640, 'n_chans': 12} to module <class 'braindecode.models.eegnet.EEGNet'>.
[2026-08-30 22:45:30,018][braindecode.datautil.util][INFO] - Using array-like to find signal-related parameters.
[2026-08-30 22:45:30,018][braindecode.eegneuralnet.EEGClassifier][INFO] - Passing additional parameters {'n_outputs': 2, 'n_times': 640, 'n_chans': 12} to module <class 'braindecode.models.eegnet.EEGNet'>.
[2026-08-30 22:45:38,402][braindecode.datautil.util][INFO] - Using array-like to find signal-related parameters.
[2026-08-30 22:45:38,402][braindecode.eegneuralnet.EEGClassifier][INFO] - Passing additional parameters {'n_outputs': 2, 'n_times': 640, 'n_chans': 12} to module <class 'braindecode.models.eegnet.EEGNet'>.
[2026-08-30 22:45:46,700][braindecode.datautil.util][INFO] - Using array-like to find signal-related parameters.
[2026-08-30 22:45:46,700][braindecode.eegneuralnet.EEGClassifier][INFO] - Passing additional parameters {'n_outputs': 2, 'n_times': 640, 'n_chans': 12} to module <class 'braindecode.models.eegnet.EEGNet'>.
[2026-08-30 22:45:55,030][braindecode.datautil.util][INFO] - Using array-like to find signal-related parameters.
[2026-08-30 22:45:55,030][braindecode.eegneuralnet.EEGClassifier][INFO] - Passing additional parameters {'n_outputs': 2, 'n_times': 640, 'n_chans': 12} to module <class 'braindecode.models.eegnet.EEGNet'>.
[2026-08-30 22:46:03,451][braindecode.datautil.util][INFO] - Using array-like to find signal-related parameters.
[2026-08-30 22:46:03,451][braindecode.eegneuralnet.EEGClassifier][INFO] - Passing additional parameters {'n_outputs': 2, 'n_times': 640, 'n_chans': 12} to module <class 'braindecode.models.eegnet.EEGNet'>.
[2026-08-30 22:46:11,774][braindecode.datautil.util][INFO] - Using array-like to find signal-related parameters.
[2026-08-30 22:46:11,774][braindecode.eegneuralnet.EEGClassifier][INFO] - Passing additional parameters {'n_outputs': 2, 'n_times': 640, 'n_chans': 12} to module <class 'braindecode.models.eegnet.EEGNet'>.
[2026-08-30 22:46:20,220][braindecode.datautil.util][INFO] - Using array-like to find signal-related parameters.
[2026-08-30 22:46:20,220][braindecode.eegneuralnet.EEGClassifier][INFO] - Passing additional parameters {'n_outputs': 2, 'n_times': 640, 'n_chans': 12} to module <class 'braindecode.models.eegnet.EEGNet'>.
[2026-08-30 22:46:28,589][braindecode.datautil.util][INFO] - Using array-like to find signal-related parameters.
[2026-08-30 22:46:28,589][braindecode.eegneuralnet.EEGClassifier][INFO] - Passing additional parameters {'n_outputs': 2, 'n_times': 640, 'n_chans': 12} to module <class 'braindecode.models.eegnet.EEGNet'>.
[2026-08-30 22:46:36,970][braindecode.datautil.util][INFO] - Using array-like to find signal-related parameters.
[2026-08-30 22:46:36,970][braindecode.eegneuralnet.EEGClassifier][INFO] - Passing additional parameters {'n_outputs': 2, 'n_times': 640, 'n_chans': 12} to module <class 'braindecode.models.eegnet.EEGNet'>.
[2026-08-30 22:46:45,378][braindecode.datautil.util][INFO] - Using array-like to find signal-related parameters.
[2026-08-30 22:46:45,379][braindecode.eegneuralnet.EEGClassifier][INFO] - Passing additional parameters {'n_outputs': 2, 'n_times': 640, 'n_chans': 12} to module <class 'braindecode.models.eegnet.EEGNet'>.
[2026-08-30 22:46:53,787][braindecode.datautil.util][INFO] - Using array-like to find signal-related parameters.
[2026-08-30 22:46:53,787][braindecode.eegneuralnet.EEGClassifier][INFO] - Passing additional parameters {'n_outputs': 2, 'n_times': 640, 'n_chans': 12} to module <class 'braindecode.models.eegnet.EEGNet'>.
[2026-08-30 22:47:02,186][braindecode.datautil.util][INFO] - Using array-like to find signal-related parameters.
[2026-08-30 22:47:02,186][braindecode.eegneuralnet.EEGClassifier][INFO] - Passing additional parameters {'n_outputs': 2, 'n_times': 640, 'n_chans': 12} to module <class 'braindecode.models.eegnet.EEGNet'>.
[2026-08-30 22:47:10,613][braindecode.datautil.util][INFO] - Using array-like to find signal-related parameters.
[2026-08-30 22:47:10,613][braindecode.eegneuralnet.EEGClassifier][INFO] - Passing additional parameters {'n_outputs': 2, 'n_times': 640, 'n_chans': 12} to module <class 'braindecode.models.eegnet.EEGNet'>.
[2026-08-30 22:47:18,981][braindecode.datautil.util][INFO] - Using array-like to find signal-related parameters.
[2026-08-30 22:47:18,982][braindecode.eegneuralnet.EEGClassifier][INFO] - Passing additional parameters {'n_outputs': 2, 'n_times': 640, 'n_chans': 12} to module <class 'braindecode.models.eegnet.EEGNet'>.
[2026-08-30 22:47:27,354][braindecode.datautil.util][INFO] - Using array-like to find signal-related parameters.
[2026-08-30 22:47:27,354][braindecode.eegneuralnet.EEGClassifier][INFO] - Passing additional parameters {'n_outputs': 2, 'n_times': 640, 'n_chans': 12} to module <class 'braindecode.models.eegnet.EEGNet'>.
[2026-08-30 22:47:35,678][braindecode.datautil.util][INFO] - Using array-like to find signal-related parameters.
[2026-08-30 22:47:35,679][braindecode.eegneuralnet.EEGClassifier][INFO] - Passing additional parameters {'n_outputs': 2, 'n_times': 640, 'n_chans': 12} to module <class 'braindecode.models.eegnet.EEGNet'>.
[2026-08-30 22:47:43,861][braindecode.datautil.util][INFO] - Using array-like to find signal-related parameters.
[2026-08-30 22:47:43,861][braindecode.eegneuralnet.EEGClassifier][INFO] - Passing additional parameters {'n_outputs': 2, 'n_times': 640, 'n_chans': 12} to module <class 'braindecode.models.eegnet.EEGNet'>.
[2026-08-30 22:47:52,275][braindecode.datautil.util][INFO] - Using array-like to find signal-related parameters.
[2026-08-30 22:47:52,275][braindecode.eegneuralnet.EEGClassifier][INFO] - Passing additional parameters {'n_outputs': 2, 'n_times': 640, 'n_chans': 12} to module <class 'braindecode.models.eegnet.EEGNet'>.
[2026-08-30 22:48:00,671][braindecode.datautil.util][INFO] - Using array-like to find signal-related parameters.
[2026-08-30 22:48:00,671][braindecode.eegneuralnet.EEGClassifier][INFO] - Passing additional parameters {'n_outputs': 2, 'n_times': 640, 'n_chans': 12} to module <class 'braindecode.models.eegnet.EEGNet'>.
[2026-08-30 22:48:09,012][braindecode.datautil.util][INFO] - Using array-like to find signal-related parameters.
[2026-08-30 22:48:09,013][braindecode.eegneuralnet.EEGClassifier][INFO] - Passing additional parameters {'n_outputs': 2, 'n_times': 640, 'n_chans': 12} to module <class 'braindecode.models.eegnet.EEGNet'>.
[2026-08-30 22:48:17,329][braindecode.datautil.util][INFO] - Using array-like to find signal-related parameters.
[2026-08-30 22:48:17,330][braindecode.eegneuralnet.EEGClassifier][INFO] - Passing additional parameters {'n_outputs': 2, 'n_times': 640, 'n_chans': 12} to module <class 'braindecode.models.eegnet.EEGNet'>.
[2026-08-30 22:48:25,617][braindecode.datautil.util][INFO] - Using array-like to find signal-related parameters.
[2026-08-30 22:48:25,618][braindecode.eegneuralnet.EEGClassifier][INFO] - Passing additional parameters {'n_outputs': 2, 'n_times': 640, 'n_chans': 12} to module <class 'braindecode.models.eegnet.EEGNet'>.
[2026-08-30 22:48:33,876][braindecode.datautil.util][INFO] - Using array-like to find signal-related parameters.
[2026-08-30 22:48:33,877][braindecode.eegneuralnet.EEGClassifier][INFO] - Passing additional parameters {'n_outputs': 2, 'n_times': 640, 'n_chans': 12} to module <class 'braindecode.models.eegnet.EEGNet'>.
[2026-08-30 22:48:42,167][braindecode.datautil.util][INFO] - Using array-like to find signal-related parameters.
[2026-08-30 22:48:42,167][braindecode.eegneuralnet.EEGClassifier][INFO] - Passing additional parameters {'n_outputs': 2, 'n_times': 640, 'n_chans': 12} to module <class 'braindecode.models.eegnet.EEGNet'>.
[2026-08-30 22:48:50,472][braindecode.datautil.util][INFO] - Using array-like to find signal-related parameters.
[2026-08-30 22:48:50,473][braindecode.eegneuralnet.EEGClassifier][INFO] - Passing additional parameters {'n_outputs': 2, 'n_times': 640, 'n_chans': 12} to module <class 'braindecode.models.eegnet.EEGNet'>.
[2026-08-30 22:48:58,773][braindecode.datautil.util][INFO] - Using array-like to find signal-related parameters.
[2026-08-30 22:48:58,773][braindecode.eegneuralnet.EEGClassifier][INFO] - Passing additional parameters {'n_outputs': 2, 'n_times': 640, 'n_chans': 12} to module <class 'braindecode.models.eegnet.EEGNet'>.
[2026-08-30 22:49:07,079][braindecode.datautil.util][INFO] - Using array-like to find signal-related parameters.
[2026-08-30 22:49:07,080][braindecode.eegneuralnet.EEGClassifier][INFO] - Passing additional parameters {'n_outputs': 2, 'n_times': 640, 'n_chans': 12} to module <class 'braindecode.models.eegnet.EEGNet'>.
[2026-08-30 22:49:15,342][braindecode.datautil.util][INFO] - Using array-like to find signal-related parameters.
[2026-08-30 22:49:15,342][braindecode.eegneuralnet.EEGClassifier][INFO] - Passing additional parameters {'n_outputs': 2, 'n_times': 640, 'n_chans': 12} to module <class 'braindecode.models.eegnet.EEGNet'>.
[2026-08-30 22:49:23,748][braindecode.datautil.util][INFO] - Using array-like to find signal-related parameters.
[2026-08-30 22:49:23,748][braindecode.eegneuralnet.EEGClassifier][INFO] - Passing additional parameters {'n_outputs': 2, 'n_times': 640, 'n_chans': 12} to module <class 'braindecode.models.eegnet.EEGNet'>.
[2026-08-30 22:49:32,130][braindecode.datautil.util][INFO] - Using array-like to find signal-related parameters.
[2026-08-30 22:49:32,130][braindecode.eegneuralnet.EEGClassifier][INFO] - Passing additional parameters {'n_outputs': 2, 'n_times': 640, 'n_chans': 12} to module <class 'braindecode.models.eegnet.EEGNet'>.
[2026-08-30 22:49:40,637][braindecode.datautil.util][INFO] - Using array-like to find signal-related parameters.
[2026-08-30 22:49:40,638][braindecode.eegneuralnet.EEGClassifier][INFO] - Passing additional parameters {'n_outputs': 2, 'n_times': 640, 'n_chans': 12} to module <class 'braindecode.models.eegnet.EEGNet'>.
[2026-08-30 22:49:49,166][braindecode.datautil.util][INFO] - Using array-like to find signal-related parameters.
[2026-08-30 22:49:49,166][braindecode.eegneuralnet.EEGClassifier][INFO] - Passing additional parameters {'n_outputs': 2, 'n_times': 640, 'n_chans': 12} to module <class 'braindecode.models.eegnet.EEGNet'>.
[2026-08-30 22:49:57,615][braindecode.datautil.util][INFO] - Using array-like to find signal-related parameters.
[2026-08-30 22:49:57,616][braindecode.eegneuralnet.EEGClassifier][INFO] - Passing additional parameters {'n_outputs': 2, 'n_times': 640, 'n_chans': 12} to module <class 'braindecode.models.eegnet.EEGNet'>.
[2026-08-30 22:50:05,895][braindecode.datautil.util][INFO] - Using array-like to find signal-related parameters.
[2026-08-30 22:50:05,895][braindecode.eegneuralnet.EEGClassifier][INFO] - Passing additional parameters {'n_outputs': 2, 'n_times': 640, 'n_chans': 12} to module <class 'braindecode.models.eegnet.EEGNet'>.
[2026-08-30 22:50:14,319][braindecode.datautil.util][INFO] - Using array-like to find signal-related parameters.
[2026-08-30 22:50:14,319][braindecode.eegneuralnet.EEGClassifier][INFO] - Passing additional parameters {'n_outputs': 2, 'n_times': 640, 'n_chans': 12} to module <class 'braindecode.models.eegnet.EEGNet'>.
[2026-08-30 22:50:22,668][braindecode.datautil.util][INFO] - Using array-like to find signal-related parameters.
[2026-08-30 22:50:22,669][braindecode.eegneuralnet.EEGClassifier][INFO] - Passing additional parameters {'n_outputs': 2, 'n_times': 640, 'n_chans': 12} to module <class 'braindecode.models.eegnet.EEGNet'>.
[2026-08-30 22:50:30,978][braindecode.datautil.util][INFO] - Using array-like to find signal-related parameters.
[2026-08-30 22:50:30,979][braindecode.eegneuralnet.EEGClassifier][INFO] - Passing additional parameters {'n_outputs': 2, 'n_times': 640, 'n_chans': 12} to module <class 'braindecode.models.eegnet.EEGNet'>.
[2026-08-30 22:50:39,905][__main__][INFO] - Completed adhoc: 3 result(s) under /work/python_project/results/scenario_decoder (2026-08-30 % 15-48-47)/eegnet/cross_task_from_sam40_mirror (mean balanced accuracy 0.617)
[2026-08-30 22:50:39,941][hydra.experimental.callbacks.LogJobReturnCallback][INFO] - Succeeded with return value: None
