[2026-08-30 21:24:47,662][preparation][INFO] - Preparation sam40_arithmetic: started for tasks relax, arithmetic (derivatives: /work/python_project/datasets/bids/sam40/derivatives/mne-bids-pipeline/relax-arithmetic).
[2026-08-30 21:24:56,764][preparation][INFO] - Preparation sam40_arithmetic: complete; cache reused (1041 Pipeline cache hits); derivatives: /work/python_project/datasets/bids/sam40/derivatives/mne-bids-pipeline/relax-arithmetic; reports: /work/python_project/results/scenario_decoder (2026-08-30 % 15-48-47)/_preparation/sam40_arithmetic; full log: /work/python_project/results/scenario_decoder (2026-08-30 % 15-48-47)/eegnet/cross_task_from_sam40_arithmetic/_preparation/sam40_arithmetic.mne-bids-pipeline.log.
[2026-08-30 21:24:58,500][preparation][INFO] - Preparation sam40_mirror: started for tasks relax, mirror (derivatives: /work/python_project/datasets/bids/sam40/derivatives/mne-bids-pipeline/relax-mirror).
[2026-08-30 21:25:07,775][preparation][INFO] - Preparation sam40_mirror: complete; cache reused (1041 Pipeline cache hits); derivatives: /work/python_project/datasets/bids/sam40/derivatives/mne-bids-pipeline/relax-mirror; reports: /work/python_project/results/scenario_decoder (2026-08-30 % 15-48-47)/_preparation/sam40_mirror; full log: /work/python_project/results/scenario_decoder (2026-08-30 % 15-48-47)/eegnet/cross_task_from_sam40_arithmetic/_preparation/sam40_mirror.mne-bids-pipeline.log.
[2026-08-30 21:25:09,514][preparation][INFO] - Preparation sam40_stroop: started for tasks relax, stroop (derivatives: /work/python_project/datasets/bids/sam40/derivatives/mne-bids-pipeline/relax-stroop).
[2026-08-30 21:25:18,720][preparation][INFO] - Preparation sam40_stroop: complete; cache reused (1041 Pipeline cache hits); derivatives: /work/python_project/datasets/bids/sam40/derivatives/mne-bids-pipeline/relax-stroop; reports: /work/python_project/results/scenario_decoder (2026-08-30 % 15-48-47)/_preparation/sam40_stroop; full log: /work/python_project/results/scenario_decoder (2026-08-30 % 15-48-47)/eegnet/cross_task_from_sam40_arithmetic/_preparation/sam40_stroop.mne-bids-pipeline.log.
[2026-08-30 21:25:20,898][preparation][INFO] - Preparation sam40_stroop_mirror: started for tasks relax, stroop, mirror (derivatives: /work/python_project/datasets/bids/sam40/derivatives/mne-bids-pipeline/relax-stroop-mirror).
[2026-08-30 21:25:30,745][preparation][INFO] - Preparation sam40_stroop_mirror: complete; cache reused (1521 Pipeline cache hits); derivatives: /work/python_project/datasets/bids/sam40/derivatives/mne-bids-pipeline/relax-stroop-mirror; reports: /work/python_project/results/scenario_decoder (2026-08-30 % 15-48-47)/_preparation/sam40_stroop_mirror; full log: /work/python_project/results/scenario_decoder (2026-08-30 % 15-48-47)/eegnet/cross_task_from_sam40_arithmetic/_preparation/sam40_stroop_mirror.mne-bids-pipeline.log.
[2026-08-30 21:25:33,769][braindecode.datautil.util][INFO] - Using array-like to find signal-related parameters.
[2026-08-30 21:25:33,769][braindecode.eegneuralnet.EEGClassifier][INFO] - Passing additional parameters {'n_outputs': 2, 'n_times': 640, 'n_chans': 12} to module <class 'braindecode.models.eegnet.EEGNet'>.
[2026-08-30 21:25:42,593][braindecode.datautil.util][INFO] - Using array-like to find signal-related parameters.
[2026-08-30 21:25:42,593][braindecode.eegneuralnet.EEGClassifier][INFO] - Passing additional parameters {'n_outputs': 2, 'n_times': 640, 'n_chans': 12} to module <class 'braindecode.models.eegnet.EEGNet'>.
[2026-08-30 21:25:51,135][braindecode.datautil.util][INFO] - Using array-like to find signal-related parameters.
[2026-08-30 21:25:51,135][braindecode.eegneuralnet.EEGClassifier][INFO] - Passing additional parameters {'n_outputs': 2, 'n_times': 640, 'n_chans': 12} to module <class 'braindecode.models.eegnet.EEGNet'>.
[2026-08-30 21:25:59,557][braindecode.datautil.util][INFO] - Using array-like to find signal-related parameters.
[2026-08-30 21:25:59,557][braindecode.eegneuralnet.EEGClassifier][INFO] - Passing additional parameters {'n_outputs': 2, 'n_times': 640, 'n_chans': 12} to module <class 'braindecode.models.eegnet.EEGNet'>.
[2026-08-30 21:26:08,042][braindecode.datautil.util][INFO] - Using array-like to find signal-related parameters.
[2026-08-30 21:26:08,043][braindecode.eegneuralnet.EEGClassifier][INFO] - Passing additional parameters {'n_outputs': 2, 'n_times': 640, 'n_chans': 12} to module <class 'braindecode.models.eegnet.EEGNet'>.
[2026-08-30 21:26:16,491][braindecode.datautil.util][INFO] - Using array-like to find signal-related parameters.
[2026-08-30 21:26:16,491][braindecode.eegneuralnet.EEGClassifier][INFO] - Passing additional parameters {'n_outputs': 2, 'n_times': 640, 'n_chans': 12} to module <class 'braindecode.models.eegnet.EEGNet'>.
[2026-08-30 21:26:24,910][braindecode.datautil.util][INFO] - Using array-like to find signal-related parameters.
[2026-08-30 21:26:24,910][braindecode.eegneuralnet.EEGClassifier][INFO] - Passing additional parameters {'n_outputs': 2, 'n_times': 640, 'n_chans': 12} to module <class 'braindecode.models.eegnet.EEGNet'>.
[2026-08-30 21:26:33,303][braindecode.datautil.util][INFO] - Using array-like to find signal-related parameters.
[2026-08-30 21:26:33,304][braindecode.eegneuralnet.EEGClassifier][INFO] - Passing additional parameters {'n_outputs': 2, 'n_times': 640, 'n_chans': 12} to module <class 'braindecode.models.eegnet.EEGNet'>.
[2026-08-30 21:26:41,763][braindecode.datautil.util][INFO] - Using array-like to find signal-related parameters.
[2026-08-30 21:26:41,764][braindecode.eegneuralnet.EEGClassifier][INFO] - Passing additional parameters {'n_outputs': 2, 'n_times': 640, 'n_chans': 12} to module <class 'braindecode.models.eegnet.EEGNet'>.
[2026-08-30 21:26:50,223][braindecode.datautil.util][INFO] - Using array-like to find signal-related parameters.
[2026-08-30 21:26:50,223][braindecode.eegneuralnet.EEGClassifier][INFO] - Passing additional parameters {'n_outputs': 2, 'n_times': 640, 'n_chans': 12} to module <class 'braindecode.models.eegnet.EEGNet'>.
[2026-08-30 21:26:58,660][braindecode.datautil.util][INFO] - Using array-like to find signal-related parameters.
[2026-08-30 21:26:58,660][braindecode.eegneuralnet.EEGClassifier][INFO] - Passing additional parameters {'n_outputs': 2, 'n_times': 640, 'n_chans': 12} to module <class 'braindecode.models.eegnet.EEGNet'>.
[2026-08-30 21:27:07,086][braindecode.datautil.util][INFO] - Using array-like to find signal-related parameters.
[2026-08-30 21:27:07,086][braindecode.eegneuralnet.EEGClassifier][INFO] - Passing additional parameters {'n_outputs': 2, 'n_times': 640, 'n_chans': 12} to module <class 'braindecode.models.eegnet.EEGNet'>.
[2026-08-30 21:27:15,424][braindecode.datautil.util][INFO] - Using array-like to find signal-related parameters.
[2026-08-30 21:27:15,424][braindecode.eegneuralnet.EEGClassifier][INFO] - Passing additional parameters {'n_outputs': 2, 'n_times': 640, 'n_chans': 12} to module <class 'braindecode.models.eegnet.EEGNet'>.
[2026-08-30 21:27:23,888][braindecode.datautil.util][INFO] - Using array-like to find signal-related parameters.
[2026-08-30 21:27:23,888][braindecode.eegneuralnet.EEGClassifier][INFO] - Passing additional parameters {'n_outputs': 2, 'n_times': 640, 'n_chans': 12} to module <class 'braindecode.models.eegnet.EEGNet'>.
[2026-08-30 21:27:32,251][braindecode.datautil.util][INFO] - Using array-like to find signal-related parameters.
[2026-08-30 21:27:32,251][braindecode.eegneuralnet.EEGClassifier][INFO] - Passing additional parameters {'n_outputs': 2, 'n_times': 640, 'n_chans': 12} to module <class 'braindecode.models.eegnet.EEGNet'>.
[2026-08-30 21:27:40,649][braindecode.datautil.util][INFO] - Using array-like to find signal-related parameters.
[2026-08-30 21:27:40,649][braindecode.eegneuralnet.EEGClassifier][INFO] - Passing additional parameters {'n_outputs': 2, 'n_times': 640, 'n_chans': 12} to module <class 'braindecode.models.eegnet.EEGNet'>.
[2026-08-30 21:27:49,072][braindecode.datautil.util][INFO] - Using array-like to find signal-related parameters.
[2026-08-30 21:27:49,073][braindecode.eegneuralnet.EEGClassifier][INFO] - Passing additional parameters {'n_outputs': 2, 'n_times': 640, 'n_chans': 12} to module <class 'braindecode.models.eegnet.EEGNet'>.
[2026-08-30 21:27:57,516][braindecode.datautil.util][INFO] - Using array-like to find signal-related parameters.
[2026-08-30 21:27:57,516][braindecode.eegneuralnet.EEGClassifier][INFO] - Passing additional parameters {'n_outputs': 2, 'n_times': 640, 'n_chans': 12} to module <class 'braindecode.models.eegnet.EEGNet'>.
[2026-08-30 21:28:05,906][braindecode.datautil.util][INFO] - Using array-like to find signal-related parameters.
[2026-08-30 21:28:05,906][braindecode.eegneuralnet.EEGClassifier][INFO] - Passing additional parameters {'n_outputs': 2, 'n_times': 640, 'n_chans': 12} to module <class 'braindecode.models.eegnet.EEGNet'>.
[2026-08-30 21:28:14,366][braindecode.datautil.util][INFO] - Using array-like to find signal-related parameters.
[2026-08-30 21:28:14,366][braindecode.eegneuralnet.EEGClassifier][INFO] - Passing additional parameters {'n_outputs': 2, 'n_times': 640, 'n_chans': 12} to module <class 'braindecode.models.eegnet.EEGNet'>.
[2026-08-30 21:28:22,878][braindecode.datautil.util][INFO] - Using array-like to find signal-related parameters.
[2026-08-30 21:28:22,878][braindecode.eegneuralnet.EEGClassifier][INFO] - Passing additional parameters {'n_outputs': 2, 'n_times': 640, 'n_chans': 12} to module <class 'braindecode.models.eegnet.EEGNet'>.
[2026-08-30 21:28:31,380][braindecode.datautil.util][INFO] - Using array-like to find signal-related parameters.
[2026-08-30 21:28:31,380][braindecode.eegneuralnet.EEGClassifier][INFO] - Passing additional parameters {'n_outputs': 2, 'n_times': 640, 'n_chans': 12} to module <class 'braindecode.models.eegnet.EEGNet'>.
[2026-08-30 21:28:39,871][braindecode.datautil.util][INFO] - Using array-like to find signal-related parameters.
[2026-08-30 21:28:39,871][braindecode.eegneuralnet.EEGClassifier][INFO] - Passing additional parameters {'n_outputs': 2, 'n_times': 640, 'n_chans': 12} to module <class 'braindecode.models.eegnet.EEGNet'>.
[2026-08-30 21:28:48,285][braindecode.datautil.util][INFO] - Using array-like to find signal-related parameters.
[2026-08-30 21:28:48,285][braindecode.eegneuralnet.EEGClassifier][INFO] - Passing additional parameters {'n_outputs': 2, 'n_times': 640, 'n_chans': 12} to module <class 'braindecode.models.eegnet.EEGNet'>.
[2026-08-30 21:28:56,790][braindecode.datautil.util][INFO] - Using array-like to find signal-related parameters.
[2026-08-30 21:28:56,790][braindecode.eegneuralnet.EEGClassifier][INFO] - Passing additional parameters {'n_outputs': 2, 'n_times': 640, 'n_chans': 12} to module <class 'braindecode.models.eegnet.EEGNet'>.
[2026-08-30 21:29:05,194][braindecode.datautil.util][INFO] - Using array-like to find signal-related parameters.
[2026-08-30 21:29:05,194][braindecode.eegneuralnet.EEGClassifier][INFO] - Passing additional parameters {'n_outputs': 2, 'n_times': 640, 'n_chans': 12} to module <class 'braindecode.models.eegnet.EEGNet'>.
[2026-08-30 21:29:13,599][braindecode.datautil.util][INFO] - Using array-like to find signal-related parameters.
[2026-08-30 21:29:13,599][braindecode.eegneuralnet.EEGClassifier][INFO] - Passing additional parameters {'n_outputs': 2, 'n_times': 640, 'n_chans': 12} to module <class 'braindecode.models.eegnet.EEGNet'>.
[2026-08-30 21:29:22,096][braindecode.datautil.util][INFO] - Using array-like to find signal-related parameters.
[2026-08-30 21:29:22,096][braindecode.eegneuralnet.EEGClassifier][INFO] - Passing additional parameters {'n_outputs': 2, 'n_times': 640, 'n_chans': 12} to module <class 'braindecode.models.eegnet.EEGNet'>.
[2026-08-30 21:29:30,508][braindecode.datautil.util][INFO] - Using array-like to find signal-related parameters.
[2026-08-30 21:29:30,509][braindecode.eegneuralnet.EEGClassifier][INFO] - Passing additional parameters {'n_outputs': 2, 'n_times': 640, 'n_chans': 12} to module <class 'braindecode.models.eegnet.EEGNet'>.
[2026-08-30 21:29:38,990][braindecode.datautil.util][INFO] - Using array-like to find signal-related parameters.
[2026-08-30 21:29:38,990][braindecode.eegneuralnet.EEGClassifier][INFO] - Passing additional parameters {'n_outputs': 2, 'n_times': 640, 'n_chans': 12} to module <class 'braindecode.models.eegnet.EEGNet'>.
[2026-08-30 21:29:47,499][braindecode.datautil.util][INFO] - Using array-like to find signal-related parameters.
[2026-08-30 21:29:47,500][braindecode.eegneuralnet.EEGClassifier][INFO] - Passing additional parameters {'n_outputs': 2, 'n_times': 640, 'n_chans': 12} to module <class 'braindecode.models.eegnet.EEGNet'>.
[2026-08-30 21:29:55,912][braindecode.datautil.util][INFO] - Using array-like to find signal-related parameters.
[2026-08-30 21:29:55,912][braindecode.eegneuralnet.EEGClassifier][INFO] - Passing additional parameters {'n_outputs': 2, 'n_times': 640, 'n_chans': 12} to module <class 'braindecode.models.eegnet.EEGNet'>.
[2026-08-30 21:30:04,429][braindecode.datautil.util][INFO] - Using array-like to find signal-related parameters.
[2026-08-30 21:30:04,430][braindecode.eegneuralnet.EEGClassifier][INFO] - Passing additional parameters {'n_outputs': 2, 'n_times': 640, 'n_chans': 12} to module <class 'braindecode.models.eegnet.EEGNet'>.
[2026-08-30 21:30:12,806][braindecode.datautil.util][INFO] - Using array-like to find signal-related parameters.
[2026-08-30 21:30:12,807][braindecode.eegneuralnet.EEGClassifier][INFO] - Passing additional parameters {'n_outputs': 2, 'n_times': 640, 'n_chans': 12} to module <class 'braindecode.models.eegnet.EEGNet'>.
[2026-08-30 21:30:20,433][braindecode.datautil.util][INFO] - Using array-like to find signal-related parameters.
[2026-08-30 21:30:20,434][braindecode.eegneuralnet.EEGClassifier][INFO] - Passing additional parameters {'n_outputs': 2, 'n_times': 640, 'n_chans': 12} to module <class 'braindecode.models.eegnet.EEGNet'>.
[2026-08-30 21:30:28,114][braindecode.datautil.util][INFO] - Using array-like to find signal-related parameters.
[2026-08-30 21:30:28,115][braindecode.eegneuralnet.EEGClassifier][INFO] - Passing additional parameters {'n_outputs': 2, 'n_times': 640, 'n_chans': 12} to module <class 'braindecode.models.eegnet.EEGNet'>.
[2026-08-30 21:30:36,456][braindecode.datautil.util][INFO] - Using array-like to find signal-related parameters.
[2026-08-30 21:30:36,456][braindecode.eegneuralnet.EEGClassifier][INFO] - Passing additional parameters {'n_outputs': 2, 'n_times': 640, 'n_chans': 12} to module <class 'braindecode.models.eegnet.EEGNet'>.
[2026-08-30 21:30:44,837][braindecode.datautil.util][INFO] - Using array-like to find signal-related parameters.
[2026-08-30 21:30:44,837][braindecode.eegneuralnet.EEGClassifier][INFO] - Passing additional parameters {'n_outputs': 2, 'n_times': 640, 'n_chans': 12} to module <class 'braindecode.models.eegnet.EEGNet'>.
[2026-08-30 21:30:53,070][braindecode.datautil.util][INFO] - Using array-like to find signal-related parameters.
[2026-08-30 21:30:53,070][braindecode.eegneuralnet.EEGClassifier][INFO] - Passing additional parameters {'n_outputs': 2, 'n_times': 640, 'n_chans': 12} to module <class 'braindecode.models.eegnet.EEGNet'>.
[2026-08-30 21:31:01,365][braindecode.datautil.util][INFO] - Using array-like to find signal-related parameters.
[2026-08-30 21:31:01,365][braindecode.eegneuralnet.EEGClassifier][INFO] - Passing additional parameters {'n_outputs': 2, 'n_times': 640, 'n_chans': 12} to module <class 'braindecode.models.eegnet.EEGNet'>.
[2026-08-30 21:31:10,671][__main__][INFO] - Completed adhoc: 3 result(s) under /work/python_project/results/scenario_decoder (2026-08-30 % 15-48-47)/eegnet/cross_task_from_sam40_arithmetic (mean balanced accuracy 0.623)
[2026-08-30 21:31:10,700][hydra.experimental.callbacks.LogJobReturnCallback][INFO] - Succeeded with return value: None
