[2026-09-01 11:35:59,222][preparation][INFO] - Preparation distinguishing: started for tasks attention (derivatives: /work/python_project/datasets/bids/distinguishing/derivatives/mne-bids-pipeline/attention).
[2026-09-01 11:36:07,227][preparation][INFO] - Preparation distinguishing: complete; cache reused (193 Pipeline cache hits); derivatives: /work/python_project/datasets/bids/distinguishing/derivatives/mne-bids-pipeline/attention; HTML report snapshot: disabled; full log: /work/python_project/results/scenario_decoder_maybe_new (2026-09-01 % 08-54-09)/shallownet/cross_session_distinguishing/_preparation/distinguishing.mne-bids-pipeline.log.
[2026-09-01 11:36:08,725][braindecode.datautil.util][INFO] - Using array-like to find signal-related parameters.
[2026-09-01 11:36:08,726][braindecode.eegneuralnet.EEGClassifier][INFO] - Passing additional parameters {'n_outputs': 2, 'n_times': 640, 'n_chans': 12} to module <class 'braindecode.models.shallow_fbcsp.ShallowFBCSPNet'>.
[2026-09-01 11:36:14,860][braindecode.datautil.util][INFO] - Using array-like to find signal-related parameters.
[2026-09-01 11:36:14,860][braindecode.eegneuralnet.EEGClassifier][INFO] - Passing additional parameters {'n_outputs': 2, 'n_times': 640, 'n_chans': 12} to module <class 'braindecode.models.shallow_fbcsp.ShallowFBCSPNet'>.
[2026-09-01 11:36:20,944][braindecode.datautil.util][INFO] - Using array-like to find signal-related parameters.
[2026-09-01 11:36:20,944][braindecode.eegneuralnet.EEGClassifier][INFO] - Passing additional parameters {'n_outputs': 2, 'n_times': 640, 'n_chans': 12} to module <class 'braindecode.models.shallow_fbcsp.ShallowFBCSPNet'>.
[2026-09-01 11:36:27,004][braindecode.datautil.util][INFO] - Using array-like to find signal-related parameters.
[2026-09-01 11:36:27,005][braindecode.eegneuralnet.EEGClassifier][INFO] - Passing additional parameters {'n_outputs': 2, 'n_times': 640, 'n_chans': 12} to module <class 'braindecode.models.shallow_fbcsp.ShallowFBCSPNet'>.
[2026-09-01 11:36:33,017][braindecode.datautil.util][INFO] - Using array-like to find signal-related parameters.
[2026-09-01 11:36:33,017][braindecode.eegneuralnet.EEGClassifier][INFO] - Passing additional parameters {'n_outputs': 2, 'n_times': 640, 'n_chans': 12} to module <class 'braindecode.models.shallow_fbcsp.ShallowFBCSPNet'>.
[2026-09-01 11:36:39,090][braindecode.datautil.util][INFO] - Using array-like to find signal-related parameters.
[2026-09-01 11:36:39,090][braindecode.eegneuralnet.EEGClassifier][INFO] - Passing additional parameters {'n_outputs': 2, 'n_times': 640, 'n_chans': 12} to module <class 'braindecode.models.shallow_fbcsp.ShallowFBCSPNet'>.
[2026-09-01 11:36:45,095][braindecode.datautil.util][INFO] - Using array-like to find signal-related parameters.
[2026-09-01 11:36:45,096][braindecode.eegneuralnet.EEGClassifier][INFO] - Passing additional parameters {'n_outputs': 2, 'n_times': 640, 'n_chans': 12} to module <class 'braindecode.models.shallow_fbcsp.ShallowFBCSPNet'>.
[2026-09-01 11:36:51,230][braindecode.datautil.util][INFO] - Using array-like to find signal-related parameters.
[2026-09-01 11:36:51,231][braindecode.eegneuralnet.EEGClassifier][INFO] - Passing additional parameters {'n_outputs': 2, 'n_times': 640, 'n_chans': 12} to module <class 'braindecode.models.shallow_fbcsp.ShallowFBCSPNet'>.
[2026-09-01 11:36:57,328][braindecode.datautil.util][INFO] - Using array-like to find signal-related parameters.
[2026-09-01 11:36:57,328][braindecode.eegneuralnet.EEGClassifier][INFO] - Passing additional parameters {'n_outputs': 2, 'n_times': 640, 'n_chans': 12} to module <class 'braindecode.models.shallow_fbcsp.ShallowFBCSPNet'>.
[2026-09-01 11:37:03,305][braindecode.datautil.util][INFO] - Using array-like to find signal-related parameters.
[2026-09-01 11:37:03,306][braindecode.eegneuralnet.EEGClassifier][INFO] - Passing additional parameters {'n_outputs': 2, 'n_times': 640, 'n_chans': 12} to module <class 'braindecode.models.shallow_fbcsp.ShallowFBCSPNet'>.
[2026-09-01 11:37:09,408][braindecode.datautil.util][INFO] - Using array-like to find signal-related parameters.
[2026-09-01 11:37:09,408][braindecode.eegneuralnet.EEGClassifier][INFO] - Passing additional parameters {'n_outputs': 2, 'n_times': 640, 'n_chans': 12} to module <class 'braindecode.models.shallow_fbcsp.ShallowFBCSPNet'>.
[2026-09-01 11:37:15,406][braindecode.datautil.util][INFO] - Using array-like to find signal-related parameters.
[2026-09-01 11:37:15,406][braindecode.eegneuralnet.EEGClassifier][INFO] - Passing additional parameters {'n_outputs': 2, 'n_times': 640, 'n_chans': 12} to module <class 'braindecode.models.shallow_fbcsp.ShallowFBCSPNet'>.
[2026-09-01 11:37:21,502][braindecode.datautil.util][INFO] - Using array-like to find signal-related parameters.
[2026-09-01 11:37:21,502][braindecode.eegneuralnet.EEGClassifier][INFO] - Passing additional parameters {'n_outputs': 2, 'n_times': 640, 'n_chans': 12} to module <class 'braindecode.models.shallow_fbcsp.ShallowFBCSPNet'>.
[2026-09-01 11:37:27,674][braindecode.datautil.util][INFO] - Using array-like to find signal-related parameters.
[2026-09-01 11:37:27,674][braindecode.eegneuralnet.EEGClassifier][INFO] - Passing additional parameters {'n_outputs': 2, 'n_times': 640, 'n_chans': 12} to module <class 'braindecode.models.shallow_fbcsp.ShallowFBCSPNet'>.
[2026-09-01 11:37:33,670][braindecode.datautil.util][INFO] - Using array-like to find signal-related parameters.
[2026-09-01 11:37:33,671][braindecode.eegneuralnet.EEGClassifier][INFO] - Passing additional parameters {'n_outputs': 2, 'n_times': 640, 'n_chans': 12} to module <class 'braindecode.models.shallow_fbcsp.ShallowFBCSPNet'>.
[2026-09-01 11:37:39,752][braindecode.datautil.util][INFO] - Using array-like to find signal-related parameters.
[2026-09-01 11:37:39,753][braindecode.eegneuralnet.EEGClassifier][INFO] - Passing additional parameters {'n_outputs': 2, 'n_times': 640, 'n_chans': 12} to module <class 'braindecode.models.shallow_fbcsp.ShallowFBCSPNet'>.
[2026-09-01 11:37:45,769][braindecode.datautil.util][INFO] - Using array-like to find signal-related parameters.
[2026-09-01 11:37:45,769][braindecode.eegneuralnet.EEGClassifier][INFO] - Passing additional parameters {'n_outputs': 2, 'n_times': 640, 'n_chans': 12} to module <class 'braindecode.models.shallow_fbcsp.ShallowFBCSPNet'>.
[2026-09-01 11:37:51,852][braindecode.datautil.util][INFO] - Using array-like to find signal-related parameters.
[2026-09-01 11:37:51,852][braindecode.eegneuralnet.EEGClassifier][INFO] - Passing additional parameters {'n_outputs': 2, 'n_times': 640, 'n_chans': 12} to module <class 'braindecode.models.shallow_fbcsp.ShallowFBCSPNet'>.
[2026-09-01 11:37:57,900][braindecode.datautil.util][INFO] - Using array-like to find signal-related parameters.
[2026-09-01 11:37:57,901][braindecode.eegneuralnet.EEGClassifier][INFO] - Passing additional parameters {'n_outputs': 2, 'n_times': 640, 'n_chans': 12} to module <class 'braindecode.models.shallow_fbcsp.ShallowFBCSPNet'>.
[2026-09-01 11:38:03,825][braindecode.datautil.util][INFO] - Using array-like to find signal-related parameters.
[2026-09-01 11:38:03,825][braindecode.eegneuralnet.EEGClassifier][INFO] - Passing additional parameters {'n_outputs': 2, 'n_times': 640, 'n_chans': 12} to module <class 'braindecode.models.shallow_fbcsp.ShallowFBCSPNet'>.
[2026-09-01 11:38:09,838][braindecode.datautil.util][INFO] - Using array-like to find signal-related parameters.
[2026-09-01 11:38:09,838][braindecode.eegneuralnet.EEGClassifier][INFO] - Passing additional parameters {'n_outputs': 2, 'n_times': 640, 'n_chans': 12} to module <class 'braindecode.models.shallow_fbcsp.ShallowFBCSPNet'>.
[2026-09-01 11:38:14,424][braindecode.datautil.util][INFO] - Using array-like to find signal-related parameters.
[2026-09-01 11:38:14,424][braindecode.eegneuralnet.EEGClassifier][INFO] - Passing additional parameters {'n_outputs': 2, 'n_times': 640, 'n_chans': 12} to module <class 'braindecode.models.shallow_fbcsp.ShallowFBCSPNet'>.
[2026-09-01 11:38:19,105][braindecode.datautil.util][INFO] - Using array-like to find signal-related parameters.
[2026-09-01 11:38:19,105][braindecode.eegneuralnet.EEGClassifier][INFO] - Passing additional parameters {'n_outputs': 2, 'n_times': 640, 'n_chans': 12} to module <class 'braindecode.models.shallow_fbcsp.ShallowFBCSPNet'>.
[2026-09-01 11:38:23,593][braindecode.datautil.util][INFO] - Using array-like to find signal-related parameters.
[2026-09-01 11:38:23,593][braindecode.eegneuralnet.EEGClassifier][INFO] - Passing additional parameters {'n_outputs': 2, 'n_times': 640, 'n_chans': 12} to module <class 'braindecode.models.shallow_fbcsp.ShallowFBCSPNet'>.
[2026-09-01 11:38:28,129][__main__][INFO] - Cross-validation balanced accuracy by fold: train 1.000, 0.999, 0.999, 1.000, 0.999, 1.000, 1.000, 1.000, 0.999, 1.000, 0.997, 1.000, 0.998, 1.000, 0.995, 0.947, 0.978, 0.958, 0.946, 0.924, 0.991, 0.959, 0.976, 0.972 (mean 0.985); test 0.586, 0.699, 0.838, 0.541, 0.556, 0.718, 0.617, 0.797, 0.868, 0.643, 0.609, 0.673, 0.474, 0.699, 0.838, 0.835, 0.500, 0.692, 0.853, 0.812, 0.722, 0.504, 0.613, 0.323 (mean 0.667)
[2026-09-01 11:38:29,031][__main__][INFO] - Completed adhoc: 1 result(s) under /work/python_project/results/scenario_decoder_maybe_new (2026-09-01 % 08-54-09)/shallownet/cross_session_distinguishing (mean balanced accuracy 0.667)
[2026-09-01 11:38:29,045][hydra.experimental.callbacks.LogJobReturnCallback][INFO] - Succeeded with return value: None
