[2026-08-30 04:22:29,120][hydra.experimental.callbacks.LogJobReturnCallback][ERROR] - 
Traceback (most recent call last):
  File "/home/svc-jax-dlh/.work/python_project/.venv/lib/python3.11/site-packages/hydra/_internal/instantiate/_instantiate2.py", line 182, in _call_target
    return _target_(*args, **kwargs)
           ^^^^^^^^^^^^^^^^^^^^^^^^^
  File "/home/svc-jax-dlh/.work/python_project/src/validation.py", line 23, in build_baseline
    epochs = prepare_epochs(preparation_config)
             ^^^^^^^^^^^^^^^^^^^^^^^^^^^^^^^^^^
  File "/home/svc-jax-dlh/.work/python_project/src/preparation.py", line 142, in prepare_epochs
    subprocess.run(
  File "/home/svc-jax-dlh/.local/share/uv/python/cpython-3.11.15-linux-x86_64-gnu/lib/python3.11/subprocess.py", line 571, in run
    raise CalledProcessError(retcode, process.args,
subprocess.CalledProcessError: Command '['mne_bids_pipeline', '--config', '/tmp/tmpx1ymjfit.py', '--steps=preprocessing']' returned non-zero exit status 1.

The above exception was the direct cause of the following exception:

Traceback (most recent call last):
  File "/home/svc-jax-dlh/.work/python_project/.venv/lib/python3.11/site-packages/hydra/core/utils.py", line 186, in run_job
    ret.return_value = task_function(task_cfg)
                       ^^^^^^^^^^^^^^^^^^^^^^^
  File "/home/svc-jax-dlh/.work/python_project/scripts/run_experiment.py", line 48, in main
    epochs, groups, cv = instantiate(
                         ^^^^^^^^^^^^
  File "/home/svc-jax-dlh/.work/python_project/.venv/lib/python3.11/site-packages/hydra/_internal/instantiate/_instantiate2.py", line 331, in instantiate
    return instantiate_node(
           ^^^^^^^^^^^^^^^^^
  File "/home/svc-jax-dlh/.work/python_project/.venv/lib/python3.11/site-packages/hydra/_internal/instantiate/_instantiate2.py", line 452, in instantiate_node
    return _call_target(_target_, partial, args, kwargs, full_key)
           ^^^^^^^^^^^^^^^^^^^^^^^^^^^^^^^^^^^^^^^^^^^^^^^^^^^^^^^
  File "/home/svc-jax-dlh/.work/python_project/.venv/lib/python3.11/site-packages/hydra/_internal/instantiate/_instantiate2.py", line 187, in _call_target
    raise InstantiationException(msg) from e
hydra.errors.InstantiationException: Error in call to target 'validation.build_baseline':
CalledProcessError(1, ['mne_bids_pipeline', '--config', '/tmp/tmpx1ymjfit.py', '--steps=preprocessing'])
full_key: validation_strategy.protocol
