[2026-08-30 19:41:11,083][preparation][INFO] - Preparation distinguishing: started for tasks attention (derivatives: /work/python_project/datasets/bids/distinguishing/derivatives/mne-bids-pipeline/attention).
[2026-08-30 19:41:19,133][preparation][INFO] - Preparation distinguishing: complete; cache reused (193 Pipeline cache hits); derivatives: /work/python_project/datasets/bids/distinguishing/derivatives/mne-bids-pipeline/attention; reports: /work/python_project/results/scenario_decoder (2026-08-30 % 15-48-47)/_preparation/distinguishing; full log: /work/python_project/results/scenario_decoder (2026-08-30 % 15-48-47)/eegnet/cross_session_distinguishing/_preparation/distinguishing.mne-bids-pipeline.log.
[2026-08-30 19:41:20,623][braindecode.datautil.util][INFO] - Using array-like to find signal-related parameters.
[2026-08-30 19:41:20,623][braindecode.eegneuralnet.EEGClassifier][INFO] - Passing additional parameters {'n_outputs': 2, 'n_times': 640, 'n_chans': 12} to module <class 'braindecode.models.eegnet.EEGNet'>.
[2026-08-30 19:41:28,558][braindecode.datautil.util][INFO] - Using array-like to find signal-related parameters.
[2026-08-30 19:41:28,558][braindecode.eegneuralnet.EEGClassifier][INFO] - Passing additional parameters {'n_outputs': 2, 'n_times': 640, 'n_chans': 12} to module <class 'braindecode.models.eegnet.EEGNet'>.
[2026-08-30 19:41:36,111][braindecode.datautil.util][INFO] - Using array-like to find signal-related parameters.
[2026-08-30 19:41:36,111][braindecode.eegneuralnet.EEGClassifier][INFO] - Passing additional parameters {'n_outputs': 2, 'n_times': 640, 'n_chans': 12} to module <class 'braindecode.models.eegnet.EEGNet'>.
[2026-08-30 19:41:43,661][braindecode.datautil.util][INFO] - Using array-like to find signal-related parameters.
[2026-08-30 19:41:43,661][braindecode.eegneuralnet.EEGClassifier][INFO] - Passing additional parameters {'n_outputs': 2, 'n_times': 640, 'n_chans': 12} to module <class 'braindecode.models.eegnet.EEGNet'>.
[2026-08-30 19:41:51,204][braindecode.datautil.util][INFO] - Using array-like to find signal-related parameters.
[2026-08-30 19:41:51,204][braindecode.eegneuralnet.EEGClassifier][INFO] - Passing additional parameters {'n_outputs': 2, 'n_times': 640, 'n_chans': 12} to module <class 'braindecode.models.eegnet.EEGNet'>.
[2026-08-30 19:41:58,638][braindecode.datautil.util][INFO] - Using array-like to find signal-related parameters.
[2026-08-30 19:41:58,638][braindecode.eegneuralnet.EEGClassifier][INFO] - Passing additional parameters {'n_outputs': 2, 'n_times': 640, 'n_chans': 12} to module <class 'braindecode.models.eegnet.EEGNet'>.
[2026-08-30 19:42:06,142][braindecode.datautil.util][INFO] - Using array-like to find signal-related parameters.
[2026-08-30 19:42:06,142][braindecode.eegneuralnet.EEGClassifier][INFO] - Passing additional parameters {'n_outputs': 2, 'n_times': 640, 'n_chans': 12} to module <class 'braindecode.models.eegnet.EEGNet'>.
[2026-08-30 19:42:13,641][braindecode.datautil.util][INFO] - Using array-like to find signal-related parameters.
[2026-08-30 19:42:13,641][braindecode.eegneuralnet.EEGClassifier][INFO] - Passing additional parameters {'n_outputs': 2, 'n_times': 640, 'n_chans': 12} to module <class 'braindecode.models.eegnet.EEGNet'>.
[2026-08-30 19:42:21,207][braindecode.datautil.util][INFO] - Using array-like to find signal-related parameters.
[2026-08-30 19:42:21,207][braindecode.eegneuralnet.EEGClassifier][INFO] - Passing additional parameters {'n_outputs': 2, 'n_times': 640, 'n_chans': 12} to module <class 'braindecode.models.eegnet.EEGNet'>.
[2026-08-30 19:42:28,760][braindecode.datautil.util][INFO] - Using array-like to find signal-related parameters.
[2026-08-30 19:42:28,760][braindecode.eegneuralnet.EEGClassifier][INFO] - Passing additional parameters {'n_outputs': 2, 'n_times': 640, 'n_chans': 12} to module <class 'braindecode.models.eegnet.EEGNet'>.
[2026-08-30 19:42:36,272][braindecode.datautil.util][INFO] - Using array-like to find signal-related parameters.
[2026-08-30 19:42:36,272][braindecode.eegneuralnet.EEGClassifier][INFO] - Passing additional parameters {'n_outputs': 2, 'n_times': 640, 'n_chans': 12} to module <class 'braindecode.models.eegnet.EEGNet'>.
[2026-08-30 19:42:43,811][braindecode.datautil.util][INFO] - Using array-like to find signal-related parameters.
[2026-08-30 19:42:43,811][braindecode.eegneuralnet.EEGClassifier][INFO] - Passing additional parameters {'n_outputs': 2, 'n_times': 640, 'n_chans': 12} to module <class 'braindecode.models.eegnet.EEGNet'>.
[2026-08-30 19:42:51,335][braindecode.datautil.util][INFO] - Using array-like to find signal-related parameters.
[2026-08-30 19:42:51,336][braindecode.eegneuralnet.EEGClassifier][INFO] - Passing additional parameters {'n_outputs': 2, 'n_times': 640, 'n_chans': 12} to module <class 'braindecode.models.eegnet.EEGNet'>.
[2026-08-30 19:42:58,933][braindecode.datautil.util][INFO] - Using array-like to find signal-related parameters.
[2026-08-30 19:42:58,934][braindecode.eegneuralnet.EEGClassifier][INFO] - Passing additional parameters {'n_outputs': 2, 'n_times': 640, 'n_chans': 12} to module <class 'braindecode.models.eegnet.EEGNet'>.
[2026-08-30 19:43:06,449][braindecode.datautil.util][INFO] - Using array-like to find signal-related parameters.
[2026-08-30 19:43:06,449][braindecode.eegneuralnet.EEGClassifier][INFO] - Passing additional parameters {'n_outputs': 2, 'n_times': 640, 'n_chans': 12} to module <class 'braindecode.models.eegnet.EEGNet'>.
[2026-08-30 19:43:13,960][braindecode.datautil.util][INFO] - Using array-like to find signal-related parameters.
[2026-08-30 19:43:13,960][braindecode.eegneuralnet.EEGClassifier][INFO] - Passing additional parameters {'n_outputs': 2, 'n_times': 640, 'n_chans': 12} to module <class 'braindecode.models.eegnet.EEGNet'>.
[2026-08-30 19:43:21,555][braindecode.datautil.util][INFO] - Using array-like to find signal-related parameters.
[2026-08-30 19:43:21,555][braindecode.eegneuralnet.EEGClassifier][INFO] - Passing additional parameters {'n_outputs': 2, 'n_times': 640, 'n_chans': 12} to module <class 'braindecode.models.eegnet.EEGNet'>.
[2026-08-30 19:43:29,101][braindecode.datautil.util][INFO] - Using array-like to find signal-related parameters.
[2026-08-30 19:43:29,101][braindecode.eegneuralnet.EEGClassifier][INFO] - Passing additional parameters {'n_outputs': 2, 'n_times': 640, 'n_chans': 12} to module <class 'braindecode.models.eegnet.EEGNet'>.
[2026-08-30 19:43:36,603][braindecode.datautil.util][INFO] - Using array-like to find signal-related parameters.
[2026-08-30 19:43:36,603][braindecode.eegneuralnet.EEGClassifier][INFO] - Passing additional parameters {'n_outputs': 2, 'n_times': 640, 'n_chans': 12} to module <class 'braindecode.models.eegnet.EEGNet'>.
[2026-08-30 19:43:44,063][braindecode.datautil.util][INFO] - Using array-like to find signal-related parameters.
[2026-08-30 19:43:44,063][braindecode.eegneuralnet.EEGClassifier][INFO] - Passing additional parameters {'n_outputs': 2, 'n_times': 640, 'n_chans': 12} to module <class 'braindecode.models.eegnet.EEGNet'>.
[2026-08-30 19:43:51,508][braindecode.datautil.util][INFO] - Using array-like to find signal-related parameters.
[2026-08-30 19:43:51,508][braindecode.eegneuralnet.EEGClassifier][INFO] - Passing additional parameters {'n_outputs': 2, 'n_times': 640, 'n_chans': 12} to module <class 'braindecode.models.eegnet.EEGNet'>.
[2026-08-30 19:43:57,688][braindecode.datautil.util][INFO] - Using array-like to find signal-related parameters.
[2026-08-30 19:43:57,688][braindecode.eegneuralnet.EEGClassifier][INFO] - Passing additional parameters {'n_outputs': 2, 'n_times': 640, 'n_chans': 12} to module <class 'braindecode.models.eegnet.EEGNet'>.
[2026-08-30 19:44:03,357][braindecode.datautil.util][INFO] - Using array-like to find signal-related parameters.
[2026-08-30 19:44:03,357][braindecode.eegneuralnet.EEGClassifier][INFO] - Passing additional parameters {'n_outputs': 2, 'n_times': 640, 'n_chans': 12} to module <class 'braindecode.models.eegnet.EEGNet'>.
[2026-08-30 19:44:09,086][braindecode.datautil.util][INFO] - Using array-like to find signal-related parameters.
[2026-08-30 19:44:09,086][braindecode.eegneuralnet.EEGClassifier][INFO] - Passing additional parameters {'n_outputs': 2, 'n_times': 640, 'n_chans': 12} to module <class 'braindecode.models.eegnet.EEGNet'>.
[2026-08-30 19:44:15,535][__main__][INFO] - Completed adhoc: 1 result(s) under /work/python_project/results/scenario_decoder (2026-08-30 % 15-48-47)/eegnet/cross_session_distinguishing (mean balanced accuracy 0.635)
[2026-08-30 19:44:15,550][hydra.experimental.callbacks.LogJobReturnCallback][INFO] - Succeeded with return value: None
