[2026-09-01 09:59:49,630][preparation][INFO] - Preparation sam40_mirror: started for tasks relax, mirror (derivatives: /work/python_project/datasets/bids/sam40/derivatives/mne-bids-pipeline/relax-mirror).
[2026-09-01 10:08:24,193][preparation][INFO] - Preparation sam40_mirror: complete; cache not reused; derivatives: /work/python_project/datasets/bids/sam40/derivatives/mne-bids-pipeline/relax-mirror; HTML report snapshot: disabled; full log: /work/python_project/results/scenario_decoder_maybe_new (2026-09-01 % 08-54-09)/eegconformer/baseline_sam40_mirror/_preparation/sam40_mirror.mne-bids-pipeline.log.
[2026-09-01 10:08:26,230][braindecode.datautil.util][INFO] - Using array-like to find signal-related parameters.
[2026-09-01 10:08:26,230][braindecode.eegneuralnet.EEGClassifier][INFO] - Overriding inferred parameters with user specified parametersdict_items([('n_filters_time', 16), ('num_layers', 2), ('num_heads', 4)]).
[2026-09-01 10:08:26,230][braindecode.eegneuralnet.EEGClassifier][INFO] - Passing additional parameters {'n_outputs': 2, 'n_times': 640, 'n_chans': 12} to module <class 'braindecode.models.eegconformer.EEGConformer'>.
[2026-09-01 10:08:46,741][braindecode.datautil.util][INFO] - Using array-like to find signal-related parameters.
[2026-09-01 10:08:46,742][braindecode.eegneuralnet.EEGClassifier][INFO] - Overriding inferred parameters with user specified parametersdict_items([('n_filters_time', 16), ('num_layers', 2), ('num_heads', 4)]).
[2026-09-01 10:08:46,742][braindecode.eegneuralnet.EEGClassifier][INFO] - Passing additional parameters {'n_outputs': 2, 'n_times': 640, 'n_chans': 12} to module <class 'braindecode.models.eegconformer.EEGConformer'>.
[2026-09-01 10:09:06,974][braindecode.datautil.util][INFO] - Using array-like to find signal-related parameters.
[2026-09-01 10:09:06,974][braindecode.eegneuralnet.EEGClassifier][INFO] - Overriding inferred parameters with user specified parametersdict_items([('n_filters_time', 16), ('num_layers', 2), ('num_heads', 4)]).
[2026-09-01 10:09:06,974][braindecode.eegneuralnet.EEGClassifier][INFO] - Passing additional parameters {'n_outputs': 2, 'n_times': 640, 'n_chans': 12} to module <class 'braindecode.models.eegconformer.EEGConformer'>.
[2026-09-01 10:09:27,240][braindecode.datautil.util][INFO] - Using array-like to find signal-related parameters.
[2026-09-01 10:09:27,241][braindecode.eegneuralnet.EEGClassifier][INFO] - Overriding inferred parameters with user specified parametersdict_items([('n_filters_time', 16), ('num_layers', 2), ('num_heads', 4)]).
[2026-09-01 10:09:27,241][braindecode.eegneuralnet.EEGClassifier][INFO] - Passing additional parameters {'n_outputs': 2, 'n_times': 640, 'n_chans': 12} to module <class 'braindecode.models.eegconformer.EEGConformer'>.
[2026-09-01 10:09:47,573][braindecode.datautil.util][INFO] - Using array-like to find signal-related parameters.
[2026-09-01 10:09:47,573][braindecode.eegneuralnet.EEGClassifier][INFO] - Overriding inferred parameters with user specified parametersdict_items([('n_filters_time', 16), ('num_layers', 2), ('num_heads', 4)]).
[2026-09-01 10:09:47,573][braindecode.eegneuralnet.EEGClassifier][INFO] - Passing additional parameters {'n_outputs': 2, 'n_times': 640, 'n_chans': 12} to module <class 'braindecode.models.eegconformer.EEGConformer'>.
[2026-09-01 10:10:07,433][__main__][INFO] - Cross-validation balanced accuracy by fold: train 0.791, 0.812, 0.795, 0.829, 0.794 (mean 0.804); test 0.683, 0.683, 0.658, 0.692, 0.738 (mean 0.691)
[2026-09-01 10:10:07,651][__main__][INFO] - Completed adhoc: 1 result(s) under /work/python_project/results/scenario_decoder_maybe_new (2026-09-01 % 08-54-09)/eegconformer/baseline_sam40_mirror (mean balanced accuracy 0.691)
[2026-09-01 10:10:07,659][hydra.experimental.callbacks.LogJobReturnCallback][INFO] - Succeeded with return value: None
