[2026-08-30 23:01:59,995][preparation][INFO] - Preparation sam40_stroop: started for tasks relax, stroop (derivatives: /work/python_project/datasets/bids/sam40/derivatives/mne-bids-pipeline/relax-stroop).
[2026-08-30 23:02:09,247][preparation][INFO] - Preparation sam40_stroop: complete; cache reused (1041 Pipeline cache hits); derivatives: /work/python_project/datasets/bids/sam40/derivatives/mne-bids-pipeline/relax-stroop; reports: /work/python_project/results/scenario_decoder (2026-08-30 % 15-48-47)/_preparation/sam40_stroop; full log: /work/python_project/results/scenario_decoder (2026-08-30 % 15-48-47)/eegconformer/cross_task_from_sam40_stroop/_preparation/sam40_stroop.mne-bids-pipeline.log.
[2026-08-30 23:02:11,495][preparation][INFO] - Preparation sam40_arithmetic: started for tasks relax, arithmetic (derivatives: /work/python_project/datasets/bids/sam40/derivatives/mne-bids-pipeline/relax-arithmetic).
[2026-08-30 23:02:20,901][preparation][INFO] - Preparation sam40_arithmetic: complete; cache reused (1041 Pipeline cache hits); derivatives: /work/python_project/datasets/bids/sam40/derivatives/mne-bids-pipeline/relax-arithmetic; reports: /work/python_project/results/scenario_decoder (2026-08-30 % 15-48-47)/_preparation/sam40_arithmetic; full log: /work/python_project/results/scenario_decoder (2026-08-30 % 15-48-47)/eegconformer/cross_task_from_sam40_stroop/_preparation/sam40_arithmetic.mne-bids-pipeline.log.
[2026-08-30 23:02:22,723][preparation][INFO] - Preparation sam40_arithmetic_mirror: started for tasks relax, arithmetic, mirror (derivatives: /work/python_project/datasets/bids/sam40/derivatives/mne-bids-pipeline/relax-arithmetic-mirror).
[2026-08-30 23:02:32,861][preparation][INFO] - Preparation sam40_arithmetic_mirror: complete; cache reused (1521 Pipeline cache hits); derivatives: /work/python_project/datasets/bids/sam40/derivatives/mne-bids-pipeline/relax-arithmetic-mirror; reports: /work/python_project/results/scenario_decoder (2026-08-30 % 15-48-47)/_preparation/sam40_arithmetic_mirror; full log: /work/python_project/results/scenario_decoder (2026-08-30 % 15-48-47)/eegconformer/cross_task_from_sam40_stroop/_preparation/sam40_arithmetic_mirror.mne-bids-pipeline.log.
[2026-08-30 23:02:35,510][preparation][INFO] - Preparation sam40_mirror: started for tasks relax, mirror (derivatives: /work/python_project/datasets/bids/sam40/derivatives/mne-bids-pipeline/relax-mirror).
[2026-08-30 23:02:44,749][preparation][INFO] - Preparation sam40_mirror: complete; cache reused (1041 Pipeline cache hits); derivatives: /work/python_project/datasets/bids/sam40/derivatives/mne-bids-pipeline/relax-mirror; reports: /work/python_project/results/scenario_decoder (2026-08-30 % 15-48-47)/_preparation/sam40_mirror; full log: /work/python_project/results/scenario_decoder (2026-08-30 % 15-48-47)/eegconformer/cross_task_from_sam40_stroop/_preparation/sam40_mirror.mne-bids-pipeline.log.
[2026-08-30 23:02:47,305][braindecode.datautil.util][INFO] - Using array-like to find signal-related parameters.
[2026-08-30 23:02:47,305][braindecode.eegneuralnet.EEGClassifier][INFO] - Overriding inferred parameters with user specified parametersdict_items([('n_filters_time', 16), ('num_layers', 2), ('num_heads', 4)]).
[2026-08-30 23:02:47,305][braindecode.eegneuralnet.EEGClassifier][INFO] - Passing additional parameters {'n_outputs': 2, 'n_times': 640, 'n_chans': 12} to module <class 'braindecode.models.eegconformer.EEGConformer'>.
[2026-08-30 23:03:12,640][braindecode.datautil.util][INFO] - Using array-like to find signal-related parameters.
[2026-08-30 23:03:12,640][braindecode.eegneuralnet.EEGClassifier][INFO] - Overriding inferred parameters with user specified parametersdict_items([('n_filters_time', 16), ('num_layers', 2), ('num_heads', 4)]).
[2026-08-30 23:03:12,640][braindecode.eegneuralnet.EEGClassifier][INFO] - Passing additional parameters {'n_outputs': 2, 'n_times': 640, 'n_chans': 12} to module <class 'braindecode.models.eegconformer.EEGConformer'>.
[2026-08-30 23:03:37,998][braindecode.datautil.util][INFO] - Using array-like to find signal-related parameters.
[2026-08-30 23:03:37,998][braindecode.eegneuralnet.EEGClassifier][INFO] - Overriding inferred parameters with user specified parametersdict_items([('n_filters_time', 16), ('num_layers', 2), ('num_heads', 4)]).
[2026-08-30 23:03:37,998][braindecode.eegneuralnet.EEGClassifier][INFO] - Passing additional parameters {'n_outputs': 2, 'n_times': 640, 'n_chans': 12} to module <class 'braindecode.models.eegconformer.EEGConformer'>.
[2026-08-30 23:04:04,141][braindecode.datautil.util][INFO] - Using array-like to find signal-related parameters.
[2026-08-30 23:04:04,141][braindecode.eegneuralnet.EEGClassifier][INFO] - Overriding inferred parameters with user specified parametersdict_items([('n_filters_time', 16), ('num_layers', 2), ('num_heads', 4)]).
[2026-08-30 23:04:04,141][braindecode.eegneuralnet.EEGClassifier][INFO] - Passing additional parameters {'n_outputs': 2, 'n_times': 640, 'n_chans': 12} to module <class 'braindecode.models.eegconformer.EEGConformer'>.
[2026-08-30 23:04:29,982][braindecode.datautil.util][INFO] - Using array-like to find signal-related parameters.
[2026-08-30 23:04:29,982][braindecode.eegneuralnet.EEGClassifier][INFO] - Overriding inferred parameters with user specified parametersdict_items([('n_filters_time', 16), ('num_layers', 2), ('num_heads', 4)]).
[2026-08-30 23:04:29,982][braindecode.eegneuralnet.EEGClassifier][INFO] - Passing additional parameters {'n_outputs': 2, 'n_times': 640, 'n_chans': 12} to module <class 'braindecode.models.eegconformer.EEGConformer'>.
[2026-08-30 23:04:55,271][braindecode.datautil.util][INFO] - Using array-like to find signal-related parameters.
[2026-08-30 23:04:55,271][braindecode.eegneuralnet.EEGClassifier][INFO] - Overriding inferred parameters with user specified parametersdict_items([('n_filters_time', 16), ('num_layers', 2), ('num_heads', 4)]).
[2026-08-30 23:04:55,271][braindecode.eegneuralnet.EEGClassifier][INFO] - Passing additional parameters {'n_outputs': 2, 'n_times': 640, 'n_chans': 12} to module <class 'braindecode.models.eegconformer.EEGConformer'>.
[2026-08-30 23:05:20,743][braindecode.datautil.util][INFO] - Using array-like to find signal-related parameters.
[2026-08-30 23:05:20,743][braindecode.eegneuralnet.EEGClassifier][INFO] - Overriding inferred parameters with user specified parametersdict_items([('n_filters_time', 16), ('num_layers', 2), ('num_heads', 4)]).
[2026-08-30 23:05:20,743][braindecode.eegneuralnet.EEGClassifier][INFO] - Passing additional parameters {'n_outputs': 2, 'n_times': 640, 'n_chans': 12} to module <class 'braindecode.models.eegconformer.EEGConformer'>.
[2026-08-30 23:05:46,423][braindecode.datautil.util][INFO] - Using array-like to find signal-related parameters.
[2026-08-30 23:05:46,423][braindecode.eegneuralnet.EEGClassifier][INFO] - Overriding inferred parameters with user specified parametersdict_items([('n_filters_time', 16), ('num_layers', 2), ('num_heads', 4)]).
[2026-08-30 23:05:46,423][braindecode.eegneuralnet.EEGClassifier][INFO] - Passing additional parameters {'n_outputs': 2, 'n_times': 640, 'n_chans': 12} to module <class 'braindecode.models.eegconformer.EEGConformer'>.
[2026-08-30 23:06:11,942][braindecode.datautil.util][INFO] - Using array-like to find signal-related parameters.
[2026-08-30 23:06:11,942][braindecode.eegneuralnet.EEGClassifier][INFO] - Overriding inferred parameters with user specified parametersdict_items([('n_filters_time', 16), ('num_layers', 2), ('num_heads', 4)]).
[2026-08-30 23:06:11,942][braindecode.eegneuralnet.EEGClassifier][INFO] - Passing additional parameters {'n_outputs': 2, 'n_times': 640, 'n_chans': 12} to module <class 'braindecode.models.eegconformer.EEGConformer'>.
[2026-08-30 23:06:37,363][braindecode.datautil.util][INFO] - Using array-like to find signal-related parameters.
[2026-08-30 23:06:37,363][braindecode.eegneuralnet.EEGClassifier][INFO] - Overriding inferred parameters with user specified parametersdict_items([('n_filters_time', 16), ('num_layers', 2), ('num_heads', 4)]).
[2026-08-30 23:06:37,363][braindecode.eegneuralnet.EEGClassifier][INFO] - Passing additional parameters {'n_outputs': 2, 'n_times': 640, 'n_chans': 12} to module <class 'braindecode.models.eegconformer.EEGConformer'>.
[2026-08-30 23:07:02,389][braindecode.datautil.util][INFO] - Using array-like to find signal-related parameters.
[2026-08-30 23:07:02,389][braindecode.eegneuralnet.EEGClassifier][INFO] - Overriding inferred parameters with user specified parametersdict_items([('n_filters_time', 16), ('num_layers', 2), ('num_heads', 4)]).
[2026-08-30 23:07:02,389][braindecode.eegneuralnet.EEGClassifier][INFO] - Passing additional parameters {'n_outputs': 2, 'n_times': 640, 'n_chans': 12} to module <class 'braindecode.models.eegconformer.EEGConformer'>.
[2026-08-30 23:07:27,890][braindecode.datautil.util][INFO] - Using array-like to find signal-related parameters.
[2026-08-30 23:07:27,890][braindecode.eegneuralnet.EEGClassifier][INFO] - Overriding inferred parameters with user specified parametersdict_items([('n_filters_time', 16), ('num_layers', 2), ('num_heads', 4)]).
[2026-08-30 23:07:27,890][braindecode.eegneuralnet.EEGClassifier][INFO] - Passing additional parameters {'n_outputs': 2, 'n_times': 640, 'n_chans': 12} to module <class 'braindecode.models.eegconformer.EEGConformer'>.
[2026-08-30 23:07:52,585][braindecode.datautil.util][INFO] - Using array-like to find signal-related parameters.
[2026-08-30 23:07:52,585][braindecode.eegneuralnet.EEGClassifier][INFO] - Overriding inferred parameters with user specified parametersdict_items([('n_filters_time', 16), ('num_layers', 2), ('num_heads', 4)]).
[2026-08-30 23:07:52,585][braindecode.eegneuralnet.EEGClassifier][INFO] - Passing additional parameters {'n_outputs': 2, 'n_times': 640, 'n_chans': 12} to module <class 'braindecode.models.eegconformer.EEGConformer'>.
[2026-08-30 23:08:18,270][braindecode.datautil.util][INFO] - Using array-like to find signal-related parameters.
[2026-08-30 23:08:18,270][braindecode.eegneuralnet.EEGClassifier][INFO] - Overriding inferred parameters with user specified parametersdict_items([('n_filters_time', 16), ('num_layers', 2), ('num_heads', 4)]).
[2026-08-30 23:08:18,270][braindecode.eegneuralnet.EEGClassifier][INFO] - Passing additional parameters {'n_outputs': 2, 'n_times': 640, 'n_chans': 12} to module <class 'braindecode.models.eegconformer.EEGConformer'>.
[2026-08-30 23:08:43,707][braindecode.datautil.util][INFO] - Using array-like to find signal-related parameters.
[2026-08-30 23:08:43,707][braindecode.eegneuralnet.EEGClassifier][INFO] - Overriding inferred parameters with user specified parametersdict_items([('n_filters_time', 16), ('num_layers', 2), ('num_heads', 4)]).
[2026-08-30 23:08:43,707][braindecode.eegneuralnet.EEGClassifier][INFO] - Passing additional parameters {'n_outputs': 2, 'n_times': 640, 'n_chans': 12} to module <class 'braindecode.models.eegconformer.EEGConformer'>.
[2026-08-30 23:09:09,121][braindecode.datautil.util][INFO] - Using array-like to find signal-related parameters.
[2026-08-30 23:09:09,121][braindecode.eegneuralnet.EEGClassifier][INFO] - Overriding inferred parameters with user specified parametersdict_items([('n_filters_time', 16), ('num_layers', 2), ('num_heads', 4)]).
[2026-08-30 23:09:09,121][braindecode.eegneuralnet.EEGClassifier][INFO] - Passing additional parameters {'n_outputs': 2, 'n_times': 640, 'n_chans': 12} to module <class 'braindecode.models.eegconformer.EEGConformer'>.
[2026-08-30 23:09:33,795][braindecode.datautil.util][INFO] - Using array-like to find signal-related parameters.
[2026-08-30 23:09:33,796][braindecode.eegneuralnet.EEGClassifier][INFO] - Overriding inferred parameters with user specified parametersdict_items([('n_filters_time', 16), ('num_layers', 2), ('num_heads', 4)]).
[2026-08-30 23:09:33,796][braindecode.eegneuralnet.EEGClassifier][INFO] - Passing additional parameters {'n_outputs': 2, 'n_times': 640, 'n_chans': 12} to module <class 'braindecode.models.eegconformer.EEGConformer'>.
[2026-08-30 23:09:59,506][braindecode.datautil.util][INFO] - Using array-like to find signal-related parameters.
[2026-08-30 23:09:59,506][braindecode.eegneuralnet.EEGClassifier][INFO] - Overriding inferred parameters with user specified parametersdict_items([('n_filters_time', 16), ('num_layers', 2), ('num_heads', 4)]).
[2026-08-30 23:09:59,506][braindecode.eegneuralnet.EEGClassifier][INFO] - Passing additional parameters {'n_outputs': 2, 'n_times': 640, 'n_chans': 12} to module <class 'braindecode.models.eegconformer.EEGConformer'>.
[2026-08-30 23:10:24,897][braindecode.datautil.util][INFO] - Using array-like to find signal-related parameters.
[2026-08-30 23:10:24,897][braindecode.eegneuralnet.EEGClassifier][INFO] - Overriding inferred parameters with user specified parametersdict_items([('n_filters_time', 16), ('num_layers', 2), ('num_heads', 4)]).
[2026-08-30 23:10:24,897][braindecode.eegneuralnet.EEGClassifier][INFO] - Passing additional parameters {'n_outputs': 2, 'n_times': 640, 'n_chans': 12} to module <class 'braindecode.models.eegconformer.EEGConformer'>.
[2026-08-30 23:10:50,735][braindecode.datautil.util][INFO] - Using array-like to find signal-related parameters.
[2026-08-30 23:10:50,735][braindecode.eegneuralnet.EEGClassifier][INFO] - Overriding inferred parameters with user specified parametersdict_items([('n_filters_time', 16), ('num_layers', 2), ('num_heads', 4)]).
[2026-08-30 23:10:50,735][braindecode.eegneuralnet.EEGClassifier][INFO] - Passing additional parameters {'n_outputs': 2, 'n_times': 640, 'n_chans': 12} to module <class 'braindecode.models.eegconformer.EEGConformer'>.
[2026-08-30 23:11:16,474][braindecode.datautil.util][INFO] - Using array-like to find signal-related parameters.
[2026-08-30 23:11:16,474][braindecode.eegneuralnet.EEGClassifier][INFO] - Overriding inferred parameters with user specified parametersdict_items([('n_filters_time', 16), ('num_layers', 2), ('num_heads', 4)]).
[2026-08-30 23:11:16,474][braindecode.eegneuralnet.EEGClassifier][INFO] - Passing additional parameters {'n_outputs': 2, 'n_times': 640, 'n_chans': 12} to module <class 'braindecode.models.eegconformer.EEGConformer'>.
[2026-08-30 23:11:41,235][braindecode.datautil.util][INFO] - Using array-like to find signal-related parameters.
[2026-08-30 23:11:41,236][braindecode.eegneuralnet.EEGClassifier][INFO] - Overriding inferred parameters with user specified parametersdict_items([('n_filters_time', 16), ('num_layers', 2), ('num_heads', 4)]).
[2026-08-30 23:11:41,236][braindecode.eegneuralnet.EEGClassifier][INFO] - Passing additional parameters {'n_outputs': 2, 'n_times': 640, 'n_chans': 12} to module <class 'braindecode.models.eegconformer.EEGConformer'>.
[2026-08-30 23:12:06,895][braindecode.datautil.util][INFO] - Using array-like to find signal-related parameters.
[2026-08-30 23:12:06,896][braindecode.eegneuralnet.EEGClassifier][INFO] - Overriding inferred parameters with user specified parametersdict_items([('n_filters_time', 16), ('num_layers', 2), ('num_heads', 4)]).
[2026-08-30 23:12:06,896][braindecode.eegneuralnet.EEGClassifier][INFO] - Passing additional parameters {'n_outputs': 2, 'n_times': 640, 'n_chans': 12} to module <class 'braindecode.models.eegconformer.EEGConformer'>.
[2026-08-30 23:12:32,464][braindecode.datautil.util][INFO] - Using array-like to find signal-related parameters.
[2026-08-30 23:12:32,464][braindecode.eegneuralnet.EEGClassifier][INFO] - Overriding inferred parameters with user specified parametersdict_items([('n_filters_time', 16), ('num_layers', 2), ('num_heads', 4)]).
[2026-08-30 23:12:32,465][braindecode.eegneuralnet.EEGClassifier][INFO] - Passing additional parameters {'n_outputs': 2, 'n_times': 640, 'n_chans': 12} to module <class 'braindecode.models.eegconformer.EEGConformer'>.
[2026-08-30 23:12:58,328][braindecode.datautil.util][INFO] - Using array-like to find signal-related parameters.
[2026-08-30 23:12:58,328][braindecode.eegneuralnet.EEGClassifier][INFO] - Overriding inferred parameters with user specified parametersdict_items([('n_filters_time', 16), ('num_layers', 2), ('num_heads', 4)]).
[2026-08-30 23:12:58,328][braindecode.eegneuralnet.EEGClassifier][INFO] - Passing additional parameters {'n_outputs': 2, 'n_times': 640, 'n_chans': 12} to module <class 'braindecode.models.eegconformer.EEGConformer'>.
[2026-08-30 23:13:23,538][braindecode.datautil.util][INFO] - Using array-like to find signal-related parameters.
[2026-08-30 23:13:23,538][braindecode.eegneuralnet.EEGClassifier][INFO] - Overriding inferred parameters with user specified parametersdict_items([('n_filters_time', 16), ('num_layers', 2), ('num_heads', 4)]).
[2026-08-30 23:13:23,538][braindecode.eegneuralnet.EEGClassifier][INFO] - Passing additional parameters {'n_outputs': 2, 'n_times': 640, 'n_chans': 12} to module <class 'braindecode.models.eegconformer.EEGConformer'>.
[2026-08-30 23:13:49,313][braindecode.datautil.util][INFO] - Using array-like to find signal-related parameters.
[2026-08-30 23:13:49,314][braindecode.eegneuralnet.EEGClassifier][INFO] - Overriding inferred parameters with user specified parametersdict_items([('n_filters_time', 16), ('num_layers', 2), ('num_heads', 4)]).
[2026-08-30 23:13:49,314][braindecode.eegneuralnet.EEGClassifier][INFO] - Passing additional parameters {'n_outputs': 2, 'n_times': 640, 'n_chans': 12} to module <class 'braindecode.models.eegconformer.EEGConformer'>.
[2026-08-30 23:14:14,947][braindecode.datautil.util][INFO] - Using array-like to find signal-related parameters.
[2026-08-30 23:14:14,947][braindecode.eegneuralnet.EEGClassifier][INFO] - Overriding inferred parameters with user specified parametersdict_items([('n_filters_time', 16), ('num_layers', 2), ('num_heads', 4)]).
[2026-08-30 23:14:14,947][braindecode.eegneuralnet.EEGClassifier][INFO] - Passing additional parameters {'n_outputs': 2, 'n_times': 640, 'n_chans': 12} to module <class 'braindecode.models.eegconformer.EEGConformer'>.
[2026-08-30 23:14:40,959][braindecode.datautil.util][INFO] - Using array-like to find signal-related parameters.
[2026-08-30 23:14:40,959][braindecode.eegneuralnet.EEGClassifier][INFO] - Overriding inferred parameters with user specified parametersdict_items([('n_filters_time', 16), ('num_layers', 2), ('num_heads', 4)]).
[2026-08-30 23:14:40,959][braindecode.eegneuralnet.EEGClassifier][INFO] - Passing additional parameters {'n_outputs': 2, 'n_times': 640, 'n_chans': 12} to module <class 'braindecode.models.eegconformer.EEGConformer'>.
[2026-08-30 23:15:06,589][braindecode.datautil.util][INFO] - Using array-like to find signal-related parameters.
[2026-08-30 23:15:06,589][braindecode.eegneuralnet.EEGClassifier][INFO] - Overriding inferred parameters with user specified parametersdict_items([('n_filters_time', 16), ('num_layers', 2), ('num_heads', 4)]).
[2026-08-30 23:15:06,589][braindecode.eegneuralnet.EEGClassifier][INFO] - Passing additional parameters {'n_outputs': 2, 'n_times': 640, 'n_chans': 12} to module <class 'braindecode.models.eegconformer.EEGConformer'>.
[2026-08-30 23:15:31,785][braindecode.datautil.util][INFO] - Using array-like to find signal-related parameters.
[2026-08-30 23:15:31,785][braindecode.eegneuralnet.EEGClassifier][INFO] - Overriding inferred parameters with user specified parametersdict_items([('n_filters_time', 16), ('num_layers', 2), ('num_heads', 4)]).
[2026-08-30 23:15:31,785][braindecode.eegneuralnet.EEGClassifier][INFO] - Passing additional parameters {'n_outputs': 2, 'n_times': 640, 'n_chans': 12} to module <class 'braindecode.models.eegconformer.EEGConformer'>.
[2026-08-30 23:15:57,555][braindecode.datautil.util][INFO] - Using array-like to find signal-related parameters.
[2026-08-30 23:15:57,556][braindecode.eegneuralnet.EEGClassifier][INFO] - Overriding inferred parameters with user specified parametersdict_items([('n_filters_time', 16), ('num_layers', 2), ('num_heads', 4)]).
[2026-08-30 23:15:57,556][braindecode.eegneuralnet.EEGClassifier][INFO] - Passing additional parameters {'n_outputs': 2, 'n_times': 640, 'n_chans': 12} to module <class 'braindecode.models.eegconformer.EEGConformer'>.
[2026-08-30 23:16:23,049][braindecode.datautil.util][INFO] - Using array-like to find signal-related parameters.
[2026-08-30 23:16:23,049][braindecode.eegneuralnet.EEGClassifier][INFO] - Overriding inferred parameters with user specified parametersdict_items([('n_filters_time', 16), ('num_layers', 2), ('num_heads', 4)]).
[2026-08-30 23:16:23,049][braindecode.eegneuralnet.EEGClassifier][INFO] - Passing additional parameters {'n_outputs': 2, 'n_times': 640, 'n_chans': 12} to module <class 'braindecode.models.eegconformer.EEGConformer'>.
[2026-08-30 23:16:48,863][braindecode.datautil.util][INFO] - Using array-like to find signal-related parameters.
[2026-08-30 23:16:48,864][braindecode.eegneuralnet.EEGClassifier][INFO] - Overriding inferred parameters with user specified parametersdict_items([('n_filters_time', 16), ('num_layers', 2), ('num_heads', 4)]).
[2026-08-30 23:16:48,864][braindecode.eegneuralnet.EEGClassifier][INFO] - Passing additional parameters {'n_outputs': 2, 'n_times': 640, 'n_chans': 12} to module <class 'braindecode.models.eegconformer.EEGConformer'>.
[2026-08-30 23:17:14,441][braindecode.datautil.util][INFO] - Using array-like to find signal-related parameters.
[2026-08-30 23:17:14,442][braindecode.eegneuralnet.EEGClassifier][INFO] - Overriding inferred parameters with user specified parametersdict_items([('n_filters_time', 16), ('num_layers', 2), ('num_heads', 4)]).
[2026-08-30 23:17:14,442][braindecode.eegneuralnet.EEGClassifier][INFO] - Passing additional parameters {'n_outputs': 2, 'n_times': 640, 'n_chans': 12} to module <class 'braindecode.models.eegconformer.EEGConformer'>.
[2026-08-30 23:17:39,889][braindecode.datautil.util][INFO] - Using array-like to find signal-related parameters.
[2026-08-30 23:17:39,889][braindecode.eegneuralnet.EEGClassifier][INFO] - Overriding inferred parameters with user specified parametersdict_items([('n_filters_time', 16), ('num_layers', 2), ('num_heads', 4)]).
[2026-08-30 23:17:39,889][braindecode.eegneuralnet.EEGClassifier][INFO] - Passing additional parameters {'n_outputs': 2, 'n_times': 640, 'n_chans': 12} to module <class 'braindecode.models.eegconformer.EEGConformer'>.
[2026-08-30 23:18:05,535][braindecode.datautil.util][INFO] - Using array-like to find signal-related parameters.
[2026-08-30 23:18:05,535][braindecode.eegneuralnet.EEGClassifier][INFO] - Overriding inferred parameters with user specified parametersdict_items([('n_filters_time', 16), ('num_layers', 2), ('num_heads', 4)]).
[2026-08-30 23:18:05,535][braindecode.eegneuralnet.EEGClassifier][INFO] - Passing additional parameters {'n_outputs': 2, 'n_times': 640, 'n_chans': 12} to module <class 'braindecode.models.eegconformer.EEGConformer'>.
[2026-08-30 23:18:31,284][braindecode.datautil.util][INFO] - Using array-like to find signal-related parameters.
[2026-08-30 23:18:31,284][braindecode.eegneuralnet.EEGClassifier][INFO] - Overriding inferred parameters with user specified parametersdict_items([('n_filters_time', 16), ('num_layers', 2), ('num_heads', 4)]).
[2026-08-30 23:18:31,284][braindecode.eegneuralnet.EEGClassifier][INFO] - Passing additional parameters {'n_outputs': 2, 'n_times': 640, 'n_chans': 12} to module <class 'braindecode.models.eegconformer.EEGConformer'>.
[2026-08-30 23:18:56,743][braindecode.datautil.util][INFO] - Using array-like to find signal-related parameters.
[2026-08-30 23:18:56,744][braindecode.eegneuralnet.EEGClassifier][INFO] - Overriding inferred parameters with user specified parametersdict_items([('n_filters_time', 16), ('num_layers', 2), ('num_heads', 4)]).
[2026-08-30 23:18:56,744][braindecode.eegneuralnet.EEGClassifier][INFO] - Passing additional parameters {'n_outputs': 2, 'n_times': 640, 'n_chans': 12} to module <class 'braindecode.models.eegconformer.EEGConformer'>.
[2026-08-30 23:19:22,336][braindecode.datautil.util][INFO] - Using array-like to find signal-related parameters.
[2026-08-30 23:19:22,336][braindecode.eegneuralnet.EEGClassifier][INFO] - Overriding inferred parameters with user specified parametersdict_items([('n_filters_time', 16), ('num_layers', 2), ('num_heads', 4)]).
[2026-08-30 23:19:22,336][braindecode.eegneuralnet.EEGClassifier][INFO] - Passing additional parameters {'n_outputs': 2, 'n_times': 640, 'n_chans': 12} to module <class 'braindecode.models.eegconformer.EEGConformer'>.
[2026-08-30 23:19:48,756][__main__][INFO] - Completed adhoc: 3 result(s) under /work/python_project/results/scenario_decoder (2026-08-30 % 15-48-47)/eegconformer/cross_task_from_sam40_stroop (mean balanced accuracy 0.592)
[2026-08-30 23:19:48,800][hydra.experimental.callbacks.LogJobReturnCallback][INFO] - Succeeded with return value: None
