[2026-08-30 23:29:03,197][preparation][INFO] - Preparation sam40_stroop: started for tasks relax, stroop (derivatives: /work/python_project/datasets/bids/sam40/derivatives/mne-bids-pipeline/relax-stroop).
[2026-08-30 23:29:12,349][preparation][INFO] - Preparation sam40_stroop: complete; cache reused (1041 Pipeline cache hits); derivatives: /work/python_project/datasets/bids/sam40/derivatives/mne-bids-pipeline/relax-stroop; reports: /work/python_project/results/scenario_decoder (2026-08-30 % 15-48-47)/_preparation/sam40_stroop; full log: /work/python_project/results/scenario_decoder (2026-08-30 % 15-48-47)/shallownet/cross_task_from_sam40_stroop/_preparation/sam40_stroop.mne-bids-pipeline.log.
[2026-08-30 23:29:14,112][preparation][INFO] - Preparation sam40_arithmetic: started for tasks relax, arithmetic (derivatives: /work/python_project/datasets/bids/sam40/derivatives/mne-bids-pipeline/relax-arithmetic).
[2026-08-30 23:29:23,536][preparation][INFO] - Preparation sam40_arithmetic: complete; cache reused (1041 Pipeline cache hits); derivatives: /work/python_project/datasets/bids/sam40/derivatives/mne-bids-pipeline/relax-arithmetic; reports: /work/python_project/results/scenario_decoder (2026-08-30 % 15-48-47)/_preparation/sam40_arithmetic; full log: /work/python_project/results/scenario_decoder (2026-08-30 % 15-48-47)/shallownet/cross_task_from_sam40_stroop/_preparation/sam40_arithmetic.mne-bids-pipeline.log.
[2026-08-30 23:29:25,688][preparation][INFO] - Preparation sam40_arithmetic_mirror: started for tasks relax, arithmetic, mirror (derivatives: /work/python_project/datasets/bids/sam40/derivatives/mne-bids-pipeline/relax-arithmetic-mirror).
[2026-08-30 23:29:35,458][preparation][INFO] - Preparation sam40_arithmetic_mirror: complete; cache reused (1521 Pipeline cache hits); derivatives: /work/python_project/datasets/bids/sam40/derivatives/mne-bids-pipeline/relax-arithmetic-mirror; reports: /work/python_project/results/scenario_decoder (2026-08-30 % 15-48-47)/_preparation/sam40_arithmetic_mirror; full log: /work/python_project/results/scenario_decoder (2026-08-30 % 15-48-47)/shallownet/cross_task_from_sam40_stroop/_preparation/sam40_arithmetic_mirror.mne-bids-pipeline.log.
[2026-08-30 23:29:38,079][preparation][INFO] - Preparation sam40_mirror: started for tasks relax, mirror (derivatives: /work/python_project/datasets/bids/sam40/derivatives/mne-bids-pipeline/relax-mirror).
[2026-08-30 23:29:47,295][preparation][INFO] - Preparation sam40_mirror: complete; cache reused (1041 Pipeline cache hits); derivatives: /work/python_project/datasets/bids/sam40/derivatives/mne-bids-pipeline/relax-mirror; reports: /work/python_project/results/scenario_decoder (2026-08-30 % 15-48-47)/_preparation/sam40_mirror; full log: /work/python_project/results/scenario_decoder (2026-08-30 % 15-48-47)/shallownet/cross_task_from_sam40_stroop/_preparation/sam40_mirror.mne-bids-pipeline.log.
[2026-08-30 23:29:49,810][braindecode.datautil.util][INFO] - Using array-like to find signal-related parameters.
[2026-08-30 23:29:49,810][braindecode.eegneuralnet.EEGClassifier][INFO] - Passing additional parameters {'n_outputs': 2, 'n_times': 640, 'n_chans': 12} to module <class 'braindecode.models.shallow_fbcsp.ShallowFBCSPNet'>.
[2026-08-30 23:29:56,665][braindecode.datautil.util][INFO] - Using array-like to find signal-related parameters.
[2026-08-30 23:29:56,665][braindecode.eegneuralnet.EEGClassifier][INFO] - Passing additional parameters {'n_outputs': 2, 'n_times': 640, 'n_chans': 12} to module <class 'braindecode.models.shallow_fbcsp.ShallowFBCSPNet'>.
[2026-08-30 23:30:03,324][braindecode.datautil.util][INFO] - Using array-like to find signal-related parameters.
[2026-08-30 23:30:03,324][braindecode.eegneuralnet.EEGClassifier][INFO] - Passing additional parameters {'n_outputs': 2, 'n_times': 640, 'n_chans': 12} to module <class 'braindecode.models.shallow_fbcsp.ShallowFBCSPNet'>.
[2026-08-30 23:30:10,247][braindecode.datautil.util][INFO] - Using array-like to find signal-related parameters.
[2026-08-30 23:30:10,247][braindecode.eegneuralnet.EEGClassifier][INFO] - Passing additional parameters {'n_outputs': 2, 'n_times': 640, 'n_chans': 12} to module <class 'braindecode.models.shallow_fbcsp.ShallowFBCSPNet'>.
[2026-08-30 23:30:16,988][braindecode.datautil.util][INFO] - Using array-like to find signal-related parameters.
[2026-08-30 23:30:16,988][braindecode.eegneuralnet.EEGClassifier][INFO] - Passing additional parameters {'n_outputs': 2, 'n_times': 640, 'n_chans': 12} to module <class 'braindecode.models.shallow_fbcsp.ShallowFBCSPNet'>.
[2026-08-30 23:30:23,715][braindecode.datautil.util][INFO] - Using array-like to find signal-related parameters.
[2026-08-30 23:30:23,715][braindecode.eegneuralnet.EEGClassifier][INFO] - Passing additional parameters {'n_outputs': 2, 'n_times': 640, 'n_chans': 12} to module <class 'braindecode.models.shallow_fbcsp.ShallowFBCSPNet'>.
[2026-08-30 23:30:30,448][braindecode.datautil.util][INFO] - Using array-like to find signal-related parameters.
[2026-08-30 23:30:30,448][braindecode.eegneuralnet.EEGClassifier][INFO] - Passing additional parameters {'n_outputs': 2, 'n_times': 640, 'n_chans': 12} to module <class 'braindecode.models.shallow_fbcsp.ShallowFBCSPNet'>.
[2026-08-30 23:30:37,239][braindecode.datautil.util][INFO] - Using array-like to find signal-related parameters.
[2026-08-30 23:30:37,240][braindecode.eegneuralnet.EEGClassifier][INFO] - Passing additional parameters {'n_outputs': 2, 'n_times': 640, 'n_chans': 12} to module <class 'braindecode.models.shallow_fbcsp.ShallowFBCSPNet'>.
[2026-08-30 23:30:43,935][braindecode.datautil.util][INFO] - Using array-like to find signal-related parameters.
[2026-08-30 23:30:43,935][braindecode.eegneuralnet.EEGClassifier][INFO] - Passing additional parameters {'n_outputs': 2, 'n_times': 640, 'n_chans': 12} to module <class 'braindecode.models.shallow_fbcsp.ShallowFBCSPNet'>.
[2026-08-30 23:30:50,767][braindecode.datautil.util][INFO] - Using array-like to find signal-related parameters.
[2026-08-30 23:30:50,768][braindecode.eegneuralnet.EEGClassifier][INFO] - Passing additional parameters {'n_outputs': 2, 'n_times': 640, 'n_chans': 12} to module <class 'braindecode.models.shallow_fbcsp.ShallowFBCSPNet'>.
[2026-08-30 23:30:57,611][braindecode.datautil.util][INFO] - Using array-like to find signal-related parameters.
[2026-08-30 23:30:57,611][braindecode.eegneuralnet.EEGClassifier][INFO] - Passing additional parameters {'n_outputs': 2, 'n_times': 640, 'n_chans': 12} to module <class 'braindecode.models.shallow_fbcsp.ShallowFBCSPNet'>.
[2026-08-30 23:31:04,320][braindecode.datautil.util][INFO] - Using array-like to find signal-related parameters.
[2026-08-30 23:31:04,320][braindecode.eegneuralnet.EEGClassifier][INFO] - Passing additional parameters {'n_outputs': 2, 'n_times': 640, 'n_chans': 12} to module <class 'braindecode.models.shallow_fbcsp.ShallowFBCSPNet'>.
[2026-08-30 23:31:11,143][braindecode.datautil.util][INFO] - Using array-like to find signal-related parameters.
[2026-08-30 23:31:11,143][braindecode.eegneuralnet.EEGClassifier][INFO] - Passing additional parameters {'n_outputs': 2, 'n_times': 640, 'n_chans': 12} to module <class 'braindecode.models.shallow_fbcsp.ShallowFBCSPNet'>.
[2026-08-30 23:31:17,830][braindecode.datautil.util][INFO] - Using array-like to find signal-related parameters.
[2026-08-30 23:31:17,830][braindecode.eegneuralnet.EEGClassifier][INFO] - Passing additional parameters {'n_outputs': 2, 'n_times': 640, 'n_chans': 12} to module <class 'braindecode.models.shallow_fbcsp.ShallowFBCSPNet'>.
[2026-08-30 23:31:24,468][braindecode.datautil.util][INFO] - Using array-like to find signal-related parameters.
[2026-08-30 23:31:24,468][braindecode.eegneuralnet.EEGClassifier][INFO] - Passing additional parameters {'n_outputs': 2, 'n_times': 640, 'n_chans': 12} to module <class 'braindecode.models.shallow_fbcsp.ShallowFBCSPNet'>.
[2026-08-30 23:31:31,190][braindecode.datautil.util][INFO] - Using array-like to find signal-related parameters.
[2026-08-30 23:31:31,190][braindecode.eegneuralnet.EEGClassifier][INFO] - Passing additional parameters {'n_outputs': 2, 'n_times': 640, 'n_chans': 12} to module <class 'braindecode.models.shallow_fbcsp.ShallowFBCSPNet'>.
[2026-08-30 23:31:37,860][braindecode.datautil.util][INFO] - Using array-like to find signal-related parameters.
[2026-08-30 23:31:37,860][braindecode.eegneuralnet.EEGClassifier][INFO] - Passing additional parameters {'n_outputs': 2, 'n_times': 640, 'n_chans': 12} to module <class 'braindecode.models.shallow_fbcsp.ShallowFBCSPNet'>.
[2026-08-30 23:31:44,618][braindecode.datautil.util][INFO] - Using array-like to find signal-related parameters.
[2026-08-30 23:31:44,618][braindecode.eegneuralnet.EEGClassifier][INFO] - Passing additional parameters {'n_outputs': 2, 'n_times': 640, 'n_chans': 12} to module <class 'braindecode.models.shallow_fbcsp.ShallowFBCSPNet'>.
[2026-08-30 23:31:51,366][braindecode.datautil.util][INFO] - Using array-like to find signal-related parameters.
[2026-08-30 23:31:51,367][braindecode.eegneuralnet.EEGClassifier][INFO] - Passing additional parameters {'n_outputs': 2, 'n_times': 640, 'n_chans': 12} to module <class 'braindecode.models.shallow_fbcsp.ShallowFBCSPNet'>.
[2026-08-30 23:31:58,194][braindecode.datautil.util][INFO] - Using array-like to find signal-related parameters.
[2026-08-30 23:31:58,194][braindecode.eegneuralnet.EEGClassifier][INFO] - Passing additional parameters {'n_outputs': 2, 'n_times': 640, 'n_chans': 12} to module <class 'braindecode.models.shallow_fbcsp.ShallowFBCSPNet'>.
[2026-08-30 23:32:04,848][braindecode.datautil.util][INFO] - Using array-like to find signal-related parameters.
[2026-08-30 23:32:04,848][braindecode.eegneuralnet.EEGClassifier][INFO] - Passing additional parameters {'n_outputs': 2, 'n_times': 640, 'n_chans': 12} to module <class 'braindecode.models.shallow_fbcsp.ShallowFBCSPNet'>.
[2026-08-30 23:32:11,663][braindecode.datautil.util][INFO] - Using array-like to find signal-related parameters.
[2026-08-30 23:32:11,663][braindecode.eegneuralnet.EEGClassifier][INFO] - Passing additional parameters {'n_outputs': 2, 'n_times': 640, 'n_chans': 12} to module <class 'braindecode.models.shallow_fbcsp.ShallowFBCSPNet'>.
[2026-08-30 23:32:18,402][braindecode.datautil.util][INFO] - Using array-like to find signal-related parameters.
[2026-08-30 23:32:18,402][braindecode.eegneuralnet.EEGClassifier][INFO] - Passing additional parameters {'n_outputs': 2, 'n_times': 640, 'n_chans': 12} to module <class 'braindecode.models.shallow_fbcsp.ShallowFBCSPNet'>.
[2026-08-30 23:32:25,053][braindecode.datautil.util][INFO] - Using array-like to find signal-related parameters.
[2026-08-30 23:32:25,053][braindecode.eegneuralnet.EEGClassifier][INFO] - Passing additional parameters {'n_outputs': 2, 'n_times': 640, 'n_chans': 12} to module <class 'braindecode.models.shallow_fbcsp.ShallowFBCSPNet'>.
[2026-08-30 23:32:31,800][braindecode.datautil.util][INFO] - Using array-like to find signal-related parameters.
[2026-08-30 23:32:31,800][braindecode.eegneuralnet.EEGClassifier][INFO] - Passing additional parameters {'n_outputs': 2, 'n_times': 640, 'n_chans': 12} to module <class 'braindecode.models.shallow_fbcsp.ShallowFBCSPNet'>.
[2026-08-30 23:32:38,425][braindecode.datautil.util][INFO] - Using array-like to find signal-related parameters.
[2026-08-30 23:32:38,425][braindecode.eegneuralnet.EEGClassifier][INFO] - Passing additional parameters {'n_outputs': 2, 'n_times': 640, 'n_chans': 12} to module <class 'braindecode.models.shallow_fbcsp.ShallowFBCSPNet'>.
[2026-08-30 23:32:45,056][braindecode.datautil.util][INFO] - Using array-like to find signal-related parameters.
[2026-08-30 23:32:45,056][braindecode.eegneuralnet.EEGClassifier][INFO] - Passing additional parameters {'n_outputs': 2, 'n_times': 640, 'n_chans': 12} to module <class 'braindecode.models.shallow_fbcsp.ShallowFBCSPNet'>.
[2026-08-30 23:32:51,799][braindecode.datautil.util][INFO] - Using array-like to find signal-related parameters.
[2026-08-30 23:32:51,799][braindecode.eegneuralnet.EEGClassifier][INFO] - Passing additional parameters {'n_outputs': 2, 'n_times': 640, 'n_chans': 12} to module <class 'braindecode.models.shallow_fbcsp.ShallowFBCSPNet'>.
[2026-08-30 23:32:58,493][braindecode.datautil.util][INFO] - Using array-like to find signal-related parameters.
[2026-08-30 23:32:58,493][braindecode.eegneuralnet.EEGClassifier][INFO] - Passing additional parameters {'n_outputs': 2, 'n_times': 640, 'n_chans': 12} to module <class 'braindecode.models.shallow_fbcsp.ShallowFBCSPNet'>.
[2026-08-30 23:33:05,143][braindecode.datautil.util][INFO] - Using array-like to find signal-related parameters.
[2026-08-30 23:33:05,143][braindecode.eegneuralnet.EEGClassifier][INFO] - Passing additional parameters {'n_outputs': 2, 'n_times': 640, 'n_chans': 12} to module <class 'braindecode.models.shallow_fbcsp.ShallowFBCSPNet'>.
[2026-08-30 23:33:11,922][braindecode.datautil.util][INFO] - Using array-like to find signal-related parameters.
[2026-08-30 23:33:11,922][braindecode.eegneuralnet.EEGClassifier][INFO] - Passing additional parameters {'n_outputs': 2, 'n_times': 640, 'n_chans': 12} to module <class 'braindecode.models.shallow_fbcsp.ShallowFBCSPNet'>.
[2026-08-30 23:33:18,654][braindecode.datautil.util][INFO] - Using array-like to find signal-related parameters.
[2026-08-30 23:33:18,655][braindecode.eegneuralnet.EEGClassifier][INFO] - Passing additional parameters {'n_outputs': 2, 'n_times': 640, 'n_chans': 12} to module <class 'braindecode.models.shallow_fbcsp.ShallowFBCSPNet'>.
[2026-08-30 23:33:25,272][braindecode.datautil.util][INFO] - Using array-like to find signal-related parameters.
[2026-08-30 23:33:25,272][braindecode.eegneuralnet.EEGClassifier][INFO] - Passing additional parameters {'n_outputs': 2, 'n_times': 640, 'n_chans': 12} to module <class 'braindecode.models.shallow_fbcsp.ShallowFBCSPNet'>.
[2026-08-30 23:33:31,933][braindecode.datautil.util][INFO] - Using array-like to find signal-related parameters.
[2026-08-30 23:33:31,933][braindecode.eegneuralnet.EEGClassifier][INFO] - Passing additional parameters {'n_outputs': 2, 'n_times': 640, 'n_chans': 12} to module <class 'braindecode.models.shallow_fbcsp.ShallowFBCSPNet'>.
[2026-08-30 23:33:38,647][braindecode.datautil.util][INFO] - Using array-like to find signal-related parameters.
[2026-08-30 23:33:38,647][braindecode.eegneuralnet.EEGClassifier][INFO] - Passing additional parameters {'n_outputs': 2, 'n_times': 640, 'n_chans': 12} to module <class 'braindecode.models.shallow_fbcsp.ShallowFBCSPNet'>.
[2026-08-30 23:33:45,320][braindecode.datautil.util][INFO] - Using array-like to find signal-related parameters.
[2026-08-30 23:33:45,320][braindecode.eegneuralnet.EEGClassifier][INFO] - Passing additional parameters {'n_outputs': 2, 'n_times': 640, 'n_chans': 12} to module <class 'braindecode.models.shallow_fbcsp.ShallowFBCSPNet'>.
[2026-08-30 23:33:52,031][braindecode.datautil.util][INFO] - Using array-like to find signal-related parameters.
[2026-08-30 23:33:52,032][braindecode.eegneuralnet.EEGClassifier][INFO] - Passing additional parameters {'n_outputs': 2, 'n_times': 640, 'n_chans': 12} to module <class 'braindecode.models.shallow_fbcsp.ShallowFBCSPNet'>.
[2026-08-30 23:33:58,656][braindecode.datautil.util][INFO] - Using array-like to find signal-related parameters.
[2026-08-30 23:33:58,656][braindecode.eegneuralnet.EEGClassifier][INFO] - Passing additional parameters {'n_outputs': 2, 'n_times': 640, 'n_chans': 12} to module <class 'braindecode.models.shallow_fbcsp.ShallowFBCSPNet'>.
[2026-08-30 23:34:05,332][braindecode.datautil.util][INFO] - Using array-like to find signal-related parameters.
[2026-08-30 23:34:05,333][braindecode.eegneuralnet.EEGClassifier][INFO] - Passing additional parameters {'n_outputs': 2, 'n_times': 640, 'n_chans': 12} to module <class 'braindecode.models.shallow_fbcsp.ShallowFBCSPNet'>.
[2026-08-30 23:34:11,973][braindecode.datautil.util][INFO] - Using array-like to find signal-related parameters.
[2026-08-30 23:34:11,973][braindecode.eegneuralnet.EEGClassifier][INFO] - Passing additional parameters {'n_outputs': 2, 'n_times': 640, 'n_chans': 12} to module <class 'braindecode.models.shallow_fbcsp.ShallowFBCSPNet'>.
[2026-08-30 23:34:19,229][__main__][INFO] - Completed adhoc: 3 result(s) under /work/python_project/results/scenario_decoder (2026-08-30 % 15-48-47)/shallownet/cross_task_from_sam40_stroop (mean balanced accuracy 0.622)
[2026-08-30 23:34:19,263][hydra.experimental.callbacks.LogJobReturnCallback][INFO] - Succeeded with return value: None
