[2026-08-31 00:13:12,659][preparation][INFO] - Preparation sam40_stroop_arithmetic: started for tasks relax, stroop, arithmetic (derivatives: /work/python_project/datasets/bids/sam40/derivatives/mne-bids-pipeline/relax-stroop-arithmetic).
[2026-08-31 00:13:22,609][preparation][INFO] - Preparation sam40_stroop_arithmetic: complete; cache reused (1521 Pipeline cache hits); derivatives: /work/python_project/datasets/bids/sam40/derivatives/mne-bids-pipeline/relax-stroop-arithmetic; reports: /work/python_project/results/scenario_decoder (2026-08-30 % 15-48-47)/_preparation/sam40_stroop_arithmetic; full log: /work/python_project/results/scenario_decoder (2026-08-30 % 15-48-47)/shallownet/cross_task_from_sam40_stroop_arithmetic/_preparation/sam40_stroop_arithmetic.mne-bids-pipeline.log.
[2026-08-31 00:13:25,667][preparation][INFO] - Preparation sam40_mirror: started for tasks relax, mirror (derivatives: /work/python_project/datasets/bids/sam40/derivatives/mne-bids-pipeline/relax-mirror).
[2026-08-31 00:13:34,874][preparation][INFO] - Preparation sam40_mirror: complete; cache reused (1041 Pipeline cache hits); derivatives: /work/python_project/datasets/bids/sam40/derivatives/mne-bids-pipeline/relax-mirror; reports: /work/python_project/results/scenario_decoder (2026-08-30 % 15-48-47)/_preparation/sam40_mirror; full log: /work/python_project/results/scenario_decoder (2026-08-30 % 15-48-47)/shallownet/cross_task_from_sam40_stroop_arithmetic/_preparation/sam40_mirror.mne-bids-pipeline.log.
[2026-08-31 00:13:37,134][braindecode.datautil.util][INFO] - Using array-like to find signal-related parameters.
[2026-08-31 00:13:37,135][braindecode.eegneuralnet.EEGClassifier][INFO] - Passing additional parameters {'n_outputs': 2, 'n_times': 640, 'n_chans': 12} to module <class 'braindecode.models.shallow_fbcsp.ShallowFBCSPNet'>.
[2026-08-31 00:13:47,210][braindecode.datautil.util][INFO] - Using array-like to find signal-related parameters.
[2026-08-31 00:13:47,211][braindecode.eegneuralnet.EEGClassifier][INFO] - Passing additional parameters {'n_outputs': 2, 'n_times': 640, 'n_chans': 12} to module <class 'braindecode.models.shallow_fbcsp.ShallowFBCSPNet'>.
[2026-08-31 00:13:57,283][braindecode.datautil.util][INFO] - Using array-like to find signal-related parameters.
[2026-08-31 00:13:57,284][braindecode.eegneuralnet.EEGClassifier][INFO] - Passing additional parameters {'n_outputs': 2, 'n_times': 640, 'n_chans': 12} to module <class 'braindecode.models.shallow_fbcsp.ShallowFBCSPNet'>.
[2026-08-31 00:14:07,326][braindecode.datautil.util][INFO] - Using array-like to find signal-related parameters.
[2026-08-31 00:14:07,326][braindecode.eegneuralnet.EEGClassifier][INFO] - Passing additional parameters {'n_outputs': 2, 'n_times': 640, 'n_chans': 12} to module <class 'braindecode.models.shallow_fbcsp.ShallowFBCSPNet'>.
[2026-08-31 00:14:17,470][braindecode.datautil.util][INFO] - Using array-like to find signal-related parameters.
[2026-08-31 00:14:17,470][braindecode.eegneuralnet.EEGClassifier][INFO] - Passing additional parameters {'n_outputs': 2, 'n_times': 640, 'n_chans': 12} to module <class 'braindecode.models.shallow_fbcsp.ShallowFBCSPNet'>.
[2026-08-31 00:14:27,240][braindecode.datautil.util][INFO] - Using array-like to find signal-related parameters.
[2026-08-31 00:14:27,240][braindecode.eegneuralnet.EEGClassifier][INFO] - Passing additional parameters {'n_outputs': 2, 'n_times': 640, 'n_chans': 12} to module <class 'braindecode.models.shallow_fbcsp.ShallowFBCSPNet'>.
[2026-08-31 00:14:37,089][braindecode.datautil.util][INFO] - Using array-like to find signal-related parameters.
[2026-08-31 00:14:37,089][braindecode.eegneuralnet.EEGClassifier][INFO] - Passing additional parameters {'n_outputs': 2, 'n_times': 640, 'n_chans': 12} to module <class 'braindecode.models.shallow_fbcsp.ShallowFBCSPNet'>.
[2026-08-31 00:14:47,088][braindecode.datautil.util][INFO] - Using array-like to find signal-related parameters.
[2026-08-31 00:14:47,088][braindecode.eegneuralnet.EEGClassifier][INFO] - Passing additional parameters {'n_outputs': 2, 'n_times': 640, 'n_chans': 12} to module <class 'braindecode.models.shallow_fbcsp.ShallowFBCSPNet'>.
[2026-08-31 00:14:57,040][braindecode.datautil.util][INFO] - Using array-like to find signal-related parameters.
[2026-08-31 00:14:57,041][braindecode.eegneuralnet.EEGClassifier][INFO] - Passing additional parameters {'n_outputs': 2, 'n_times': 640, 'n_chans': 12} to module <class 'braindecode.models.shallow_fbcsp.ShallowFBCSPNet'>.
[2026-08-31 00:15:06,921][braindecode.datautil.util][INFO] - Using array-like to find signal-related parameters.
[2026-08-31 00:15:06,921][braindecode.eegneuralnet.EEGClassifier][INFO] - Passing additional parameters {'n_outputs': 2, 'n_times': 640, 'n_chans': 12} to module <class 'braindecode.models.shallow_fbcsp.ShallowFBCSPNet'>.
[2026-08-31 00:15:16,710][braindecode.datautil.util][INFO] - Using array-like to find signal-related parameters.
[2026-08-31 00:15:16,710][braindecode.eegneuralnet.EEGClassifier][INFO] - Passing additional parameters {'n_outputs': 2, 'n_times': 640, 'n_chans': 12} to module <class 'braindecode.models.shallow_fbcsp.ShallowFBCSPNet'>.
[2026-08-31 00:15:26,520][braindecode.datautil.util][INFO] - Using array-like to find signal-related parameters.
[2026-08-31 00:15:26,520][braindecode.eegneuralnet.EEGClassifier][INFO] - Passing additional parameters {'n_outputs': 2, 'n_times': 640, 'n_chans': 12} to module <class 'braindecode.models.shallow_fbcsp.ShallowFBCSPNet'>.
[2026-08-31 00:15:36,330][braindecode.datautil.util][INFO] - Using array-like to find signal-related parameters.
[2026-08-31 00:15:36,330][braindecode.eegneuralnet.EEGClassifier][INFO] - Passing additional parameters {'n_outputs': 2, 'n_times': 640, 'n_chans': 12} to module <class 'braindecode.models.shallow_fbcsp.ShallowFBCSPNet'>.
[2026-08-31 00:15:46,200][braindecode.datautil.util][INFO] - Using array-like to find signal-related parameters.
[2026-08-31 00:15:46,200][braindecode.eegneuralnet.EEGClassifier][INFO] - Passing additional parameters {'n_outputs': 2, 'n_times': 640, 'n_chans': 12} to module <class 'braindecode.models.shallow_fbcsp.ShallowFBCSPNet'>.
[2026-08-31 00:15:55,994][braindecode.datautil.util][INFO] - Using array-like to find signal-related parameters.
[2026-08-31 00:15:55,994][braindecode.eegneuralnet.EEGClassifier][INFO] - Passing additional parameters {'n_outputs': 2, 'n_times': 640, 'n_chans': 12} to module <class 'braindecode.models.shallow_fbcsp.ShallowFBCSPNet'>.
[2026-08-31 00:16:05,883][braindecode.datautil.util][INFO] - Using array-like to find signal-related parameters.
[2026-08-31 00:16:05,884][braindecode.eegneuralnet.EEGClassifier][INFO] - Passing additional parameters {'n_outputs': 2, 'n_times': 640, 'n_chans': 12} to module <class 'braindecode.models.shallow_fbcsp.ShallowFBCSPNet'>.
[2026-08-31 00:16:15,773][braindecode.datautil.util][INFO] - Using array-like to find signal-related parameters.
[2026-08-31 00:16:15,773][braindecode.eegneuralnet.EEGClassifier][INFO] - Passing additional parameters {'n_outputs': 2, 'n_times': 640, 'n_chans': 12} to module <class 'braindecode.models.shallow_fbcsp.ShallowFBCSPNet'>.
[2026-08-31 00:16:25,621][braindecode.datautil.util][INFO] - Using array-like to find signal-related parameters.
[2026-08-31 00:16:25,621][braindecode.eegneuralnet.EEGClassifier][INFO] - Passing additional parameters {'n_outputs': 2, 'n_times': 640, 'n_chans': 12} to module <class 'braindecode.models.shallow_fbcsp.ShallowFBCSPNet'>.
[2026-08-31 00:16:35,444][braindecode.datautil.util][INFO] - Using array-like to find signal-related parameters.
[2026-08-31 00:16:35,445][braindecode.eegneuralnet.EEGClassifier][INFO] - Passing additional parameters {'n_outputs': 2, 'n_times': 640, 'n_chans': 12} to module <class 'braindecode.models.shallow_fbcsp.ShallowFBCSPNet'>.
[2026-08-31 00:16:45,219][braindecode.datautil.util][INFO] - Using array-like to find signal-related parameters.
[2026-08-31 00:16:45,220][braindecode.eegneuralnet.EEGClassifier][INFO] - Passing additional parameters {'n_outputs': 2, 'n_times': 640, 'n_chans': 12} to module <class 'braindecode.models.shallow_fbcsp.ShallowFBCSPNet'>.
[2026-08-31 00:16:54,959][braindecode.datautil.util][INFO] - Using array-like to find signal-related parameters.
[2026-08-31 00:16:54,959][braindecode.eegneuralnet.EEGClassifier][INFO] - Passing additional parameters {'n_outputs': 2, 'n_times': 640, 'n_chans': 12} to module <class 'braindecode.models.shallow_fbcsp.ShallowFBCSPNet'>.
[2026-08-31 00:17:04,824][braindecode.datautil.util][INFO] - Using array-like to find signal-related parameters.
[2026-08-31 00:17:04,824][braindecode.eegneuralnet.EEGClassifier][INFO] - Passing additional parameters {'n_outputs': 2, 'n_times': 640, 'n_chans': 12} to module <class 'braindecode.models.shallow_fbcsp.ShallowFBCSPNet'>.
[2026-08-31 00:17:14,678][braindecode.datautil.util][INFO] - Using array-like to find signal-related parameters.
[2026-08-31 00:17:14,678][braindecode.eegneuralnet.EEGClassifier][INFO] - Passing additional parameters {'n_outputs': 2, 'n_times': 640, 'n_chans': 12} to module <class 'braindecode.models.shallow_fbcsp.ShallowFBCSPNet'>.
[2026-08-31 00:17:24,521][braindecode.datautil.util][INFO] - Using array-like to find signal-related parameters.
[2026-08-31 00:17:24,521][braindecode.eegneuralnet.EEGClassifier][INFO] - Passing additional parameters {'n_outputs': 2, 'n_times': 640, 'n_chans': 12} to module <class 'braindecode.models.shallow_fbcsp.ShallowFBCSPNet'>.
[2026-08-31 00:17:34,384][braindecode.datautil.util][INFO] - Using array-like to find signal-related parameters.
[2026-08-31 00:17:34,384][braindecode.eegneuralnet.EEGClassifier][INFO] - Passing additional parameters {'n_outputs': 2, 'n_times': 640, 'n_chans': 12} to module <class 'braindecode.models.shallow_fbcsp.ShallowFBCSPNet'>.
[2026-08-31 00:17:44,209][braindecode.datautil.util][INFO] - Using array-like to find signal-related parameters.
[2026-08-31 00:17:44,210][braindecode.eegneuralnet.EEGClassifier][INFO] - Passing additional parameters {'n_outputs': 2, 'n_times': 640, 'n_chans': 12} to module <class 'braindecode.models.shallow_fbcsp.ShallowFBCSPNet'>.
[2026-08-31 00:17:54,010][braindecode.datautil.util][INFO] - Using array-like to find signal-related parameters.
[2026-08-31 00:17:54,011][braindecode.eegneuralnet.EEGClassifier][INFO] - Passing additional parameters {'n_outputs': 2, 'n_times': 640, 'n_chans': 12} to module <class 'braindecode.models.shallow_fbcsp.ShallowFBCSPNet'>.
[2026-08-31 00:18:03,840][braindecode.datautil.util][INFO] - Using array-like to find signal-related parameters.
[2026-08-31 00:18:03,841][braindecode.eegneuralnet.EEGClassifier][INFO] - Passing additional parameters {'n_outputs': 2, 'n_times': 640, 'n_chans': 12} to module <class 'braindecode.models.shallow_fbcsp.ShallowFBCSPNet'>.
[2026-08-31 00:18:13,609][braindecode.datautil.util][INFO] - Using array-like to find signal-related parameters.
[2026-08-31 00:18:13,609][braindecode.eegneuralnet.EEGClassifier][INFO] - Passing additional parameters {'n_outputs': 2, 'n_times': 640, 'n_chans': 12} to module <class 'braindecode.models.shallow_fbcsp.ShallowFBCSPNet'>.
[2026-08-31 00:18:23,354][braindecode.datautil.util][INFO] - Using array-like to find signal-related parameters.
[2026-08-31 00:18:23,354][braindecode.eegneuralnet.EEGClassifier][INFO] - Passing additional parameters {'n_outputs': 2, 'n_times': 640, 'n_chans': 12} to module <class 'braindecode.models.shallow_fbcsp.ShallowFBCSPNet'>.
[2026-08-31 00:18:33,247][braindecode.datautil.util][INFO] - Using array-like to find signal-related parameters.
[2026-08-31 00:18:33,247][braindecode.eegneuralnet.EEGClassifier][INFO] - Passing additional parameters {'n_outputs': 2, 'n_times': 640, 'n_chans': 12} to module <class 'braindecode.models.shallow_fbcsp.ShallowFBCSPNet'>.
[2026-08-31 00:18:43,089][braindecode.datautil.util][INFO] - Using array-like to find signal-related parameters.
[2026-08-31 00:18:43,089][braindecode.eegneuralnet.EEGClassifier][INFO] - Passing additional parameters {'n_outputs': 2, 'n_times': 640, 'n_chans': 12} to module <class 'braindecode.models.shallow_fbcsp.ShallowFBCSPNet'>.
[2026-08-31 00:18:52,954][braindecode.datautil.util][INFO] - Using array-like to find signal-related parameters.
[2026-08-31 00:18:52,954][braindecode.eegneuralnet.EEGClassifier][INFO] - Passing additional parameters {'n_outputs': 2, 'n_times': 640, 'n_chans': 12} to module <class 'braindecode.models.shallow_fbcsp.ShallowFBCSPNet'>.
[2026-08-31 00:19:02,592][braindecode.datautil.util][INFO] - Using array-like to find signal-related parameters.
[2026-08-31 00:19:02,592][braindecode.eegneuralnet.EEGClassifier][INFO] - Passing additional parameters {'n_outputs': 2, 'n_times': 640, 'n_chans': 12} to module <class 'braindecode.models.shallow_fbcsp.ShallowFBCSPNet'>.
[2026-08-31 00:19:11,429][braindecode.datautil.util][INFO] - Using array-like to find signal-related parameters.
[2026-08-31 00:19:11,429][braindecode.eegneuralnet.EEGClassifier][INFO] - Passing additional parameters {'n_outputs': 2, 'n_times': 640, 'n_chans': 12} to module <class 'braindecode.models.shallow_fbcsp.ShallowFBCSPNet'>.
[2026-08-31 00:19:21,283][braindecode.datautil.util][INFO] - Using array-like to find signal-related parameters.
[2026-08-31 00:19:21,283][braindecode.eegneuralnet.EEGClassifier][INFO] - Passing additional parameters {'n_outputs': 2, 'n_times': 640, 'n_chans': 12} to module <class 'braindecode.models.shallow_fbcsp.ShallowFBCSPNet'>.
[2026-08-31 00:19:31,056][braindecode.datautil.util][INFO] - Using array-like to find signal-related parameters.
[2026-08-31 00:19:31,057][braindecode.eegneuralnet.EEGClassifier][INFO] - Passing additional parameters {'n_outputs': 2, 'n_times': 640, 'n_chans': 12} to module <class 'braindecode.models.shallow_fbcsp.ShallowFBCSPNet'>.
[2026-08-31 00:19:40,863][braindecode.datautil.util][INFO] - Using array-like to find signal-related parameters.
[2026-08-31 00:19:40,864][braindecode.eegneuralnet.EEGClassifier][INFO] - Passing additional parameters {'n_outputs': 2, 'n_times': 640, 'n_chans': 12} to module <class 'braindecode.models.shallow_fbcsp.ShallowFBCSPNet'>.
[2026-08-31 00:19:50,581][braindecode.datautil.util][INFO] - Using array-like to find signal-related parameters.
[2026-08-31 00:19:50,582][braindecode.eegneuralnet.EEGClassifier][INFO] - Passing additional parameters {'n_outputs': 2, 'n_times': 640, 'n_chans': 12} to module <class 'braindecode.models.shallow_fbcsp.ShallowFBCSPNet'>.
[2026-08-31 00:20:00,226][braindecode.datautil.util][INFO] - Using array-like to find signal-related parameters.
[2026-08-31 00:20:00,226][braindecode.eegneuralnet.EEGClassifier][INFO] - Passing additional parameters {'n_outputs': 2, 'n_times': 640, 'n_chans': 12} to module <class 'braindecode.models.shallow_fbcsp.ShallowFBCSPNet'>.
[2026-08-31 00:20:09,877][__main__][INFO] - Completed adhoc: 1 result(s) under /work/python_project/results/scenario_decoder (2026-08-30 % 15-48-47)/shallownet/cross_task_from_sam40_stroop_arithmetic (mean balanced accuracy 0.666)
[2026-08-31 00:20:09,917][hydra.experimental.callbacks.LogJobReturnCallback][INFO] - Succeeded with return value: None
