[2026-08-30 23:19:48,976][preparation][INFO] - Preparation sam40_stroop: started for tasks relax, stroop (derivatives: /work/python_project/datasets/bids/sam40/derivatives/mne-bids-pipeline/relax-stroop).
[2026-08-30 23:19:58,382][preparation][INFO] - Preparation sam40_stroop: complete; cache reused (1041 Pipeline cache hits); derivatives: /work/python_project/datasets/bids/sam40/derivatives/mne-bids-pipeline/relax-stroop; reports: /work/python_project/results/scenario_decoder (2026-08-30 % 15-48-47)/_preparation/sam40_stroop; full log: /work/python_project/results/scenario_decoder (2026-08-30 % 15-48-47)/eegnet/cross_task_from_sam40_stroop/_preparation/sam40_stroop.mne-bids-pipeline.log.
[2026-08-30 23:20:00,118][preparation][INFO] - Preparation sam40_arithmetic: started for tasks relax, arithmetic (derivatives: /work/python_project/datasets/bids/sam40/derivatives/mne-bids-pipeline/relax-arithmetic).
[2026-08-30 23:20:09,351][preparation][INFO] - Preparation sam40_arithmetic: complete; cache reused (1041 Pipeline cache hits); derivatives: /work/python_project/datasets/bids/sam40/derivatives/mne-bids-pipeline/relax-arithmetic; reports: /work/python_project/results/scenario_decoder (2026-08-30 % 15-48-47)/_preparation/sam40_arithmetic; full log: /work/python_project/results/scenario_decoder (2026-08-30 % 15-48-47)/eegnet/cross_task_from_sam40_stroop/_preparation/sam40_arithmetic.mne-bids-pipeline.log.
[2026-08-30 23:20:11,483][preparation][INFO] - Preparation sam40_arithmetic_mirror: started for tasks relax, arithmetic, mirror (derivatives: /work/python_project/datasets/bids/sam40/derivatives/mne-bids-pipeline/relax-arithmetic-mirror).
[2026-08-30 23:20:21,279][preparation][INFO] - Preparation sam40_arithmetic_mirror: complete; cache reused (1521 Pipeline cache hits); derivatives: /work/python_project/datasets/bids/sam40/derivatives/mne-bids-pipeline/relax-arithmetic-mirror; reports: /work/python_project/results/scenario_decoder (2026-08-30 % 15-48-47)/_preparation/sam40_arithmetic_mirror; full log: /work/python_project/results/scenario_decoder (2026-08-30 % 15-48-47)/eegnet/cross_task_from_sam40_stroop/_preparation/sam40_arithmetic_mirror.mne-bids-pipeline.log.
[2026-08-30 23:20:23,895][preparation][INFO] - Preparation sam40_mirror: started for tasks relax, mirror (derivatives: /work/python_project/datasets/bids/sam40/derivatives/mne-bids-pipeline/relax-mirror).
[2026-08-30 23:20:33,196][preparation][INFO] - Preparation sam40_mirror: complete; cache reused (1041 Pipeline cache hits); derivatives: /work/python_project/datasets/bids/sam40/derivatives/mne-bids-pipeline/relax-mirror; reports: /work/python_project/results/scenario_decoder (2026-08-30 % 15-48-47)/_preparation/sam40_mirror; full log: /work/python_project/results/scenario_decoder (2026-08-30 % 15-48-47)/eegnet/cross_task_from_sam40_stroop/_preparation/sam40_mirror.mne-bids-pipeline.log.
[2026-08-30 23:20:35,324][braindecode.datautil.util][INFO] - Using array-like to find signal-related parameters.
[2026-08-30 23:20:35,324][braindecode.eegneuralnet.EEGClassifier][INFO] - Passing additional parameters {'n_outputs': 2, 'n_times': 640, 'n_chans': 12} to module <class 'braindecode.models.eegnet.EEGNet'>.
[2026-08-30 23:20:43,780][braindecode.datautil.util][INFO] - Using array-like to find signal-related parameters.
[2026-08-30 23:20:43,780][braindecode.eegneuralnet.EEGClassifier][INFO] - Passing additional parameters {'n_outputs': 2, 'n_times': 640, 'n_chans': 12} to module <class 'braindecode.models.eegnet.EEGNet'>.
[2026-08-30 23:20:52,146][braindecode.datautil.util][INFO] - Using array-like to find signal-related parameters.
[2026-08-30 23:20:52,147][braindecode.eegneuralnet.EEGClassifier][INFO] - Passing additional parameters {'n_outputs': 2, 'n_times': 640, 'n_chans': 12} to module <class 'braindecode.models.eegnet.EEGNet'>.
[2026-08-30 23:21:00,598][braindecode.datautil.util][INFO] - Using array-like to find signal-related parameters.
[2026-08-30 23:21:00,599][braindecode.eegneuralnet.EEGClassifier][INFO] - Passing additional parameters {'n_outputs': 2, 'n_times': 640, 'n_chans': 12} to module <class 'braindecode.models.eegnet.EEGNet'>.
[2026-08-30 23:21:09,045][braindecode.datautil.util][INFO] - Using array-like to find signal-related parameters.
[2026-08-30 23:21:09,046][braindecode.eegneuralnet.EEGClassifier][INFO] - Passing additional parameters {'n_outputs': 2, 'n_times': 640, 'n_chans': 12} to module <class 'braindecode.models.eegnet.EEGNet'>.
[2026-08-30 23:21:17,400][braindecode.datautil.util][INFO] - Using array-like to find signal-related parameters.
[2026-08-30 23:21:17,400][braindecode.eegneuralnet.EEGClassifier][INFO] - Passing additional parameters {'n_outputs': 2, 'n_times': 640, 'n_chans': 12} to module <class 'braindecode.models.eegnet.EEGNet'>.
[2026-08-30 23:21:25,797][braindecode.datautil.util][INFO] - Using array-like to find signal-related parameters.
[2026-08-30 23:21:25,797][braindecode.eegneuralnet.EEGClassifier][INFO] - Passing additional parameters {'n_outputs': 2, 'n_times': 640, 'n_chans': 12} to module <class 'braindecode.models.eegnet.EEGNet'>.
[2026-08-30 23:21:34,228][braindecode.datautil.util][INFO] - Using array-like to find signal-related parameters.
[2026-08-30 23:21:34,228][braindecode.eegneuralnet.EEGClassifier][INFO] - Passing additional parameters {'n_outputs': 2, 'n_times': 640, 'n_chans': 12} to module <class 'braindecode.models.eegnet.EEGNet'>.
[2026-08-30 23:21:42,699][braindecode.datautil.util][INFO] - Using array-like to find signal-related parameters.
[2026-08-30 23:21:42,699][braindecode.eegneuralnet.EEGClassifier][INFO] - Passing additional parameters {'n_outputs': 2, 'n_times': 640, 'n_chans': 12} to module <class 'braindecode.models.eegnet.EEGNet'>.
[2026-08-30 23:21:51,148][braindecode.datautil.util][INFO] - Using array-like to find signal-related parameters.
[2026-08-30 23:21:51,149][braindecode.eegneuralnet.EEGClassifier][INFO] - Passing additional parameters {'n_outputs': 2, 'n_times': 640, 'n_chans': 12} to module <class 'braindecode.models.eegnet.EEGNet'>.
[2026-08-30 23:21:59,484][braindecode.datautil.util][INFO] - Using array-like to find signal-related parameters.
[2026-08-30 23:21:59,484][braindecode.eegneuralnet.EEGClassifier][INFO] - Passing additional parameters {'n_outputs': 2, 'n_times': 640, 'n_chans': 12} to module <class 'braindecode.models.eegnet.EEGNet'>.
[2026-08-30 23:22:07,853][braindecode.datautil.util][INFO] - Using array-like to find signal-related parameters.
[2026-08-30 23:22:07,854][braindecode.eegneuralnet.EEGClassifier][INFO] - Passing additional parameters {'n_outputs': 2, 'n_times': 640, 'n_chans': 12} to module <class 'braindecode.models.eegnet.EEGNet'>.
[2026-08-30 23:22:16,125][braindecode.datautil.util][INFO] - Using array-like to find signal-related parameters.
[2026-08-30 23:22:16,126][braindecode.eegneuralnet.EEGClassifier][INFO] - Passing additional parameters {'n_outputs': 2, 'n_times': 640, 'n_chans': 12} to module <class 'braindecode.models.eegnet.EEGNet'>.
[2026-08-30 23:22:24,437][braindecode.datautil.util][INFO] - Using array-like to find signal-related parameters.
[2026-08-30 23:22:24,438][braindecode.eegneuralnet.EEGClassifier][INFO] - Passing additional parameters {'n_outputs': 2, 'n_times': 640, 'n_chans': 12} to module <class 'braindecode.models.eegnet.EEGNet'>.
[2026-08-30 23:22:32,723][braindecode.datautil.util][INFO] - Using array-like to find signal-related parameters.
[2026-08-30 23:22:32,723][braindecode.eegneuralnet.EEGClassifier][INFO] - Passing additional parameters {'n_outputs': 2, 'n_times': 640, 'n_chans': 12} to module <class 'braindecode.models.eegnet.EEGNet'>.
[2026-08-30 23:22:40,989][braindecode.datautil.util][INFO] - Using array-like to find signal-related parameters.
[2026-08-30 23:22:40,990][braindecode.eegneuralnet.EEGClassifier][INFO] - Passing additional parameters {'n_outputs': 2, 'n_times': 640, 'n_chans': 12} to module <class 'braindecode.models.eegnet.EEGNet'>.
[2026-08-30 23:22:49,244][braindecode.datautil.util][INFO] - Using array-like to find signal-related parameters.
[2026-08-30 23:22:49,244][braindecode.eegneuralnet.EEGClassifier][INFO] - Passing additional parameters {'n_outputs': 2, 'n_times': 640, 'n_chans': 12} to module <class 'braindecode.models.eegnet.EEGNet'>.
[2026-08-30 23:22:57,519][braindecode.datautil.util][INFO] - Using array-like to find signal-related parameters.
[2026-08-30 23:22:57,519][braindecode.eegneuralnet.EEGClassifier][INFO] - Passing additional parameters {'n_outputs': 2, 'n_times': 640, 'n_chans': 12} to module <class 'braindecode.models.eegnet.EEGNet'>.
[2026-08-30 23:23:05,754][braindecode.datautil.util][INFO] - Using array-like to find signal-related parameters.
[2026-08-30 23:23:05,754][braindecode.eegneuralnet.EEGClassifier][INFO] - Passing additional parameters {'n_outputs': 2, 'n_times': 640, 'n_chans': 12} to module <class 'braindecode.models.eegnet.EEGNet'>.
[2026-08-30 23:23:14,108][braindecode.datautil.util][INFO] - Using array-like to find signal-related parameters.
[2026-08-30 23:23:14,109][braindecode.eegneuralnet.EEGClassifier][INFO] - Passing additional parameters {'n_outputs': 2, 'n_times': 640, 'n_chans': 12} to module <class 'braindecode.models.eegnet.EEGNet'>.
[2026-08-30 23:23:22,926][braindecode.datautil.util][INFO] - Using array-like to find signal-related parameters.
[2026-08-30 23:23:22,926][braindecode.eegneuralnet.EEGClassifier][INFO] - Passing additional parameters {'n_outputs': 2, 'n_times': 640, 'n_chans': 12} to module <class 'braindecode.models.eegnet.EEGNet'>.
[2026-08-30 23:23:31,415][braindecode.datautil.util][INFO] - Using array-like to find signal-related parameters.
[2026-08-30 23:23:31,415][braindecode.eegneuralnet.EEGClassifier][INFO] - Passing additional parameters {'n_outputs': 2, 'n_times': 640, 'n_chans': 12} to module <class 'braindecode.models.eegnet.EEGNet'>.
[2026-08-30 23:23:39,834][braindecode.datautil.util][INFO] - Using array-like to find signal-related parameters.
[2026-08-30 23:23:39,834][braindecode.eegneuralnet.EEGClassifier][INFO] - Passing additional parameters {'n_outputs': 2, 'n_times': 640, 'n_chans': 12} to module <class 'braindecode.models.eegnet.EEGNet'>.
[2026-08-30 23:23:48,235][braindecode.datautil.util][INFO] - Using array-like to find signal-related parameters.
[2026-08-30 23:23:48,235][braindecode.eegneuralnet.EEGClassifier][INFO] - Passing additional parameters {'n_outputs': 2, 'n_times': 640, 'n_chans': 12} to module <class 'braindecode.models.eegnet.EEGNet'>.
[2026-08-30 23:23:56,704][braindecode.datautil.util][INFO] - Using array-like to find signal-related parameters.
[2026-08-30 23:23:56,704][braindecode.eegneuralnet.EEGClassifier][INFO] - Passing additional parameters {'n_outputs': 2, 'n_times': 640, 'n_chans': 12} to module <class 'braindecode.models.eegnet.EEGNet'>.
[2026-08-30 23:24:04,974][braindecode.datautil.util][INFO] - Using array-like to find signal-related parameters.
[2026-08-30 23:24:04,974][braindecode.eegneuralnet.EEGClassifier][INFO] - Passing additional parameters {'n_outputs': 2, 'n_times': 640, 'n_chans': 12} to module <class 'braindecode.models.eegnet.EEGNet'>.
[2026-08-30 23:24:11,981][braindecode.datautil.util][INFO] - Using array-like to find signal-related parameters.
[2026-08-30 23:24:11,981][braindecode.eegneuralnet.EEGClassifier][INFO] - Passing additional parameters {'n_outputs': 2, 'n_times': 640, 'n_chans': 12} to module <class 'braindecode.models.eegnet.EEGNet'>.
[2026-08-30 23:24:19,934][braindecode.datautil.util][INFO] - Using array-like to find signal-related parameters.
[2026-08-30 23:24:19,934][braindecode.eegneuralnet.EEGClassifier][INFO] - Passing additional parameters {'n_outputs': 2, 'n_times': 640, 'n_chans': 12} to module <class 'braindecode.models.eegnet.EEGNet'>.
[2026-08-30 23:24:26,762][braindecode.datautil.util][INFO] - Using array-like to find signal-related parameters.
[2026-08-30 23:24:26,763][braindecode.eegneuralnet.EEGClassifier][INFO] - Passing additional parameters {'n_outputs': 2, 'n_times': 640, 'n_chans': 12} to module <class 'braindecode.models.eegnet.EEGNet'>.
[2026-08-30 23:24:34,357][braindecode.datautil.util][INFO] - Using array-like to find signal-related parameters.
[2026-08-30 23:24:34,357][braindecode.eegneuralnet.EEGClassifier][INFO] - Passing additional parameters {'n_outputs': 2, 'n_times': 640, 'n_chans': 12} to module <class 'braindecode.models.eegnet.EEGNet'>.
[2026-08-30 23:24:41,563][braindecode.datautil.util][INFO] - Using array-like to find signal-related parameters.
[2026-08-30 23:24:41,564][braindecode.eegneuralnet.EEGClassifier][INFO] - Passing additional parameters {'n_outputs': 2, 'n_times': 640, 'n_chans': 12} to module <class 'braindecode.models.eegnet.EEGNet'>.
[2026-08-30 23:24:50,031][braindecode.datautil.util][INFO] - Using array-like to find signal-related parameters.
[2026-08-30 23:24:50,031][braindecode.eegneuralnet.EEGClassifier][INFO] - Passing additional parameters {'n_outputs': 2, 'n_times': 640, 'n_chans': 12} to module <class 'braindecode.models.eegnet.EEGNet'>.
[2026-08-30 23:24:58,518][braindecode.datautil.util][INFO] - Using array-like to find signal-related parameters.
[2026-08-30 23:24:58,518][braindecode.eegneuralnet.EEGClassifier][INFO] - Passing additional parameters {'n_outputs': 2, 'n_times': 640, 'n_chans': 12} to module <class 'braindecode.models.eegnet.EEGNet'>.
[2026-08-30 23:25:06,968][braindecode.datautil.util][INFO] - Using array-like to find signal-related parameters.
[2026-08-30 23:25:06,968][braindecode.eegneuralnet.EEGClassifier][INFO] - Passing additional parameters {'n_outputs': 2, 'n_times': 640, 'n_chans': 12} to module <class 'braindecode.models.eegnet.EEGNet'>.
[2026-08-30 23:25:15,295][braindecode.datautil.util][INFO] - Using array-like to find signal-related parameters.
[2026-08-30 23:25:15,296][braindecode.eegneuralnet.EEGClassifier][INFO] - Passing additional parameters {'n_outputs': 2, 'n_times': 640, 'n_chans': 12} to module <class 'braindecode.models.eegnet.EEGNet'>.
[2026-08-30 23:25:23,720][braindecode.datautil.util][INFO] - Using array-like to find signal-related parameters.
[2026-08-30 23:25:23,720][braindecode.eegneuralnet.EEGClassifier][INFO] - Passing additional parameters {'n_outputs': 2, 'n_times': 640, 'n_chans': 12} to module <class 'braindecode.models.eegnet.EEGNet'>.
[2026-08-30 23:25:32,261][braindecode.datautil.util][INFO] - Using array-like to find signal-related parameters.
[2026-08-30 23:25:32,261][braindecode.eegneuralnet.EEGClassifier][INFO] - Passing additional parameters {'n_outputs': 2, 'n_times': 640, 'n_chans': 12} to module <class 'braindecode.models.eegnet.EEGNet'>.
[2026-08-30 23:25:40,757][braindecode.datautil.util][INFO] - Using array-like to find signal-related parameters.
[2026-08-30 23:25:40,757][braindecode.eegneuralnet.EEGClassifier][INFO] - Passing additional parameters {'n_outputs': 2, 'n_times': 640, 'n_chans': 12} to module <class 'braindecode.models.eegnet.EEGNet'>.
[2026-08-30 23:25:49,230][braindecode.datautil.util][INFO] - Using array-like to find signal-related parameters.
[2026-08-30 23:25:49,230][braindecode.eegneuralnet.EEGClassifier][INFO] - Passing additional parameters {'n_outputs': 2, 'n_times': 640, 'n_chans': 12} to module <class 'braindecode.models.eegnet.EEGNet'>.
[2026-08-30 23:25:57,751][braindecode.datautil.util][INFO] - Using array-like to find signal-related parameters.
[2026-08-30 23:25:57,751][braindecode.eegneuralnet.EEGClassifier][INFO] - Passing additional parameters {'n_outputs': 2, 'n_times': 640, 'n_chans': 12} to module <class 'braindecode.models.eegnet.EEGNet'>.
[2026-08-30 23:26:06,797][__main__][INFO] - Completed adhoc: 3 result(s) under /work/python_project/results/scenario_decoder (2026-08-30 % 15-48-47)/eegnet/cross_task_from_sam40_stroop (mean balanced accuracy 0.579)
[2026-08-30 23:26:06,831][hydra.experimental.callbacks.LogJobReturnCallback][INFO] - Succeeded with return value: None
