[2026-08-28 08:36:06,773][braindecode.datautil.util][INFO] - Using array-like to find signal-related parameters.
[2026-08-28 08:36:06,773][braindecode.eegneuralnet.EEGClassifier][INFO] - Overriding inferred parameters with user specified parametersdict_items([('num_layers', 4), ('num_heads', 8)]).
[2026-08-28 08:36:06,773][braindecode.eegneuralnet.EEGClassifier][INFO] - Passing additional parameters {'n_outputs': 2, 'n_times': 640, 'n_chans': 12} to module <class 'braindecode.models.eegconformer.EEGConformer'>.
[2026-08-28 08:36:10,358][braindecode.datautil.util][INFO] - Using array-like to find signal-related parameters.
[2026-08-28 08:36:10,358][braindecode.eegneuralnet.EEGClassifier][INFO] - Overriding inferred parameters with user specified parametersdict_items([('num_layers', 4), ('num_heads', 8)]).
[2026-08-28 08:36:10,358][braindecode.eegneuralnet.EEGClassifier][INFO] - Passing additional parameters {'n_outputs': 2, 'n_times': 640, 'n_chans': 12} to module <class 'braindecode.models.eegconformer.EEGConformer'>.
[2026-08-28 08:36:14,196][braindecode.datautil.util][INFO] - Using array-like to find signal-related parameters.
[2026-08-28 08:36:14,196][braindecode.eegneuralnet.EEGClassifier][INFO] - Overriding inferred parameters with user specified parametersdict_items([('num_layers', 4), ('num_heads', 8)]).
[2026-08-28 08:36:14,196][braindecode.eegneuralnet.EEGClassifier][INFO] - Passing additional parameters {'n_outputs': 2, 'n_times': 640, 'n_chans': 12} to module <class 'braindecode.models.eegconformer.EEGConformer'>.
[2026-08-28 08:36:18,310][braindecode.datautil.util][INFO] - Using array-like to find signal-related parameters.
[2026-08-28 08:36:18,310][braindecode.eegneuralnet.EEGClassifier][INFO] - Overriding inferred parameters with user specified parametersdict_items([('num_layers', 4), ('num_heads', 8)]).
[2026-08-28 08:36:18,310][braindecode.eegneuralnet.EEGClassifier][INFO] - Passing additional parameters {'n_outputs': 2, 'n_times': 640, 'n_chans': 12} to module <class 'braindecode.models.eegconformer.EEGConformer'>.
[2026-08-28 08:36:22,485][braindecode.datautil.util][INFO] - Using array-like to find signal-related parameters.
[2026-08-28 08:36:22,485][braindecode.eegneuralnet.EEGClassifier][INFO] - Overriding inferred parameters with user specified parametersdict_items([('num_layers', 4), ('num_heads', 8)]).
[2026-08-28 08:36:22,485][braindecode.eegneuralnet.EEGClassifier][INFO] - Passing additional parameters {'n_outputs': 2, 'n_times': 640, 'n_chans': 12} to module <class 'braindecode.models.eegconformer.EEGConformer'>.
[2026-08-28 08:36:27,576][braindecode.datautil.util][INFO] - Using array-like to find signal-related parameters.
[2026-08-28 08:36:27,576][braindecode.eegneuralnet.EEGClassifier][INFO] - Overriding inferred parameters with user specified parametersdict_items([('num_layers', 4), ('num_heads', 8)]).
[2026-08-28 08:36:27,576][braindecode.eegneuralnet.EEGClassifier][INFO] - Passing additional parameters {'n_outputs': 2, 'n_times': 640, 'n_chans': 12} to module <class 'braindecode.models.eegconformer.EEGConformer'>.
[2026-08-28 08:36:31,833][braindecode.datautil.util][INFO] - Using array-like to find signal-related parameters.
[2026-08-28 08:36:31,834][braindecode.eegneuralnet.EEGClassifier][INFO] - Overriding inferred parameters with user specified parametersdict_items([('num_layers', 4), ('num_heads', 8)]).
[2026-08-28 08:36:31,834][braindecode.eegneuralnet.EEGClassifier][INFO] - Passing additional parameters {'n_outputs': 2, 'n_times': 640, 'n_chans': 12} to module <class 'braindecode.models.eegconformer.EEGConformer'>.
[2026-08-28 08:36:35,595][braindecode.datautil.util][INFO] - Using array-like to find signal-related parameters.
[2026-08-28 08:36:35,595][braindecode.eegneuralnet.EEGClassifier][INFO] - Overriding inferred parameters with user specified parametersdict_items([('num_layers', 4), ('num_heads', 8)]).
[2026-08-28 08:36:35,595][braindecode.eegneuralnet.EEGClassifier][INFO] - Passing additional parameters {'n_outputs': 2, 'n_times': 640, 'n_chans': 12} to module <class 'braindecode.models.eegconformer.EEGConformer'>.
[2026-08-28 08:36:40,123][braindecode.datautil.util][INFO] - Using array-like to find signal-related parameters.
[2026-08-28 08:36:40,123][braindecode.eegneuralnet.EEGClassifier][INFO] - Overriding inferred parameters with user specified parametersdict_items([('num_layers', 4), ('num_heads', 8)]).
[2026-08-28 08:36:40,123][braindecode.eegneuralnet.EEGClassifier][INFO] - Passing additional parameters {'n_outputs': 2, 'n_times': 640, 'n_chans': 12} to module <class 'braindecode.models.eegconformer.EEGConformer'>.
[2026-08-28 08:36:50,037][braindecode.datautil.util][INFO] - Using array-like to find signal-related parameters.
[2026-08-28 08:36:50,037][braindecode.eegneuralnet.EEGClassifier][INFO] - Overriding inferred parameters with user specified parametersdict_items([('num_layers', 4), ('num_heads', 8)]).
[2026-08-28 08:36:50,037][braindecode.eegneuralnet.EEGClassifier][INFO] - Passing additional parameters {'n_outputs': 2, 'n_times': 640, 'n_chans': 12} to module <class 'braindecode.models.eegconformer.EEGConformer'>.
[2026-08-28 08:36:52,971][braindecode.datautil.util][INFO] - Using array-like to find signal-related parameters.
[2026-08-28 08:36:52,971][braindecode.eegneuralnet.EEGClassifier][INFO] - Overriding inferred parameters with user specified parametersdict_items([('num_layers', 4), ('num_heads', 8)]).
[2026-08-28 08:36:52,971][braindecode.eegneuralnet.EEGClassifier][INFO] - Passing additional parameters {'n_outputs': 2, 'n_times': 640, 'n_chans': 12} to module <class 'braindecode.models.eegconformer.EEGConformer'>.
[2026-08-28 08:37:08,911][braindecode.datautil.util][INFO] - Using array-like to find signal-related parameters.
[2026-08-28 08:37:08,911][braindecode.eegneuralnet.EEGClassifier][INFO] - Overriding inferred parameters with user specified parametersdict_items([('num_layers', 4), ('num_heads', 8)]).
[2026-08-28 08:37:08,911][braindecode.eegneuralnet.EEGClassifier][INFO] - Passing additional parameters {'n_outputs': 2, 'n_times': 640, 'n_chans': 12} to module <class 'braindecode.models.eegconformer.EEGConformer'>.
[2026-08-28 08:37:12,003][braindecode.datautil.util][INFO] - Using array-like to find signal-related parameters.
[2026-08-28 08:37:12,003][braindecode.eegneuralnet.EEGClassifier][INFO] - Overriding inferred parameters with user specified parametersdict_items([('num_layers', 4), ('num_heads', 8)]).
[2026-08-28 08:37:12,003][braindecode.eegneuralnet.EEGClassifier][INFO] - Passing additional parameters {'n_outputs': 2, 'n_times': 640, 'n_chans': 12} to module <class 'braindecode.models.eegconformer.EEGConformer'>.
[2026-08-28 08:37:25,024][braindecode.datautil.util][INFO] - Using array-like to find signal-related parameters.
[2026-08-28 08:37:25,024][braindecode.eegneuralnet.EEGClassifier][INFO] - Overriding inferred parameters with user specified parametersdict_items([('num_layers', 4), ('num_heads', 8)]).
[2026-08-28 08:37:25,024][braindecode.eegneuralnet.EEGClassifier][INFO] - Passing additional parameters {'n_outputs': 2, 'n_times': 640, 'n_chans': 12} to module <class 'braindecode.models.eegconformer.EEGConformer'>.
[2026-08-28 08:37:32,285][braindecode.datautil.util][INFO] - Using array-like to find signal-related parameters.
[2026-08-28 08:37:32,285][braindecode.eegneuralnet.EEGClassifier][INFO] - Overriding inferred parameters with user specified parametersdict_items([('num_layers', 4), ('num_heads', 8)]).
[2026-08-28 08:37:32,285][braindecode.eegneuralnet.EEGClassifier][INFO] - Passing additional parameters {'n_outputs': 2, 'n_times': 640, 'n_chans': 12} to module <class 'braindecode.models.eegconformer.EEGConformer'>.
[2026-08-28 08:37:37,082][braindecode.datautil.util][INFO] - Using array-like to find signal-related parameters.
[2026-08-28 08:37:37,082][braindecode.eegneuralnet.EEGClassifier][INFO] - Overriding inferred parameters with user specified parametersdict_items([('num_layers', 4), ('num_heads', 8)]).
[2026-08-28 08:37:37,082][braindecode.eegneuralnet.EEGClassifier][INFO] - Passing additional parameters {'n_outputs': 2, 'n_times': 640, 'n_chans': 12} to module <class 'braindecode.models.eegconformer.EEGConformer'>.
[2026-08-28 08:37:40,151][braindecode.datautil.util][INFO] - Using array-like to find signal-related parameters.
[2026-08-28 08:37:40,151][braindecode.eegneuralnet.EEGClassifier][INFO] - Overriding inferred parameters with user specified parametersdict_items([('num_layers', 4), ('num_heads', 8)]).
[2026-08-28 08:37:40,151][braindecode.eegneuralnet.EEGClassifier][INFO] - Passing additional parameters {'n_outputs': 2, 'n_times': 640, 'n_chans': 12} to module <class 'braindecode.models.eegconformer.EEGConformer'>.
[2026-08-28 08:37:43,415][braindecode.datautil.util][INFO] - Using array-like to find signal-related parameters.
[2026-08-28 08:37:43,415][braindecode.eegneuralnet.EEGClassifier][INFO] - Overriding inferred parameters with user specified parametersdict_items([('num_layers', 4), ('num_heads', 8)]).
[2026-08-28 08:37:43,415][braindecode.eegneuralnet.EEGClassifier][INFO] - Passing additional parameters {'n_outputs': 2, 'n_times': 640, 'n_chans': 12} to module <class 'braindecode.models.eegconformer.EEGConformer'>.
[2026-08-28 08:37:46,933][braindecode.datautil.util][INFO] - Using array-like to find signal-related parameters.
[2026-08-28 08:37:46,934][braindecode.eegneuralnet.EEGClassifier][INFO] - Overriding inferred parameters with user specified parametersdict_items([('num_layers', 4), ('num_heads', 8)]).
[2026-08-28 08:37:46,934][braindecode.eegneuralnet.EEGClassifier][INFO] - Passing additional parameters {'n_outputs': 2, 'n_times': 640, 'n_chans': 12} to module <class 'braindecode.models.eegconformer.EEGConformer'>.
[2026-08-28 08:37:51,459][braindecode.datautil.util][INFO] - Using array-like to find signal-related parameters.
[2026-08-28 08:37:51,459][braindecode.eegneuralnet.EEGClassifier][INFO] - Overriding inferred parameters with user specified parametersdict_items([('num_layers', 4), ('num_heads', 8)]).
[2026-08-28 08:37:51,459][braindecode.eegneuralnet.EEGClassifier][INFO] - Passing additional parameters {'n_outputs': 2, 'n_times': 640, 'n_chans': 12} to module <class 'braindecode.models.eegconformer.EEGConformer'>.
[2026-08-28 08:37:55,066][braindecode.datautil.util][INFO] - Using array-like to find signal-related parameters.
[2026-08-28 08:37:55,066][braindecode.eegneuralnet.EEGClassifier][INFO] - Overriding inferred parameters with user specified parametersdict_items([('num_layers', 4), ('num_heads', 8)]).
[2026-08-28 08:37:55,067][braindecode.eegneuralnet.EEGClassifier][INFO] - Passing additional parameters {'n_outputs': 2, 'n_times': 640, 'n_chans': 12} to module <class 'braindecode.models.eegconformer.EEGConformer'>.
[2026-08-28 08:37:58,017][braindecode.datautil.util][INFO] - Using array-like to find signal-related parameters.
[2026-08-28 08:37:58,017][braindecode.eegneuralnet.EEGClassifier][INFO] - Overriding inferred parameters with user specified parametersdict_items([('num_layers', 4), ('num_heads', 8)]).
[2026-08-28 08:37:58,018][braindecode.eegneuralnet.EEGClassifier][INFO] - Passing additional parameters {'n_outputs': 2, 'n_times': 640, 'n_chans': 12} to module <class 'braindecode.models.eegconformer.EEGConformer'>.
[2026-08-28 08:38:02,860][braindecode.datautil.util][INFO] - Using array-like to find signal-related parameters.
[2026-08-28 08:38:02,860][braindecode.eegneuralnet.EEGClassifier][INFO] - Overriding inferred parameters with user specified parametersdict_items([('num_layers', 4), ('num_heads', 8)]).
[2026-08-28 08:38:02,860][braindecode.eegneuralnet.EEGClassifier][INFO] - Passing additional parameters {'n_outputs': 2, 'n_times': 640, 'n_chans': 12} to module <class 'braindecode.models.eegconformer.EEGConformer'>.
[2026-08-28 08:38:08,020][braindecode.datautil.util][INFO] - Using array-like to find signal-related parameters.
[2026-08-28 08:38:08,020][braindecode.eegneuralnet.EEGClassifier][INFO] - Overriding inferred parameters with user specified parametersdict_items([('num_layers', 4), ('num_heads', 8)]).
[2026-08-28 08:38:08,020][braindecode.eegneuralnet.EEGClassifier][INFO] - Passing additional parameters {'n_outputs': 2, 'n_times': 640, 'n_chans': 12} to module <class 'braindecode.models.eegconformer.EEGConformer'>.
[2026-08-28 08:38:16,949][braindecode.datautil.util][INFO] - Using array-like to find signal-related parameters.
[2026-08-28 08:38:16,949][braindecode.eegneuralnet.EEGClassifier][INFO] - Overriding inferred parameters with user specified parametersdict_items([('num_layers', 4), ('num_heads', 8)]).
[2026-08-28 08:38:16,949][braindecode.eegneuralnet.EEGClassifier][INFO] - Passing additional parameters {'n_outputs': 2, 'n_times': 640, 'n_chans': 12} to module <class 'braindecode.models.eegconformer.EEGConformer'>.
[2026-08-28 08:38:20,724][braindecode.datautil.util][INFO] - Using array-like to find signal-related parameters.
[2026-08-28 08:38:20,725][braindecode.eegneuralnet.EEGClassifier][INFO] - Overriding inferred parameters with user specified parametersdict_items([('num_layers', 4), ('num_heads', 8)]).
[2026-08-28 08:38:20,725][braindecode.eegneuralnet.EEGClassifier][INFO] - Passing additional parameters {'n_outputs': 2, 'n_times': 640, 'n_chans': 12} to module <class 'braindecode.models.eegconformer.EEGConformer'>.
[2026-08-28 08:38:25,806][braindecode.datautil.util][INFO] - Using array-like to find signal-related parameters.
[2026-08-28 08:38:25,806][braindecode.eegneuralnet.EEGClassifier][INFO] - Overriding inferred parameters with user specified parametersdict_items([('num_layers', 4), ('num_heads', 8)]).
[2026-08-28 08:38:25,806][braindecode.eegneuralnet.EEGClassifier][INFO] - Passing additional parameters {'n_outputs': 2, 'n_times': 640, 'n_chans': 12} to module <class 'braindecode.models.eegconformer.EEGConformer'>.
[2026-08-28 08:38:31,895][braindecode.datautil.util][INFO] - Using array-like to find signal-related parameters.
[2026-08-28 08:38:31,895][braindecode.eegneuralnet.EEGClassifier][INFO] - Overriding inferred parameters with user specified parametersdict_items([('num_layers', 4), ('num_heads', 8)]).
[2026-08-28 08:38:31,895][braindecode.eegneuralnet.EEGClassifier][INFO] - Passing additional parameters {'n_outputs': 2, 'n_times': 640, 'n_chans': 12} to module <class 'braindecode.models.eegconformer.EEGConformer'>.
[2026-08-28 08:38:36,513][braindecode.datautil.util][INFO] - Using array-like to find signal-related parameters.
[2026-08-28 08:38:36,513][braindecode.eegneuralnet.EEGClassifier][INFO] - Overriding inferred parameters with user specified parametersdict_items([('num_layers', 4), ('num_heads', 8)]).
[2026-08-28 08:38:36,513][braindecode.eegneuralnet.EEGClassifier][INFO] - Passing additional parameters {'n_outputs': 2, 'n_times': 640, 'n_chans': 12} to module <class 'braindecode.models.eegconformer.EEGConformer'>.
[2026-08-28 08:38:40,366][braindecode.datautil.util][INFO] - Using array-like to find signal-related parameters.
[2026-08-28 08:38:40,366][braindecode.eegneuralnet.EEGClassifier][INFO] - Overriding inferred parameters with user specified parametersdict_items([('num_layers', 4), ('num_heads', 8)]).
[2026-08-28 08:38:40,366][braindecode.eegneuralnet.EEGClassifier][INFO] - Passing additional parameters {'n_outputs': 2, 'n_times': 640, 'n_chans': 12} to module <class 'braindecode.models.eegconformer.EEGConformer'>.
[2026-08-28 08:38:45,126][braindecode.datautil.util][INFO] - Using array-like to find signal-related parameters.
[2026-08-28 08:38:45,127][braindecode.eegneuralnet.EEGClassifier][INFO] - Overriding inferred parameters with user specified parametersdict_items([('num_layers', 4), ('num_heads', 8)]).
[2026-08-28 08:38:45,127][braindecode.eegneuralnet.EEGClassifier][INFO] - Passing additional parameters {'n_outputs': 2, 'n_times': 640, 'n_chans': 12} to module <class 'braindecode.models.eegconformer.EEGConformer'>.
[2026-08-28 08:38:49,184][braindecode.datautil.util][INFO] - Using array-like to find signal-related parameters.
[2026-08-28 08:38:49,184][braindecode.eegneuralnet.EEGClassifier][INFO] - Overriding inferred parameters with user specified parametersdict_items([('num_layers', 4), ('num_heads', 8)]).
[2026-08-28 08:38:49,184][braindecode.eegneuralnet.EEGClassifier][INFO] - Passing additional parameters {'n_outputs': 2, 'n_times': 640, 'n_chans': 12} to module <class 'braindecode.models.eegconformer.EEGConformer'>.
[2026-08-28 08:38:59,571][braindecode.datautil.util][INFO] - Using array-like to find signal-related parameters.
[2026-08-28 08:38:59,571][braindecode.eegneuralnet.EEGClassifier][INFO] - Overriding inferred parameters with user specified parametersdict_items([('num_layers', 4), ('num_heads', 8)]).
[2026-08-28 08:38:59,572][braindecode.eegneuralnet.EEGClassifier][INFO] - Passing additional parameters {'n_outputs': 2, 'n_times': 640, 'n_chans': 12} to module <class 'braindecode.models.eegconformer.EEGConformer'>.
[2026-08-28 08:39:05,722][braindecode.datautil.util][INFO] - Using array-like to find signal-related parameters.
[2026-08-28 08:39:05,722][braindecode.eegneuralnet.EEGClassifier][INFO] - Overriding inferred parameters with user specified parametersdict_items([('num_layers', 4), ('num_heads', 8)]).
[2026-08-28 08:39:05,722][braindecode.eegneuralnet.EEGClassifier][INFO] - Passing additional parameters {'n_outputs': 2, 'n_times': 640, 'n_chans': 12} to module <class 'braindecode.models.eegconformer.EEGConformer'>.
[2026-08-28 08:39:13,135][braindecode.datautil.util][INFO] - Using array-like to find signal-related parameters.
[2026-08-28 08:39:13,135][braindecode.eegneuralnet.EEGClassifier][INFO] - Overriding inferred parameters with user specified parametersdict_items([('num_layers', 4), ('num_heads', 8)]).
[2026-08-28 08:39:13,135][braindecode.eegneuralnet.EEGClassifier][INFO] - Passing additional parameters {'n_outputs': 2, 'n_times': 640, 'n_chans': 12} to module <class 'braindecode.models.eegconformer.EEGConformer'>.
[2026-08-28 08:39:17,526][braindecode.datautil.util][INFO] - Using array-like to find signal-related parameters.
[2026-08-28 08:39:17,526][braindecode.eegneuralnet.EEGClassifier][INFO] - Overriding inferred parameters with user specified parametersdict_items([('num_layers', 4), ('num_heads', 8)]).
[2026-08-28 08:39:17,526][braindecode.eegneuralnet.EEGClassifier][INFO] - Passing additional parameters {'n_outputs': 2, 'n_times': 640, 'n_chans': 12} to module <class 'braindecode.models.eegconformer.EEGConformer'>.
[2026-08-28 08:39:23,076][braindecode.datautil.util][INFO] - Using array-like to find signal-related parameters.
[2026-08-28 08:39:23,076][braindecode.eegneuralnet.EEGClassifier][INFO] - Overriding inferred parameters with user specified parametersdict_items([('num_layers', 4), ('num_heads', 8)]).
[2026-08-28 08:39:23,076][braindecode.eegneuralnet.EEGClassifier][INFO] - Passing additional parameters {'n_outputs': 2, 'n_times': 640, 'n_chans': 12} to module <class 'braindecode.models.eegconformer.EEGConformer'>.
[2026-08-28 08:39:27,478][braindecode.datautil.util][INFO] - Using array-like to find signal-related parameters.
[2026-08-28 08:39:27,478][braindecode.eegneuralnet.EEGClassifier][INFO] - Overriding inferred parameters with user specified parametersdict_items([('num_layers', 4), ('num_heads', 8)]).
[2026-08-28 08:39:27,478][braindecode.eegneuralnet.EEGClassifier][INFO] - Passing additional parameters {'n_outputs': 2, 'n_times': 640, 'n_chans': 12} to module <class 'braindecode.models.eegconformer.EEGConformer'>.
[2026-08-28 08:39:31,241][braindecode.datautil.util][INFO] - Using array-like to find signal-related parameters.
[2026-08-28 08:39:31,241][braindecode.eegneuralnet.EEGClassifier][INFO] - Overriding inferred parameters with user specified parametersdict_items([('num_layers', 4), ('num_heads', 8)]).
[2026-08-28 08:39:31,241][braindecode.eegneuralnet.EEGClassifier][INFO] - Passing additional parameters {'n_outputs': 2, 'n_times': 640, 'n_chans': 12} to module <class 'braindecode.models.eegconformer.EEGConformer'>.
[2026-08-28 08:39:38,467][braindecode.datautil.util][INFO] - Using array-like to find signal-related parameters.
[2026-08-28 08:39:38,467][braindecode.eegneuralnet.EEGClassifier][INFO] - Overriding inferred parameters with user specified parametersdict_items([('num_layers', 4), ('num_heads', 8)]).
[2026-08-28 08:39:38,467][braindecode.eegneuralnet.EEGClassifier][INFO] - Passing additional parameters {'n_outputs': 2, 'n_times': 640, 'n_chans': 12} to module <class 'braindecode.models.eegconformer.EEGConformer'>.
[2026-08-28 08:39:44,139][__main__][INFO] - Completed run_experiment: 3 result(s) under /work/python_project/results/scenario_decoder (2026-08-28 % 05-36-44)/+decoder=eegconformer,+scenario=cross_task_from_arithmetic (mean accuracy 0.524)
[2026-08-28 08:39:44,171][hydra.experimental.callbacks.LogJobReturnCallback][INFO] - Succeeded with return value: None
