[2026-08-29 15:32:17,714][hydra.experimental.callbacks.LogJobReturnCallback][ERROR] - 
Traceback (most recent call last):
  File "/home/svc-jax-dlh/.work/python_project/.venv/lib/python3.11/site-packages/hydra/core/utils.py", line 186, in run_job
    ret.return_value = task_function(task_cfg)
                       ^^^^^^^^^^^^^^^^^^^^^^^
  File "/home/svc-jax-dlh/.work/python_project/scripts/run_experiment.py", line 66, in main
    results = cross_validate(
              ^^^^^^^^^^^^^^^
  File "/home/svc-jax-dlh/.work/python_project/.venv/lib/python3.11/site-packages/sklearn/utils/_param_validation.py", line 218, in wrapper
    return func(*args, **kwargs)
           ^^^^^^^^^^^^^^^^^^^^^
  File "/home/svc-jax-dlh/.work/python_project/.venv/lib/python3.11/site-packages/sklearn/model_selection/_validation.py", line 367, in cross_validate
    indices = list(indices)
              ^^^^^^^^^^^^^
  File "/home/svc-jax-dlh/.work/python_project/.venv/lib/python3.11/site-packages/sklearn/model_selection/_split.py", line 411, in split
    for train, test in super().split(X, y, groups):
  File "/home/svc-jax-dlh/.work/python_project/.venv/lib/python3.11/site-packages/sklearn/model_selection/_split.py", line 142, in split
    for test_index in self._iter_test_masks(X, y, groups):
  File "/home/svc-jax-dlh/.work/python_project/.venv/lib/python3.11/site-packages/sklearn/model_selection/_split.py", line 154, in _iter_test_masks
    for test_index in self._iter_test_indices(X, y, groups):
  File "/home/svc-jax-dlh/.work/python_project/.venv/lib/python3.11/site-packages/sklearn/model_selection/_split.py", line 1050, in _iter_test_indices
    raise ValueError(
ValueError: Cannot have number of splits n_splits=5 greater than the number of groups: 3.
[2026-08-29 15:36:53,983][__main__][INFO] - Completed adhoc: 1 result(s) under /home/svc-jax-dlh/.work/python_project/results/verification_baseline (mean accuracy 0.589)
[2026-08-29 15:36:53,986][hydra.experimental.callbacks.LogJobReturnCallback][INFO] - Succeeded with return value: None
