[2026-08-30 21:34:06,641][preparation][INFO] - Preparation sam40_arithmetic: started for tasks relax, arithmetic (derivatives: /work/python_project/datasets/bids/sam40/derivatives/mne-bids-pipeline/relax-arithmetic).
[2026-08-30 21:34:15,941][preparation][INFO] - Preparation sam40_arithmetic: complete; cache reused (1041 Pipeline cache hits); derivatives: /work/python_project/datasets/bids/sam40/derivatives/mne-bids-pipeline/relax-arithmetic; reports: /work/python_project/results/scenario_decoder (2026-08-30 % 15-48-47)/_preparation/sam40_arithmetic; full log: /work/python_project/results/scenario_decoder (2026-08-30 % 15-48-47)/shallownet/cross_task_from_sam40_arithmetic/_preparation/sam40_arithmetic.mne-bids-pipeline.log.
[2026-08-30 21:34:17,711][preparation][INFO] - Preparation sam40_mirror: started for tasks relax, mirror (derivatives: /work/python_project/datasets/bids/sam40/derivatives/mne-bids-pipeline/relax-mirror).
[2026-08-30 21:34:27,027][preparation][INFO] - Preparation sam40_mirror: complete; cache reused (1041 Pipeline cache hits); derivatives: /work/python_project/datasets/bids/sam40/derivatives/mne-bids-pipeline/relax-mirror; reports: /work/python_project/results/scenario_decoder (2026-08-30 % 15-48-47)/_preparation/sam40_mirror; full log: /work/python_project/results/scenario_decoder (2026-08-30 % 15-48-47)/shallownet/cross_task_from_sam40_arithmetic/_preparation/sam40_mirror.mne-bids-pipeline.log.
[2026-08-30 21:34:29,188][preparation][INFO] - Preparation sam40_stroop: started for tasks relax, stroop (derivatives: /work/python_project/datasets/bids/sam40/derivatives/mne-bids-pipeline/relax-stroop).
[2026-08-30 21:34:38,262][preparation][INFO] - Preparation sam40_stroop: complete; cache reused (1041 Pipeline cache hits); derivatives: /work/python_project/datasets/bids/sam40/derivatives/mne-bids-pipeline/relax-stroop; reports: /work/python_project/results/scenario_decoder (2026-08-30 % 15-48-47)/_preparation/sam40_stroop; full log: /work/python_project/results/scenario_decoder (2026-08-30 % 15-48-47)/shallownet/cross_task_from_sam40_arithmetic/_preparation/sam40_stroop.mne-bids-pipeline.log.
[2026-08-30 21:34:40,015][preparation][INFO] - Preparation sam40_stroop_mirror: started for tasks relax, stroop, mirror (derivatives: /work/python_project/datasets/bids/sam40/derivatives/mne-bids-pipeline/relax-stroop-mirror).
[2026-08-30 21:34:49,910][preparation][INFO] - Preparation sam40_stroop_mirror: complete; cache reused (1521 Pipeline cache hits); derivatives: /work/python_project/datasets/bids/sam40/derivatives/mne-bids-pipeline/relax-stroop-mirror; reports: /work/python_project/results/scenario_decoder (2026-08-30 % 15-48-47)/_preparation/sam40_stroop_mirror; full log: /work/python_project/results/scenario_decoder (2026-08-30 % 15-48-47)/shallownet/cross_task_from_sam40_arithmetic/_preparation/sam40_stroop_mirror.mne-bids-pipeline.log.
[2026-08-30 21:34:53,234][braindecode.datautil.util][INFO] - Using array-like to find signal-related parameters.
[2026-08-30 21:34:53,235][braindecode.eegneuralnet.EEGClassifier][INFO] - Passing additional parameters {'n_outputs': 2, 'n_times': 640, 'n_chans': 12} to module <class 'braindecode.models.shallow_fbcsp.ShallowFBCSPNet'>.
[2026-08-30 21:34:59,991][braindecode.datautil.util][INFO] - Using array-like to find signal-related parameters.
[2026-08-30 21:34:59,992][braindecode.eegneuralnet.EEGClassifier][INFO] - Passing additional parameters {'n_outputs': 2, 'n_times': 640, 'n_chans': 12} to module <class 'braindecode.models.shallow_fbcsp.ShallowFBCSPNet'>.
[2026-08-30 21:35:06,638][braindecode.datautil.util][INFO] - Using array-like to find signal-related parameters.
[2026-08-30 21:35:06,638][braindecode.eegneuralnet.EEGClassifier][INFO] - Passing additional parameters {'n_outputs': 2, 'n_times': 640, 'n_chans': 12} to module <class 'braindecode.models.shallow_fbcsp.ShallowFBCSPNet'>.
[2026-08-30 21:35:13,290][braindecode.datautil.util][INFO] - Using array-like to find signal-related parameters.
[2026-08-30 21:35:13,290][braindecode.eegneuralnet.EEGClassifier][INFO] - Passing additional parameters {'n_outputs': 2, 'n_times': 640, 'n_chans': 12} to module <class 'braindecode.models.shallow_fbcsp.ShallowFBCSPNet'>.
[2026-08-30 21:35:19,952][braindecode.datautil.util][INFO] - Using array-like to find signal-related parameters.
[2026-08-30 21:35:19,952][braindecode.eegneuralnet.EEGClassifier][INFO] - Passing additional parameters {'n_outputs': 2, 'n_times': 640, 'n_chans': 12} to module <class 'braindecode.models.shallow_fbcsp.ShallowFBCSPNet'>.
[2026-08-30 21:35:26,594][braindecode.datautil.util][INFO] - Using array-like to find signal-related parameters.
[2026-08-30 21:35:26,594][braindecode.eegneuralnet.EEGClassifier][INFO] - Passing additional parameters {'n_outputs': 2, 'n_times': 640, 'n_chans': 12} to module <class 'braindecode.models.shallow_fbcsp.ShallowFBCSPNet'>.
[2026-08-30 21:35:33,245][braindecode.datautil.util][INFO] - Using array-like to find signal-related parameters.
[2026-08-30 21:35:33,245][braindecode.eegneuralnet.EEGClassifier][INFO] - Passing additional parameters {'n_outputs': 2, 'n_times': 640, 'n_chans': 12} to module <class 'braindecode.models.shallow_fbcsp.ShallowFBCSPNet'>.
[2026-08-30 21:35:39,820][braindecode.datautil.util][INFO] - Using array-like to find signal-related parameters.
[2026-08-30 21:35:39,821][braindecode.eegneuralnet.EEGClassifier][INFO] - Passing additional parameters {'n_outputs': 2, 'n_times': 640, 'n_chans': 12} to module <class 'braindecode.models.shallow_fbcsp.ShallowFBCSPNet'>.
[2026-08-30 21:35:46,429][braindecode.datautil.util][INFO] - Using array-like to find signal-related parameters.
[2026-08-30 21:35:46,429][braindecode.eegneuralnet.EEGClassifier][INFO] - Passing additional parameters {'n_outputs': 2, 'n_times': 640, 'n_chans': 12} to module <class 'braindecode.models.shallow_fbcsp.ShallowFBCSPNet'>.
[2026-08-30 21:35:52,996][braindecode.datautil.util][INFO] - Using array-like to find signal-related parameters.
[2026-08-30 21:35:52,996][braindecode.eegneuralnet.EEGClassifier][INFO] - Passing additional parameters {'n_outputs': 2, 'n_times': 640, 'n_chans': 12} to module <class 'braindecode.models.shallow_fbcsp.ShallowFBCSPNet'>.
[2026-08-30 21:35:59,606][braindecode.datautil.util][INFO] - Using array-like to find signal-related parameters.
[2026-08-30 21:35:59,606][braindecode.eegneuralnet.EEGClassifier][INFO] - Passing additional parameters {'n_outputs': 2, 'n_times': 640, 'n_chans': 12} to module <class 'braindecode.models.shallow_fbcsp.ShallowFBCSPNet'>.
[2026-08-30 21:36:06,265][braindecode.datautil.util][INFO] - Using array-like to find signal-related parameters.
[2026-08-30 21:36:06,265][braindecode.eegneuralnet.EEGClassifier][INFO] - Passing additional parameters {'n_outputs': 2, 'n_times': 640, 'n_chans': 12} to module <class 'braindecode.models.shallow_fbcsp.ShallowFBCSPNet'>.
[2026-08-30 21:36:12,788][braindecode.datautil.util][INFO] - Using array-like to find signal-related parameters.
[2026-08-30 21:36:12,789][braindecode.eegneuralnet.EEGClassifier][INFO] - Passing additional parameters {'n_outputs': 2, 'n_times': 640, 'n_chans': 12} to module <class 'braindecode.models.shallow_fbcsp.ShallowFBCSPNet'>.
[2026-08-30 21:36:19,420][braindecode.datautil.util][INFO] - Using array-like to find signal-related parameters.
[2026-08-30 21:36:19,421][braindecode.eegneuralnet.EEGClassifier][INFO] - Passing additional parameters {'n_outputs': 2, 'n_times': 640, 'n_chans': 12} to module <class 'braindecode.models.shallow_fbcsp.ShallowFBCSPNet'>.
[2026-08-30 21:36:25,895][braindecode.datautil.util][INFO] - Using array-like to find signal-related parameters.
[2026-08-30 21:36:25,895][braindecode.eegneuralnet.EEGClassifier][INFO] - Passing additional parameters {'n_outputs': 2, 'n_times': 640, 'n_chans': 12} to module <class 'braindecode.models.shallow_fbcsp.ShallowFBCSPNet'>.
[2026-08-30 21:36:32,381][braindecode.datautil.util][INFO] - Using array-like to find signal-related parameters.
[2026-08-30 21:36:32,382][braindecode.eegneuralnet.EEGClassifier][INFO] - Passing additional parameters {'n_outputs': 2, 'n_times': 640, 'n_chans': 12} to module <class 'braindecode.models.shallow_fbcsp.ShallowFBCSPNet'>.
[2026-08-30 21:36:38,841][braindecode.datautil.util][INFO] - Using array-like to find signal-related parameters.
[2026-08-30 21:36:38,841][braindecode.eegneuralnet.EEGClassifier][INFO] - Passing additional parameters {'n_outputs': 2, 'n_times': 640, 'n_chans': 12} to module <class 'braindecode.models.shallow_fbcsp.ShallowFBCSPNet'>.
[2026-08-30 21:36:45,318][braindecode.datautil.util][INFO] - Using array-like to find signal-related parameters.
[2026-08-30 21:36:45,318][braindecode.eegneuralnet.EEGClassifier][INFO] - Passing additional parameters {'n_outputs': 2, 'n_times': 640, 'n_chans': 12} to module <class 'braindecode.models.shallow_fbcsp.ShallowFBCSPNet'>.
[2026-08-30 21:36:51,978][braindecode.datautil.util][INFO] - Using array-like to find signal-related parameters.
[2026-08-30 21:36:51,979][braindecode.eegneuralnet.EEGClassifier][INFO] - Passing additional parameters {'n_outputs': 2, 'n_times': 640, 'n_chans': 12} to module <class 'braindecode.models.shallow_fbcsp.ShallowFBCSPNet'>.
[2026-08-30 21:36:58,565][braindecode.datautil.util][INFO] - Using array-like to find signal-related parameters.
[2026-08-30 21:36:58,565][braindecode.eegneuralnet.EEGClassifier][INFO] - Passing additional parameters {'n_outputs': 2, 'n_times': 640, 'n_chans': 12} to module <class 'braindecode.models.shallow_fbcsp.ShallowFBCSPNet'>.
[2026-08-30 21:37:05,095][braindecode.datautil.util][INFO] - Using array-like to find signal-related parameters.
[2026-08-30 21:37:05,095][braindecode.eegneuralnet.EEGClassifier][INFO] - Passing additional parameters {'n_outputs': 2, 'n_times': 640, 'n_chans': 12} to module <class 'braindecode.models.shallow_fbcsp.ShallowFBCSPNet'>.
[2026-08-30 21:37:11,716][braindecode.datautil.util][INFO] - Using array-like to find signal-related parameters.
[2026-08-30 21:37:11,716][braindecode.eegneuralnet.EEGClassifier][INFO] - Passing additional parameters {'n_outputs': 2, 'n_times': 640, 'n_chans': 12} to module <class 'braindecode.models.shallow_fbcsp.ShallowFBCSPNet'>.
[2026-08-30 21:37:18,261][braindecode.datautil.util][INFO] - Using array-like to find signal-related parameters.
[2026-08-30 21:37:18,262][braindecode.eegneuralnet.EEGClassifier][INFO] - Passing additional parameters {'n_outputs': 2, 'n_times': 640, 'n_chans': 12} to module <class 'braindecode.models.shallow_fbcsp.ShallowFBCSPNet'>.
[2026-08-30 21:37:24,774][braindecode.datautil.util][INFO] - Using array-like to find signal-related parameters.
[2026-08-30 21:37:24,774][braindecode.eegneuralnet.EEGClassifier][INFO] - Passing additional parameters {'n_outputs': 2, 'n_times': 640, 'n_chans': 12} to module <class 'braindecode.models.shallow_fbcsp.ShallowFBCSPNet'>.
[2026-08-30 21:37:31,492][braindecode.datautil.util][INFO] - Using array-like to find signal-related parameters.
[2026-08-30 21:37:31,492][braindecode.eegneuralnet.EEGClassifier][INFO] - Passing additional parameters {'n_outputs': 2, 'n_times': 640, 'n_chans': 12} to module <class 'braindecode.models.shallow_fbcsp.ShallowFBCSPNet'>.
[2026-08-30 21:37:38,156][braindecode.datautil.util][INFO] - Using array-like to find signal-related parameters.
[2026-08-30 21:37:38,157][braindecode.eegneuralnet.EEGClassifier][INFO] - Passing additional parameters {'n_outputs': 2, 'n_times': 640, 'n_chans': 12} to module <class 'braindecode.models.shallow_fbcsp.ShallowFBCSPNet'>.
[2026-08-30 21:37:44,633][braindecode.datautil.util][INFO] - Using array-like to find signal-related parameters.
[2026-08-30 21:37:44,633][braindecode.eegneuralnet.EEGClassifier][INFO] - Passing additional parameters {'n_outputs': 2, 'n_times': 640, 'n_chans': 12} to module <class 'braindecode.models.shallow_fbcsp.ShallowFBCSPNet'>.
[2026-08-30 21:37:51,205][braindecode.datautil.util][INFO] - Using array-like to find signal-related parameters.
[2026-08-30 21:37:51,205][braindecode.eegneuralnet.EEGClassifier][INFO] - Passing additional parameters {'n_outputs': 2, 'n_times': 640, 'n_chans': 12} to module <class 'braindecode.models.shallow_fbcsp.ShallowFBCSPNet'>.
[2026-08-30 21:37:57,790][braindecode.datautil.util][INFO] - Using array-like to find signal-related parameters.
[2026-08-30 21:37:57,790][braindecode.eegneuralnet.EEGClassifier][INFO] - Passing additional parameters {'n_outputs': 2, 'n_times': 640, 'n_chans': 12} to module <class 'braindecode.models.shallow_fbcsp.ShallowFBCSPNet'>.
[2026-08-30 21:38:04,334][braindecode.datautil.util][INFO] - Using array-like to find signal-related parameters.
[2026-08-30 21:38:04,334][braindecode.eegneuralnet.EEGClassifier][INFO] - Passing additional parameters {'n_outputs': 2, 'n_times': 640, 'n_chans': 12} to module <class 'braindecode.models.shallow_fbcsp.ShallowFBCSPNet'>.
[2026-08-30 21:38:10,984][braindecode.datautil.util][INFO] - Using array-like to find signal-related parameters.
[2026-08-30 21:38:10,985][braindecode.eegneuralnet.EEGClassifier][INFO] - Passing additional parameters {'n_outputs': 2, 'n_times': 640, 'n_chans': 12} to module <class 'braindecode.models.shallow_fbcsp.ShallowFBCSPNet'>.
[2026-08-30 21:38:17,699][braindecode.datautil.util][INFO] - Using array-like to find signal-related parameters.
[2026-08-30 21:38:17,699][braindecode.eegneuralnet.EEGClassifier][INFO] - Passing additional parameters {'n_outputs': 2, 'n_times': 640, 'n_chans': 12} to module <class 'braindecode.models.shallow_fbcsp.ShallowFBCSPNet'>.
[2026-08-30 21:38:24,331][braindecode.datautil.util][INFO] - Using array-like to find signal-related parameters.
[2026-08-30 21:38:24,331][braindecode.eegneuralnet.EEGClassifier][INFO] - Passing additional parameters {'n_outputs': 2, 'n_times': 640, 'n_chans': 12} to module <class 'braindecode.models.shallow_fbcsp.ShallowFBCSPNet'>.
[2026-08-30 21:38:31,024][braindecode.datautil.util][INFO] - Using array-like to find signal-related parameters.
[2026-08-30 21:38:31,024][braindecode.eegneuralnet.EEGClassifier][INFO] - Passing additional parameters {'n_outputs': 2, 'n_times': 640, 'n_chans': 12} to module <class 'braindecode.models.shallow_fbcsp.ShallowFBCSPNet'>.
[2026-08-30 21:38:37,749][braindecode.datautil.util][INFO] - Using array-like to find signal-related parameters.
[2026-08-30 21:38:37,749][braindecode.eegneuralnet.EEGClassifier][INFO] - Passing additional parameters {'n_outputs': 2, 'n_times': 640, 'n_chans': 12} to module <class 'braindecode.models.shallow_fbcsp.ShallowFBCSPNet'>.
[2026-08-30 21:38:44,365][braindecode.datautil.util][INFO] - Using array-like to find signal-related parameters.
[2026-08-30 21:38:44,365][braindecode.eegneuralnet.EEGClassifier][INFO] - Passing additional parameters {'n_outputs': 2, 'n_times': 640, 'n_chans': 12} to module <class 'braindecode.models.shallow_fbcsp.ShallowFBCSPNet'>.
[2026-08-30 21:38:51,068][braindecode.datautil.util][INFO] - Using array-like to find signal-related parameters.
[2026-08-30 21:38:51,069][braindecode.eegneuralnet.EEGClassifier][INFO] - Passing additional parameters {'n_outputs': 2, 'n_times': 640, 'n_chans': 12} to module <class 'braindecode.models.shallow_fbcsp.ShallowFBCSPNet'>.
[2026-08-30 21:38:57,644][braindecode.datautil.util][INFO] - Using array-like to find signal-related parameters.
[2026-08-30 21:38:57,644][braindecode.eegneuralnet.EEGClassifier][INFO] - Passing additional parameters {'n_outputs': 2, 'n_times': 640, 'n_chans': 12} to module <class 'braindecode.models.shallow_fbcsp.ShallowFBCSPNet'>.
[2026-08-30 21:39:04,252][braindecode.datautil.util][INFO] - Using array-like to find signal-related parameters.
[2026-08-30 21:39:04,253][braindecode.eegneuralnet.EEGClassifier][INFO] - Passing additional parameters {'n_outputs': 2, 'n_times': 640, 'n_chans': 12} to module <class 'braindecode.models.shallow_fbcsp.ShallowFBCSPNet'>.
[2026-08-30 21:39:10,826][braindecode.datautil.util][INFO] - Using array-like to find signal-related parameters.
[2026-08-30 21:39:10,826][braindecode.eegneuralnet.EEGClassifier][INFO] - Passing additional parameters {'n_outputs': 2, 'n_times': 640, 'n_chans': 12} to module <class 'braindecode.models.shallow_fbcsp.ShallowFBCSPNet'>.
[2026-08-30 21:39:18,073][__main__][INFO] - Completed adhoc: 3 result(s) under /work/python_project/results/scenario_decoder (2026-08-30 % 15-48-47)/shallownet/cross_task_from_sam40_arithmetic (mean balanced accuracy 0.658)
[2026-08-30 21:39:18,108][hydra.experimental.callbacks.LogJobReturnCallback][INFO] - Succeeded with return value: None
