[2026-08-28 10:15:18,578][braindecode.datautil.util][INFO] - Using array-like to find signal-related parameters.
[2026-08-28 10:15:18,578][braindecode.eegneuralnet.EEGClassifier][INFO] - Overriding inferred parameters with user specified parametersdict_items([('num_layers', 4), ('num_heads', 8)]).
[2026-08-28 10:15:18,578][braindecode.eegneuralnet.EEGClassifier][INFO] - Passing additional parameters {'n_outputs': 2, 'n_times': 640, 'n_chans': 12} to module <class 'braindecode.models.eegconformer.EEGConformer'>.
[2026-08-28 10:16:02,838][braindecode.datautil.util][INFO] - Using array-like to find signal-related parameters.
[2026-08-28 10:16:02,839][braindecode.eegneuralnet.EEGClassifier][INFO] - Overriding inferred parameters with user specified parametersdict_items([('num_layers', 4), ('num_heads', 8)]).
[2026-08-28 10:16:02,839][braindecode.eegneuralnet.EEGClassifier][INFO] - Passing additional parameters {'n_outputs': 2, 'n_times': 640, 'n_chans': 12} to module <class 'braindecode.models.eegconformer.EEGConformer'>.
[2026-08-28 10:16:23,423][braindecode.datautil.util][INFO] - Using array-like to find signal-related parameters.
[2026-08-28 10:16:23,423][braindecode.eegneuralnet.EEGClassifier][INFO] - Overriding inferred parameters with user specified parametersdict_items([('num_layers', 4), ('num_heads', 8)]).
[2026-08-28 10:16:23,423][braindecode.eegneuralnet.EEGClassifier][INFO] - Passing additional parameters {'n_outputs': 2, 'n_times': 640, 'n_chans': 12} to module <class 'braindecode.models.eegconformer.EEGConformer'>.
[2026-08-28 10:16:55,500][braindecode.datautil.util][INFO] - Using array-like to find signal-related parameters.
[2026-08-28 10:16:55,500][braindecode.eegneuralnet.EEGClassifier][INFO] - Overriding inferred parameters with user specified parametersdict_items([('num_layers', 4), ('num_heads', 8)]).
[2026-08-28 10:16:55,500][braindecode.eegneuralnet.EEGClassifier][INFO] - Passing additional parameters {'n_outputs': 2, 'n_times': 640, 'n_chans': 12} to module <class 'braindecode.models.eegconformer.EEGConformer'>.
[2026-08-28 10:17:26,528][braindecode.datautil.util][INFO] - Using array-like to find signal-related parameters.
[2026-08-28 10:17:26,528][braindecode.eegneuralnet.EEGClassifier][INFO] - Overriding inferred parameters with user specified parametersdict_items([('num_layers', 4), ('num_heads', 8)]).
[2026-08-28 10:17:26,528][braindecode.eegneuralnet.EEGClassifier][INFO] - Passing additional parameters {'n_outputs': 2, 'n_times': 640, 'n_chans': 12} to module <class 'braindecode.models.eegconformer.EEGConformer'>.
[2026-08-28 10:17:58,324][braindecode.datautil.util][INFO] - Using array-like to find signal-related parameters.
[2026-08-28 10:17:58,324][braindecode.eegneuralnet.EEGClassifier][INFO] - Overriding inferred parameters with user specified parametersdict_items([('num_layers', 4), ('num_heads', 8)]).
[2026-08-28 10:17:58,325][braindecode.eegneuralnet.EEGClassifier][INFO] - Passing additional parameters {'n_outputs': 2, 'n_times': 640, 'n_chans': 12} to module <class 'braindecode.models.eegconformer.EEGConformer'>.
[2026-08-28 10:18:28,556][braindecode.datautil.util][INFO] - Using array-like to find signal-related parameters.
[2026-08-28 10:18:28,557][braindecode.eegneuralnet.EEGClassifier][INFO] - Overriding inferred parameters with user specified parametersdict_items([('num_layers', 4), ('num_heads', 8)]).
[2026-08-28 10:18:28,557][braindecode.eegneuralnet.EEGClassifier][INFO] - Passing additional parameters {'n_outputs': 2, 'n_times': 640, 'n_chans': 12} to module <class 'braindecode.models.eegconformer.EEGConformer'>.
[2026-08-28 10:19:14,134][braindecode.datautil.util][INFO] - Using array-like to find signal-related parameters.
[2026-08-28 10:19:14,134][braindecode.eegneuralnet.EEGClassifier][INFO] - Overriding inferred parameters with user specified parametersdict_items([('num_layers', 4), ('num_heads', 8)]).
[2026-08-28 10:19:14,134][braindecode.eegneuralnet.EEGClassifier][INFO] - Passing additional parameters {'n_outputs': 2, 'n_times': 640, 'n_chans': 12} to module <class 'braindecode.models.eegconformer.EEGConformer'>.
[2026-08-28 10:19:48,518][braindecode.datautil.util][INFO] - Using array-like to find signal-related parameters.
[2026-08-28 10:19:48,518][braindecode.eegneuralnet.EEGClassifier][INFO] - Overriding inferred parameters with user specified parametersdict_items([('num_layers', 4), ('num_heads', 8)]).
[2026-08-28 10:19:48,518][braindecode.eegneuralnet.EEGClassifier][INFO] - Passing additional parameters {'n_outputs': 2, 'n_times': 640, 'n_chans': 12} to module <class 'braindecode.models.eegconformer.EEGConformer'>.
[2026-08-28 10:20:30,161][braindecode.datautil.util][INFO] - Using array-like to find signal-related parameters.
[2026-08-28 10:20:30,161][braindecode.eegneuralnet.EEGClassifier][INFO] - Overriding inferred parameters with user specified parametersdict_items([('num_layers', 4), ('num_heads', 8)]).
[2026-08-28 10:20:30,161][braindecode.eegneuralnet.EEGClassifier][INFO] - Passing additional parameters {'n_outputs': 2, 'n_times': 640, 'n_chans': 12} to module <class 'braindecode.models.eegconformer.EEGConformer'>.
[2026-08-28 10:21:02,148][braindecode.datautil.util][INFO] - Using array-like to find signal-related parameters.
[2026-08-28 10:21:02,148][braindecode.eegneuralnet.EEGClassifier][INFO] - Overriding inferred parameters with user specified parametersdict_items([('num_layers', 4), ('num_heads', 8)]).
[2026-08-28 10:21:02,148][braindecode.eegneuralnet.EEGClassifier][INFO] - Passing additional parameters {'n_outputs': 2, 'n_times': 640, 'n_chans': 12} to module <class 'braindecode.models.eegconformer.EEGConformer'>.
[2026-08-28 10:21:37,237][braindecode.datautil.util][INFO] - Using array-like to find signal-related parameters.
[2026-08-28 10:21:37,237][braindecode.eegneuralnet.EEGClassifier][INFO] - Overriding inferred parameters with user specified parametersdict_items([('num_layers', 4), ('num_heads', 8)]).
[2026-08-28 10:21:37,237][braindecode.eegneuralnet.EEGClassifier][INFO] - Passing additional parameters {'n_outputs': 2, 'n_times': 640, 'n_chans': 12} to module <class 'braindecode.models.eegconformer.EEGConformer'>.
[2026-08-28 10:22:17,654][braindecode.datautil.util][INFO] - Using array-like to find signal-related parameters.
[2026-08-28 10:22:17,654][braindecode.eegneuralnet.EEGClassifier][INFO] - Overriding inferred parameters with user specified parametersdict_items([('num_layers', 4), ('num_heads', 8)]).
[2026-08-28 10:22:17,654][braindecode.eegneuralnet.EEGClassifier][INFO] - Passing additional parameters {'n_outputs': 2, 'n_times': 640, 'n_chans': 12} to module <class 'braindecode.models.eegconformer.EEGConformer'>.
[2026-08-28 10:22:55,735][braindecode.datautil.util][INFO] - Using array-like to find signal-related parameters.
[2026-08-28 10:22:55,736][braindecode.eegneuralnet.EEGClassifier][INFO] - Overriding inferred parameters with user specified parametersdict_items([('num_layers', 4), ('num_heads', 8)]).
[2026-08-28 10:22:55,736][braindecode.eegneuralnet.EEGClassifier][INFO] - Passing additional parameters {'n_outputs': 2, 'n_times': 640, 'n_chans': 12} to module <class 'braindecode.models.eegconformer.EEGConformer'>.
[2026-08-28 10:23:30,184][braindecode.datautil.util][INFO] - Using array-like to find signal-related parameters.
[2026-08-28 10:23:30,184][braindecode.eegneuralnet.EEGClassifier][INFO] - Overriding inferred parameters with user specified parametersdict_items([('num_layers', 4), ('num_heads', 8)]).
[2026-08-28 10:23:30,184][braindecode.eegneuralnet.EEGClassifier][INFO] - Passing additional parameters {'n_outputs': 2, 'n_times': 640, 'n_chans': 12} to module <class 'braindecode.models.eegconformer.EEGConformer'>.
[2026-08-28 10:24:01,808][braindecode.datautil.util][INFO] - Using array-like to find signal-related parameters.
[2026-08-28 10:24:01,809][braindecode.eegneuralnet.EEGClassifier][INFO] - Overriding inferred parameters with user specified parametersdict_items([('num_layers', 4), ('num_heads', 8)]).
[2026-08-28 10:24:01,809][braindecode.eegneuralnet.EEGClassifier][INFO] - Passing additional parameters {'n_outputs': 2, 'n_times': 640, 'n_chans': 12} to module <class 'braindecode.models.eegconformer.EEGConformer'>.
[2026-08-28 10:24:38,353][braindecode.datautil.util][INFO] - Using array-like to find signal-related parameters.
[2026-08-28 10:24:38,353][braindecode.eegneuralnet.EEGClassifier][INFO] - Overriding inferred parameters with user specified parametersdict_items([('num_layers', 4), ('num_heads', 8)]).
[2026-08-28 10:24:38,353][braindecode.eegneuralnet.EEGClassifier][INFO] - Passing additional parameters {'n_outputs': 2, 'n_times': 640, 'n_chans': 12} to module <class 'braindecode.models.eegconformer.EEGConformer'>.
[2026-08-28 10:25:10,845][braindecode.datautil.util][INFO] - Using array-like to find signal-related parameters.
[2026-08-28 10:25:10,845][braindecode.eegneuralnet.EEGClassifier][INFO] - Overriding inferred parameters with user specified parametersdict_items([('num_layers', 4), ('num_heads', 8)]).
[2026-08-28 10:25:10,845][braindecode.eegneuralnet.EEGClassifier][INFO] - Passing additional parameters {'n_outputs': 2, 'n_times': 640, 'n_chans': 12} to module <class 'braindecode.models.eegconformer.EEGConformer'>.
[2026-08-28 10:25:40,280][braindecode.datautil.util][INFO] - Using array-like to find signal-related parameters.
[2026-08-28 10:25:40,280][braindecode.eegneuralnet.EEGClassifier][INFO] - Overriding inferred parameters with user specified parametersdict_items([('num_layers', 4), ('num_heads', 8)]).
[2026-08-28 10:25:40,280][braindecode.eegneuralnet.EEGClassifier][INFO] - Passing additional parameters {'n_outputs': 2, 'n_times': 640, 'n_chans': 12} to module <class 'braindecode.models.eegconformer.EEGConformer'>.
[2026-08-28 10:26:10,251][braindecode.datautil.util][INFO] - Using array-like to find signal-related parameters.
[2026-08-28 10:26:10,251][braindecode.eegneuralnet.EEGClassifier][INFO] - Overriding inferred parameters with user specified parametersdict_items([('num_layers', 4), ('num_heads', 8)]).
[2026-08-28 10:26:10,251][braindecode.eegneuralnet.EEGClassifier][INFO] - Passing additional parameters {'n_outputs': 2, 'n_times': 640, 'n_chans': 12} to module <class 'braindecode.models.eegconformer.EEGConformer'>.
[2026-08-28 10:26:40,268][braindecode.datautil.util][INFO] - Using array-like to find signal-related parameters.
[2026-08-28 10:26:40,269][braindecode.eegneuralnet.EEGClassifier][INFO] - Overriding inferred parameters with user specified parametersdict_items([('num_layers', 4), ('num_heads', 8)]).
[2026-08-28 10:26:40,269][braindecode.eegneuralnet.EEGClassifier][INFO] - Passing additional parameters {'n_outputs': 2, 'n_times': 640, 'n_chans': 12} to module <class 'braindecode.models.eegconformer.EEGConformer'>.
[2026-08-28 10:27:06,541][braindecode.datautil.util][INFO] - Using array-like to find signal-related parameters.
[2026-08-28 10:27:06,541][braindecode.eegneuralnet.EEGClassifier][INFO] - Overriding inferred parameters with user specified parametersdict_items([('num_layers', 4), ('num_heads', 8)]).
[2026-08-28 10:27:06,541][braindecode.eegneuralnet.EEGClassifier][INFO] - Passing additional parameters {'n_outputs': 2, 'n_times': 640, 'n_chans': 12} to module <class 'braindecode.models.eegconformer.EEGConformer'>.
[2026-08-28 10:27:52,819][braindecode.datautil.util][INFO] - Using array-like to find signal-related parameters.
[2026-08-28 10:27:52,819][braindecode.eegneuralnet.EEGClassifier][INFO] - Overriding inferred parameters with user specified parametersdict_items([('num_layers', 4), ('num_heads', 8)]).
[2026-08-28 10:27:52,819][braindecode.eegneuralnet.EEGClassifier][INFO] - Passing additional parameters {'n_outputs': 2, 'n_times': 640, 'n_chans': 12} to module <class 'braindecode.models.eegconformer.EEGConformer'>.
[2026-08-28 10:28:20,035][braindecode.datautil.util][INFO] - Using array-like to find signal-related parameters.
[2026-08-28 10:28:20,036][braindecode.eegneuralnet.EEGClassifier][INFO] - Overriding inferred parameters with user specified parametersdict_items([('num_layers', 4), ('num_heads', 8)]).
[2026-08-28 10:28:20,036][braindecode.eegneuralnet.EEGClassifier][INFO] - Passing additional parameters {'n_outputs': 2, 'n_times': 640, 'n_chans': 12} to module <class 'braindecode.models.eegconformer.EEGConformer'>.
[2026-08-28 10:28:56,581][braindecode.datautil.util][INFO] - Using array-like to find signal-related parameters.
[2026-08-28 10:28:56,582][braindecode.eegneuralnet.EEGClassifier][INFO] - Overriding inferred parameters with user specified parametersdict_items([('num_layers', 4), ('num_heads', 8)]).
[2026-08-28 10:28:56,582][braindecode.eegneuralnet.EEGClassifier][INFO] - Passing additional parameters {'n_outputs': 2, 'n_times': 640, 'n_chans': 12} to module <class 'braindecode.models.eegconformer.EEGConformer'>.
[2026-08-28 10:29:29,321][braindecode.datautil.util][INFO] - Using array-like to find signal-related parameters.
[2026-08-28 10:29:29,321][braindecode.eegneuralnet.EEGClassifier][INFO] - Overriding inferred parameters with user specified parametersdict_items([('num_layers', 4), ('num_heads', 8)]).
[2026-08-28 10:29:29,321][braindecode.eegneuralnet.EEGClassifier][INFO] - Passing additional parameters {'n_outputs': 2, 'n_times': 640, 'n_chans': 12} to module <class 'braindecode.models.eegconformer.EEGConformer'>.
[2026-08-28 10:30:03,073][braindecode.datautil.util][INFO] - Using array-like to find signal-related parameters.
[2026-08-28 10:30:03,073][braindecode.eegneuralnet.EEGClassifier][INFO] - Overriding inferred parameters with user specified parametersdict_items([('num_layers', 4), ('num_heads', 8)]).
[2026-08-28 10:30:03,073][braindecode.eegneuralnet.EEGClassifier][INFO] - Passing additional parameters {'n_outputs': 2, 'n_times': 640, 'n_chans': 12} to module <class 'braindecode.models.eegconformer.EEGConformer'>.
[2026-08-28 10:30:23,336][braindecode.datautil.util][INFO] - Using array-like to find signal-related parameters.
[2026-08-28 10:30:23,336][braindecode.eegneuralnet.EEGClassifier][INFO] - Overriding inferred parameters with user specified parametersdict_items([('num_layers', 4), ('num_heads', 8)]).
[2026-08-28 10:30:23,336][braindecode.eegneuralnet.EEGClassifier][INFO] - Passing additional parameters {'n_outputs': 2, 'n_times': 640, 'n_chans': 12} to module <class 'braindecode.models.eegconformer.EEGConformer'>.
[2026-08-28 10:30:55,763][braindecode.datautil.util][INFO] - Using array-like to find signal-related parameters.
[2026-08-28 10:30:55,763][braindecode.eegneuralnet.EEGClassifier][INFO] - Overriding inferred parameters with user specified parametersdict_items([('num_layers', 4), ('num_heads', 8)]).
[2026-08-28 10:30:55,763][braindecode.eegneuralnet.EEGClassifier][INFO] - Passing additional parameters {'n_outputs': 2, 'n_times': 640, 'n_chans': 12} to module <class 'braindecode.models.eegconformer.EEGConformer'>.
[2026-08-28 10:31:30,780][braindecode.datautil.util][INFO] - Using array-like to find signal-related parameters.
[2026-08-28 10:31:30,780][braindecode.eegneuralnet.EEGClassifier][INFO] - Overriding inferred parameters with user specified parametersdict_items([('num_layers', 4), ('num_heads', 8)]).
[2026-08-28 10:31:30,780][braindecode.eegneuralnet.EEGClassifier][INFO] - Passing additional parameters {'n_outputs': 2, 'n_times': 640, 'n_chans': 12} to module <class 'braindecode.models.eegconformer.EEGConformer'>.
[2026-08-28 10:32:07,930][braindecode.datautil.util][INFO] - Using array-like to find signal-related parameters.
[2026-08-28 10:32:07,930][braindecode.eegneuralnet.EEGClassifier][INFO] - Overriding inferred parameters with user specified parametersdict_items([('num_layers', 4), ('num_heads', 8)]).
[2026-08-28 10:32:07,930][braindecode.eegneuralnet.EEGClassifier][INFO] - Passing additional parameters {'n_outputs': 2, 'n_times': 640, 'n_chans': 12} to module <class 'braindecode.models.eegconformer.EEGConformer'>.
[2026-08-28 10:32:29,331][braindecode.datautil.util][INFO] - Using array-like to find signal-related parameters.
[2026-08-28 10:32:29,332][braindecode.eegneuralnet.EEGClassifier][INFO] - Overriding inferred parameters with user specified parametersdict_items([('num_layers', 4), ('num_heads', 8)]).
[2026-08-28 10:32:29,332][braindecode.eegneuralnet.EEGClassifier][INFO] - Passing additional parameters {'n_outputs': 2, 'n_times': 640, 'n_chans': 12} to module <class 'braindecode.models.eegconformer.EEGConformer'>.
[2026-08-28 10:33:00,956][braindecode.datautil.util][INFO] - Using array-like to find signal-related parameters.
[2026-08-28 10:33:00,957][braindecode.eegneuralnet.EEGClassifier][INFO] - Overriding inferred parameters with user specified parametersdict_items([('num_layers', 4), ('num_heads', 8)]).
[2026-08-28 10:33:00,957][braindecode.eegneuralnet.EEGClassifier][INFO] - Passing additional parameters {'n_outputs': 2, 'n_times': 640, 'n_chans': 12} to module <class 'braindecode.models.eegconformer.EEGConformer'>.
[2026-08-28 10:33:40,596][braindecode.datautil.util][INFO] - Using array-like to find signal-related parameters.
[2026-08-28 10:33:40,596][braindecode.eegneuralnet.EEGClassifier][INFO] - Overriding inferred parameters with user specified parametersdict_items([('num_layers', 4), ('num_heads', 8)]).
[2026-08-28 10:33:40,596][braindecode.eegneuralnet.EEGClassifier][INFO] - Passing additional parameters {'n_outputs': 2, 'n_times': 640, 'n_chans': 12} to module <class 'braindecode.models.eegconformer.EEGConformer'>.
[2026-08-28 10:34:20,232][braindecode.datautil.util][INFO] - Using array-like to find signal-related parameters.
[2026-08-28 10:34:20,232][braindecode.eegneuralnet.EEGClassifier][INFO] - Overriding inferred parameters with user specified parametersdict_items([('num_layers', 4), ('num_heads', 8)]).
[2026-08-28 10:34:20,232][braindecode.eegneuralnet.EEGClassifier][INFO] - Passing additional parameters {'n_outputs': 2, 'n_times': 640, 'n_chans': 12} to module <class 'braindecode.models.eegconformer.EEGConformer'>.
[2026-08-28 10:35:00,767][braindecode.datautil.util][INFO] - Using array-like to find signal-related parameters.
[2026-08-28 10:35:00,767][braindecode.eegneuralnet.EEGClassifier][INFO] - Overriding inferred parameters with user specified parametersdict_items([('num_layers', 4), ('num_heads', 8)]).
[2026-08-28 10:35:00,767][braindecode.eegneuralnet.EEGClassifier][INFO] - Passing additional parameters {'n_outputs': 2, 'n_times': 640, 'n_chans': 12} to module <class 'braindecode.models.eegconformer.EEGConformer'>.
[2026-08-28 10:35:23,365][braindecode.datautil.util][INFO] - Using array-like to find signal-related parameters.
[2026-08-28 10:35:23,365][braindecode.eegneuralnet.EEGClassifier][INFO] - Overriding inferred parameters with user specified parametersdict_items([('num_layers', 4), ('num_heads', 8)]).
[2026-08-28 10:35:23,365][braindecode.eegneuralnet.EEGClassifier][INFO] - Passing additional parameters {'n_outputs': 2, 'n_times': 640, 'n_chans': 12} to module <class 'braindecode.models.eegconformer.EEGConformer'>.
[2026-08-28 10:35:56,637][braindecode.datautil.util][INFO] - Using array-like to find signal-related parameters.
[2026-08-28 10:35:56,637][braindecode.eegneuralnet.EEGClassifier][INFO] - Overriding inferred parameters with user specified parametersdict_items([('num_layers', 4), ('num_heads', 8)]).
[2026-08-28 10:35:56,637][braindecode.eegneuralnet.EEGClassifier][INFO] - Passing additional parameters {'n_outputs': 2, 'n_times': 640, 'n_chans': 12} to module <class 'braindecode.models.eegconformer.EEGConformer'>.
[2026-08-28 10:36:37,977][braindecode.datautil.util][INFO] - Using array-like to find signal-related parameters.
[2026-08-28 10:36:37,977][braindecode.eegneuralnet.EEGClassifier][INFO] - Overriding inferred parameters with user specified parametersdict_items([('num_layers', 4), ('num_heads', 8)]).
[2026-08-28 10:36:37,977][braindecode.eegneuralnet.EEGClassifier][INFO] - Passing additional parameters {'n_outputs': 2, 'n_times': 640, 'n_chans': 12} to module <class 'braindecode.models.eegconformer.EEGConformer'>.
[2026-08-28 10:37:17,574][braindecode.datautil.util][INFO] - Using array-like to find signal-related parameters.
[2026-08-28 10:37:17,574][braindecode.eegneuralnet.EEGClassifier][INFO] - Overriding inferred parameters with user specified parametersdict_items([('num_layers', 4), ('num_heads', 8)]).
[2026-08-28 10:37:17,574][braindecode.eegneuralnet.EEGClassifier][INFO] - Passing additional parameters {'n_outputs': 2, 'n_times': 640, 'n_chans': 12} to module <class 'braindecode.models.eegconformer.EEGConformer'>.
[2026-08-28 10:37:39,825][__main__][INFO] - Completed run_experiment: 1 result(s) under /work/python_project/results/scenario_decoder (2026-08-28 % 05-36-44)/+decoder=eegconformer,+scenario=cross_task_from_stroop_mirror (mean accuracy 0.604)
[2026-08-28 10:37:39,871][hydra.experimental.callbacks.LogJobReturnCallback][INFO] - Succeeded with return value: None
