[2026-08-30 20:44:52,520][preparation][INFO] - Preparation sam40_all: started for tasks relax, stroop, arithmetic, mirror (derivatives: /work/python_project/datasets/bids/sam40/derivatives/mne-bids-pipeline/relax-stroop-arithmetic-mirror).
[2026-08-30 20:45:03,035][preparation][INFO] - Preparation sam40_all: complete; cache reused (2001 Pipeline cache hits); derivatives: /work/python_project/datasets/bids/sam40/derivatives/mne-bids-pipeline/relax-stroop-arithmetic-mirror; reports: /work/python_project/results/scenario_decoder (2026-08-30 % 15-48-47)/_preparation/sam40_all; full log: /work/python_project/results/scenario_decoder (2026-08-30 % 15-48-47)/eegnet/cross_subject_sam40_all/_preparation/sam40_all.mne-bids-pipeline.log.
[2026-08-30 20:45:07,342][braindecode.datautil.util][INFO] - Using array-like to find signal-related parameters.
[2026-08-30 20:45:07,343][braindecode.eegneuralnet.EEGClassifier][INFO] - Passing additional parameters {'n_outputs': 2, 'n_times': 640, 'n_chans': 12} to module <class 'braindecode.models.eegnet.EEGNet'>.
[2026-08-30 20:45:24,207][braindecode.datautil.util][INFO] - Using array-like to find signal-related parameters.
[2026-08-30 20:45:24,208][braindecode.eegneuralnet.EEGClassifier][INFO] - Passing additional parameters {'n_outputs': 2, 'n_times': 640, 'n_chans': 12} to module <class 'braindecode.models.eegnet.EEGNet'>.
[2026-08-30 20:45:40,716][braindecode.datautil.util][INFO] - Using array-like to find signal-related parameters.
[2026-08-30 20:45:40,717][braindecode.eegneuralnet.EEGClassifier][INFO] - Passing additional parameters {'n_outputs': 2, 'n_times': 640, 'n_chans': 12} to module <class 'braindecode.models.eegnet.EEGNet'>.
[2026-08-30 20:45:57,222][braindecode.datautil.util][INFO] - Using array-like to find signal-related parameters.
[2026-08-30 20:45:57,222][braindecode.eegneuralnet.EEGClassifier][INFO] - Passing additional parameters {'n_outputs': 2, 'n_times': 640, 'n_chans': 12} to module <class 'braindecode.models.eegnet.EEGNet'>.
[2026-08-30 20:46:13,297][braindecode.datautil.util][INFO] - Using array-like to find signal-related parameters.
[2026-08-30 20:46:13,297][braindecode.eegneuralnet.EEGClassifier][INFO] - Passing additional parameters {'n_outputs': 2, 'n_times': 640, 'n_chans': 12} to module <class 'braindecode.models.eegnet.EEGNet'>.
[2026-08-30 20:46:29,569][braindecode.datautil.util][INFO] - Using array-like to find signal-related parameters.
[2026-08-30 20:46:29,569][braindecode.eegneuralnet.EEGClassifier][INFO] - Passing additional parameters {'n_outputs': 2, 'n_times': 640, 'n_chans': 12} to module <class 'braindecode.models.eegnet.EEGNet'>.
[2026-08-30 20:46:45,945][braindecode.datautil.util][INFO] - Using array-like to find signal-related parameters.
[2026-08-30 20:46:45,945][braindecode.eegneuralnet.EEGClassifier][INFO] - Passing additional parameters {'n_outputs': 2, 'n_times': 640, 'n_chans': 12} to module <class 'braindecode.models.eegnet.EEGNet'>.
[2026-08-30 20:47:02,327][braindecode.datautil.util][INFO] - Using array-like to find signal-related parameters.
[2026-08-30 20:47:02,328][braindecode.eegneuralnet.EEGClassifier][INFO] - Passing additional parameters {'n_outputs': 2, 'n_times': 640, 'n_chans': 12} to module <class 'braindecode.models.eegnet.EEGNet'>.
[2026-08-30 20:47:18,567][braindecode.datautil.util][INFO] - Using array-like to find signal-related parameters.
[2026-08-30 20:47:18,567][braindecode.eegneuralnet.EEGClassifier][INFO] - Passing additional parameters {'n_outputs': 2, 'n_times': 640, 'n_chans': 12} to module <class 'braindecode.models.eegnet.EEGNet'>.
[2026-08-30 20:47:34,784][braindecode.datautil.util][INFO] - Using array-like to find signal-related parameters.
[2026-08-30 20:47:34,785][braindecode.eegneuralnet.EEGClassifier][INFO] - Passing additional parameters {'n_outputs': 2, 'n_times': 640, 'n_chans': 12} to module <class 'braindecode.models.eegnet.EEGNet'>.
[2026-08-30 20:47:51,065][braindecode.datautil.util][INFO] - Using array-like to find signal-related parameters.
[2026-08-30 20:47:51,065][braindecode.eegneuralnet.EEGClassifier][INFO] - Passing additional parameters {'n_outputs': 2, 'n_times': 640, 'n_chans': 12} to module <class 'braindecode.models.eegnet.EEGNet'>.
[2026-08-30 20:48:07,386][braindecode.datautil.util][INFO] - Using array-like to find signal-related parameters.
[2026-08-30 20:48:07,387][braindecode.eegneuralnet.EEGClassifier][INFO] - Passing additional parameters {'n_outputs': 2, 'n_times': 640, 'n_chans': 12} to module <class 'braindecode.models.eegnet.EEGNet'>.
[2026-08-30 20:48:23,714][braindecode.datautil.util][INFO] - Using array-like to find signal-related parameters.
[2026-08-30 20:48:23,714][braindecode.eegneuralnet.EEGClassifier][INFO] - Passing additional parameters {'n_outputs': 2, 'n_times': 640, 'n_chans': 12} to module <class 'braindecode.models.eegnet.EEGNet'>.
[2026-08-30 20:48:40,012][braindecode.datautil.util][INFO] - Using array-like to find signal-related parameters.
[2026-08-30 20:48:40,013][braindecode.eegneuralnet.EEGClassifier][INFO] - Passing additional parameters {'n_outputs': 2, 'n_times': 640, 'n_chans': 12} to module <class 'braindecode.models.eegnet.EEGNet'>.
[2026-08-30 20:48:56,311][braindecode.datautil.util][INFO] - Using array-like to find signal-related parameters.
[2026-08-30 20:48:56,311][braindecode.eegneuralnet.EEGClassifier][INFO] - Passing additional parameters {'n_outputs': 2, 'n_times': 640, 'n_chans': 12} to module <class 'braindecode.models.eegnet.EEGNet'>.
[2026-08-30 20:49:12,585][braindecode.datautil.util][INFO] - Using array-like to find signal-related parameters.
[2026-08-30 20:49:12,585][braindecode.eegneuralnet.EEGClassifier][INFO] - Passing additional parameters {'n_outputs': 2, 'n_times': 640, 'n_chans': 12} to module <class 'braindecode.models.eegnet.EEGNet'>.
[2026-08-30 20:49:28,793][braindecode.datautil.util][INFO] - Using array-like to find signal-related parameters.
[2026-08-30 20:49:28,794][braindecode.eegneuralnet.EEGClassifier][INFO] - Passing additional parameters {'n_outputs': 2, 'n_times': 640, 'n_chans': 12} to module <class 'braindecode.models.eegnet.EEGNet'>.
[2026-08-30 20:49:45,025][braindecode.datautil.util][INFO] - Using array-like to find signal-related parameters.
[2026-08-30 20:49:45,026][braindecode.eegneuralnet.EEGClassifier][INFO] - Passing additional parameters {'n_outputs': 2, 'n_times': 640, 'n_chans': 12} to module <class 'braindecode.models.eegnet.EEGNet'>.
[2026-08-30 20:50:01,541][braindecode.datautil.util][INFO] - Using array-like to find signal-related parameters.
[2026-08-30 20:50:01,541][braindecode.eegneuralnet.EEGClassifier][INFO] - Passing additional parameters {'n_outputs': 2, 'n_times': 640, 'n_chans': 12} to module <class 'braindecode.models.eegnet.EEGNet'>.
[2026-08-30 20:50:17,802][braindecode.datautil.util][INFO] - Using array-like to find signal-related parameters.
[2026-08-30 20:50:17,802][braindecode.eegneuralnet.EEGClassifier][INFO] - Passing additional parameters {'n_outputs': 2, 'n_times': 640, 'n_chans': 12} to module <class 'braindecode.models.eegnet.EEGNet'>.
[2026-08-30 20:50:34,282][braindecode.datautil.util][INFO] - Using array-like to find signal-related parameters.
[2026-08-30 20:50:34,283][braindecode.eegneuralnet.EEGClassifier][INFO] - Passing additional parameters {'n_outputs': 2, 'n_times': 640, 'n_chans': 12} to module <class 'braindecode.models.eegnet.EEGNet'>.
[2026-08-30 20:50:50,744][braindecode.datautil.util][INFO] - Using array-like to find signal-related parameters.
[2026-08-30 20:50:50,744][braindecode.eegneuralnet.EEGClassifier][INFO] - Passing additional parameters {'n_outputs': 2, 'n_times': 640, 'n_chans': 12} to module <class 'braindecode.models.eegnet.EEGNet'>.
[2026-08-30 20:51:07,232][braindecode.datautil.util][INFO] - Using array-like to find signal-related parameters.
[2026-08-30 20:51:07,232][braindecode.eegneuralnet.EEGClassifier][INFO] - Passing additional parameters {'n_outputs': 2, 'n_times': 640, 'n_chans': 12} to module <class 'braindecode.models.eegnet.EEGNet'>.
[2026-08-30 20:51:23,578][braindecode.datautil.util][INFO] - Using array-like to find signal-related parameters.
[2026-08-30 20:51:23,578][braindecode.eegneuralnet.EEGClassifier][INFO] - Passing additional parameters {'n_outputs': 2, 'n_times': 640, 'n_chans': 12} to module <class 'braindecode.models.eegnet.EEGNet'>.
[2026-08-30 20:51:39,812][braindecode.datautil.util][INFO] - Using array-like to find signal-related parameters.
[2026-08-30 20:51:39,812][braindecode.eegneuralnet.EEGClassifier][INFO] - Passing additional parameters {'n_outputs': 2, 'n_times': 640, 'n_chans': 12} to module <class 'braindecode.models.eegnet.EEGNet'>.
[2026-08-30 20:51:56,105][braindecode.datautil.util][INFO] - Using array-like to find signal-related parameters.
[2026-08-30 20:51:56,105][braindecode.eegneuralnet.EEGClassifier][INFO] - Passing additional parameters {'n_outputs': 2, 'n_times': 640, 'n_chans': 12} to module <class 'braindecode.models.eegnet.EEGNet'>.
[2026-08-30 20:52:12,454][braindecode.datautil.util][INFO] - Using array-like to find signal-related parameters.
[2026-08-30 20:52:12,454][braindecode.eegneuralnet.EEGClassifier][INFO] - Passing additional parameters {'n_outputs': 2, 'n_times': 640, 'n_chans': 12} to module <class 'braindecode.models.eegnet.EEGNet'>.
[2026-08-30 20:52:28,917][braindecode.datautil.util][INFO] - Using array-like to find signal-related parameters.
[2026-08-30 20:52:28,918][braindecode.eegneuralnet.EEGClassifier][INFO] - Passing additional parameters {'n_outputs': 2, 'n_times': 640, 'n_chans': 12} to module <class 'braindecode.models.eegnet.EEGNet'>.
[2026-08-30 20:52:45,173][braindecode.datautil.util][INFO] - Using array-like to find signal-related parameters.
[2026-08-30 20:52:45,174][braindecode.eegneuralnet.EEGClassifier][INFO] - Passing additional parameters {'n_outputs': 2, 'n_times': 640, 'n_chans': 12} to module <class 'braindecode.models.eegnet.EEGNet'>.
[2026-08-30 20:53:01,271][braindecode.datautil.util][INFO] - Using array-like to find signal-related parameters.
[2026-08-30 20:53:01,271][braindecode.eegneuralnet.EEGClassifier][INFO] - Passing additional parameters {'n_outputs': 2, 'n_times': 640, 'n_chans': 12} to module <class 'braindecode.models.eegnet.EEGNet'>.
[2026-08-30 20:53:17,468][braindecode.datautil.util][INFO] - Using array-like to find signal-related parameters.
[2026-08-30 20:53:17,468][braindecode.eegneuralnet.EEGClassifier][INFO] - Passing additional parameters {'n_outputs': 2, 'n_times': 640, 'n_chans': 12} to module <class 'braindecode.models.eegnet.EEGNet'>.
[2026-08-30 20:53:33,636][braindecode.datautil.util][INFO] - Using array-like to find signal-related parameters.
[2026-08-30 20:53:33,636][braindecode.eegneuralnet.EEGClassifier][INFO] - Passing additional parameters {'n_outputs': 2, 'n_times': 640, 'n_chans': 12} to module <class 'braindecode.models.eegnet.EEGNet'>.
[2026-08-30 20:53:49,854][braindecode.datautil.util][INFO] - Using array-like to find signal-related parameters.
[2026-08-30 20:53:49,854][braindecode.eegneuralnet.EEGClassifier][INFO] - Passing additional parameters {'n_outputs': 2, 'n_times': 640, 'n_chans': 12} to module <class 'braindecode.models.eegnet.EEGNet'>.
[2026-08-30 20:54:05,801][braindecode.datautil.util][INFO] - Using array-like to find signal-related parameters.
[2026-08-30 20:54:05,801][braindecode.eegneuralnet.EEGClassifier][INFO] - Passing additional parameters {'n_outputs': 2, 'n_times': 640, 'n_chans': 12} to module <class 'braindecode.models.eegnet.EEGNet'>.
[2026-08-30 20:54:22,138][braindecode.datautil.util][INFO] - Using array-like to find signal-related parameters.
[2026-08-30 20:54:22,138][braindecode.eegneuralnet.EEGClassifier][INFO] - Passing additional parameters {'n_outputs': 2, 'n_times': 640, 'n_chans': 12} to module <class 'braindecode.models.eegnet.EEGNet'>.
[2026-08-30 20:54:38,393][braindecode.datautil.util][INFO] - Using array-like to find signal-related parameters.
[2026-08-30 20:54:38,393][braindecode.eegneuralnet.EEGClassifier][INFO] - Passing additional parameters {'n_outputs': 2, 'n_times': 640, 'n_chans': 12} to module <class 'braindecode.models.eegnet.EEGNet'>.
[2026-08-30 20:54:54,489][braindecode.datautil.util][INFO] - Using array-like to find signal-related parameters.
[2026-08-30 20:54:54,489][braindecode.eegneuralnet.EEGClassifier][INFO] - Passing additional parameters {'n_outputs': 2, 'n_times': 640, 'n_chans': 12} to module <class 'braindecode.models.eegnet.EEGNet'>.
[2026-08-30 20:55:10,868][braindecode.datautil.util][INFO] - Using array-like to find signal-related parameters.
[2026-08-30 20:55:10,869][braindecode.eegneuralnet.EEGClassifier][INFO] - Passing additional parameters {'n_outputs': 2, 'n_times': 640, 'n_chans': 12} to module <class 'braindecode.models.eegnet.EEGNet'>.
[2026-08-30 20:55:27,414][braindecode.datautil.util][INFO] - Using array-like to find signal-related parameters.
[2026-08-30 20:55:27,415][braindecode.eegneuralnet.EEGClassifier][INFO] - Passing additional parameters {'n_outputs': 2, 'n_times': 640, 'n_chans': 12} to module <class 'braindecode.models.eegnet.EEGNet'>.
[2026-08-30 20:55:43,833][braindecode.datautil.util][INFO] - Using array-like to find signal-related parameters.
[2026-08-30 20:55:43,833][braindecode.eegneuralnet.EEGClassifier][INFO] - Passing additional parameters {'n_outputs': 2, 'n_times': 640, 'n_chans': 12} to module <class 'braindecode.models.eegnet.EEGNet'>.
[2026-08-30 20:56:00,352][__main__][INFO] - Completed adhoc: 1 result(s) under /work/python_project/results/scenario_decoder (2026-08-30 % 15-48-47)/eegnet/cross_subject_sam40_all (mean balanced accuracy 0.667)
[2026-08-30 20:56:00,401][hydra.experimental.callbacks.LogJobReturnCallback][INFO] - Succeeded with return value: None
