[2026-08-30 22:17:50,121][preparation][INFO] - Preparation sam40_arithmetic_mirror: started for tasks relax, arithmetic, mirror (derivatives: /work/python_project/datasets/bids/sam40/derivatives/mne-bids-pipeline/relax-arithmetic-mirror).
[2026-08-30 22:17:59,970][preparation][INFO] - Preparation sam40_arithmetic_mirror: complete; cache reused (1521 Pipeline cache hits); derivatives: /work/python_project/datasets/bids/sam40/derivatives/mne-bids-pipeline/relax-arithmetic-mirror; reports: /work/python_project/results/scenario_decoder (2026-08-30 % 15-48-47)/_preparation/sam40_arithmetic_mirror; full log: /work/python_project/results/scenario_decoder (2026-08-30 % 15-48-47)/shallownet/cross_task_from_sam40_arithmetic_mirror/_preparation/sam40_arithmetic_mirror.mne-bids-pipeline.log.
[2026-08-30 22:18:02,956][preparation][INFO] - Preparation sam40_stroop: started for tasks relax, stroop (derivatives: /work/python_project/datasets/bids/sam40/derivatives/mne-bids-pipeline/relax-stroop).
[2026-08-30 22:18:12,133][preparation][INFO] - Preparation sam40_stroop: complete; cache reused (1041 Pipeline cache hits); derivatives: /work/python_project/datasets/bids/sam40/derivatives/mne-bids-pipeline/relax-stroop; reports: /work/python_project/results/scenario_decoder (2026-08-30 % 15-48-47)/_preparation/sam40_stroop; full log: /work/python_project/results/scenario_decoder (2026-08-30 % 15-48-47)/shallownet/cross_task_from_sam40_arithmetic_mirror/_preparation/sam40_stroop.mne-bids-pipeline.log.
[2026-08-30 22:18:14,307][braindecode.datautil.util][INFO] - Using array-like to find signal-related parameters.
[2026-08-30 22:18:14,307][braindecode.eegneuralnet.EEGClassifier][INFO] - Passing additional parameters {'n_outputs': 2, 'n_times': 640, 'n_chans': 12} to module <class 'braindecode.models.shallow_fbcsp.ShallowFBCSPNet'>.
[2026-08-30 22:18:24,205][braindecode.datautil.util][INFO] - Using array-like to find signal-related parameters.
[2026-08-30 22:18:24,206][braindecode.eegneuralnet.EEGClassifier][INFO] - Passing additional parameters {'n_outputs': 2, 'n_times': 640, 'n_chans': 12} to module <class 'braindecode.models.shallow_fbcsp.ShallowFBCSPNet'>.
[2026-08-30 22:18:33,910][braindecode.datautil.util][INFO] - Using array-like to find signal-related parameters.
[2026-08-30 22:18:33,910][braindecode.eegneuralnet.EEGClassifier][INFO] - Passing additional parameters {'n_outputs': 2, 'n_times': 640, 'n_chans': 12} to module <class 'braindecode.models.shallow_fbcsp.ShallowFBCSPNet'>.
[2026-08-30 22:18:43,738][braindecode.datautil.util][INFO] - Using array-like to find signal-related parameters.
[2026-08-30 22:18:43,738][braindecode.eegneuralnet.EEGClassifier][INFO] - Passing additional parameters {'n_outputs': 2, 'n_times': 640, 'n_chans': 12} to module <class 'braindecode.models.shallow_fbcsp.ShallowFBCSPNet'>.
[2026-08-30 22:18:53,510][braindecode.datautil.util][INFO] - Using array-like to find signal-related parameters.
[2026-08-30 22:18:53,511][braindecode.eegneuralnet.EEGClassifier][INFO] - Passing additional parameters {'n_outputs': 2, 'n_times': 640, 'n_chans': 12} to module <class 'braindecode.models.shallow_fbcsp.ShallowFBCSPNet'>.
[2026-08-30 22:19:03,291][braindecode.datautil.util][INFO] - Using array-like to find signal-related parameters.
[2026-08-30 22:19:03,291][braindecode.eegneuralnet.EEGClassifier][INFO] - Passing additional parameters {'n_outputs': 2, 'n_times': 640, 'n_chans': 12} to module <class 'braindecode.models.shallow_fbcsp.ShallowFBCSPNet'>.
[2026-08-30 22:19:13,147][braindecode.datautil.util][INFO] - Using array-like to find signal-related parameters.
[2026-08-30 22:19:13,147][braindecode.eegneuralnet.EEGClassifier][INFO] - Passing additional parameters {'n_outputs': 2, 'n_times': 640, 'n_chans': 12} to module <class 'braindecode.models.shallow_fbcsp.ShallowFBCSPNet'>.
[2026-08-30 22:19:23,052][braindecode.datautil.util][INFO] - Using array-like to find signal-related parameters.
[2026-08-30 22:19:23,052][braindecode.eegneuralnet.EEGClassifier][INFO] - Passing additional parameters {'n_outputs': 2, 'n_times': 640, 'n_chans': 12} to module <class 'braindecode.models.shallow_fbcsp.ShallowFBCSPNet'>.
[2026-08-30 22:19:32,895][braindecode.datautil.util][INFO] - Using array-like to find signal-related parameters.
[2026-08-30 22:19:32,896][braindecode.eegneuralnet.EEGClassifier][INFO] - Passing additional parameters {'n_outputs': 2, 'n_times': 640, 'n_chans': 12} to module <class 'braindecode.models.shallow_fbcsp.ShallowFBCSPNet'>.
[2026-08-30 22:19:42,709][braindecode.datautil.util][INFO] - Using array-like to find signal-related parameters.
[2026-08-30 22:19:42,710][braindecode.eegneuralnet.EEGClassifier][INFO] - Passing additional parameters {'n_outputs': 2, 'n_times': 640, 'n_chans': 12} to module <class 'braindecode.models.shallow_fbcsp.ShallowFBCSPNet'>.
[2026-08-30 22:19:52,585][braindecode.datautil.util][INFO] - Using array-like to find signal-related parameters.
[2026-08-30 22:19:52,585][braindecode.eegneuralnet.EEGClassifier][INFO] - Passing additional parameters {'n_outputs': 2, 'n_times': 640, 'n_chans': 12} to module <class 'braindecode.models.shallow_fbcsp.ShallowFBCSPNet'>.
[2026-08-30 22:20:02,394][braindecode.datautil.util][INFO] - Using array-like to find signal-related parameters.
[2026-08-30 22:20:02,394][braindecode.eegneuralnet.EEGClassifier][INFO] - Passing additional parameters {'n_outputs': 2, 'n_times': 640, 'n_chans': 12} to module <class 'braindecode.models.shallow_fbcsp.ShallowFBCSPNet'>.
[2026-08-30 22:20:12,153][braindecode.datautil.util][INFO] - Using array-like to find signal-related parameters.
[2026-08-30 22:20:12,153][braindecode.eegneuralnet.EEGClassifier][INFO] - Passing additional parameters {'n_outputs': 2, 'n_times': 640, 'n_chans': 12} to module <class 'braindecode.models.shallow_fbcsp.ShallowFBCSPNet'>.
[2026-08-30 22:20:21,918][braindecode.datautil.util][INFO] - Using array-like to find signal-related parameters.
[2026-08-30 22:20:21,918][braindecode.eegneuralnet.EEGClassifier][INFO] - Passing additional parameters {'n_outputs': 2, 'n_times': 640, 'n_chans': 12} to module <class 'braindecode.models.shallow_fbcsp.ShallowFBCSPNet'>.
[2026-08-30 22:20:31,676][braindecode.datautil.util][INFO] - Using array-like to find signal-related parameters.
[2026-08-30 22:20:31,676][braindecode.eegneuralnet.EEGClassifier][INFO] - Passing additional parameters {'n_outputs': 2, 'n_times': 640, 'n_chans': 12} to module <class 'braindecode.models.shallow_fbcsp.ShallowFBCSPNet'>.
[2026-08-30 22:20:41,155][braindecode.datautil.util][INFO] - Using array-like to find signal-related parameters.
[2026-08-30 22:20:41,156][braindecode.eegneuralnet.EEGClassifier][INFO] - Passing additional parameters {'n_outputs': 2, 'n_times': 640, 'n_chans': 12} to module <class 'braindecode.models.shallow_fbcsp.ShallowFBCSPNet'>.
[2026-08-30 22:20:50,900][braindecode.datautil.util][INFO] - Using array-like to find signal-related parameters.
[2026-08-30 22:20:50,901][braindecode.eegneuralnet.EEGClassifier][INFO] - Passing additional parameters {'n_outputs': 2, 'n_times': 640, 'n_chans': 12} to module <class 'braindecode.models.shallow_fbcsp.ShallowFBCSPNet'>.
[2026-08-30 22:21:00,571][braindecode.datautil.util][INFO] - Using array-like to find signal-related parameters.
[2026-08-30 22:21:00,572][braindecode.eegneuralnet.EEGClassifier][INFO] - Passing additional parameters {'n_outputs': 2, 'n_times': 640, 'n_chans': 12} to module <class 'braindecode.models.shallow_fbcsp.ShallowFBCSPNet'>.
[2026-08-30 22:21:10,318][braindecode.datautil.util][INFO] - Using array-like to find signal-related parameters.
[2026-08-30 22:21:10,318][braindecode.eegneuralnet.EEGClassifier][INFO] - Passing additional parameters {'n_outputs': 2, 'n_times': 640, 'n_chans': 12} to module <class 'braindecode.models.shallow_fbcsp.ShallowFBCSPNet'>.
[2026-08-30 22:21:20,093][braindecode.datautil.util][INFO] - Using array-like to find signal-related parameters.
[2026-08-30 22:21:20,094][braindecode.eegneuralnet.EEGClassifier][INFO] - Passing additional parameters {'n_outputs': 2, 'n_times': 640, 'n_chans': 12} to module <class 'braindecode.models.shallow_fbcsp.ShallowFBCSPNet'>.
[2026-08-30 22:21:29,881][braindecode.datautil.util][INFO] - Using array-like to find signal-related parameters.
[2026-08-30 22:21:29,881][braindecode.eegneuralnet.EEGClassifier][INFO] - Passing additional parameters {'n_outputs': 2, 'n_times': 640, 'n_chans': 12} to module <class 'braindecode.models.shallow_fbcsp.ShallowFBCSPNet'>.
[2026-08-30 22:21:39,590][braindecode.datautil.util][INFO] - Using array-like to find signal-related parameters.
[2026-08-30 22:21:39,590][braindecode.eegneuralnet.EEGClassifier][INFO] - Passing additional parameters {'n_outputs': 2, 'n_times': 640, 'n_chans': 12} to module <class 'braindecode.models.shallow_fbcsp.ShallowFBCSPNet'>.
[2026-08-30 22:21:49,347][braindecode.datautil.util][INFO] - Using array-like to find signal-related parameters.
[2026-08-30 22:21:49,347][braindecode.eegneuralnet.EEGClassifier][INFO] - Passing additional parameters {'n_outputs': 2, 'n_times': 640, 'n_chans': 12} to module <class 'braindecode.models.shallow_fbcsp.ShallowFBCSPNet'>.
[2026-08-30 22:21:59,110][braindecode.datautil.util][INFO] - Using array-like to find signal-related parameters.
[2026-08-30 22:21:59,110][braindecode.eegneuralnet.EEGClassifier][INFO] - Passing additional parameters {'n_outputs': 2, 'n_times': 640, 'n_chans': 12} to module <class 'braindecode.models.shallow_fbcsp.ShallowFBCSPNet'>.
[2026-08-30 22:22:08,934][braindecode.datautil.util][INFO] - Using array-like to find signal-related parameters.
[2026-08-30 22:22:08,935][braindecode.eegneuralnet.EEGClassifier][INFO] - Passing additional parameters {'n_outputs': 2, 'n_times': 640, 'n_chans': 12} to module <class 'braindecode.models.shallow_fbcsp.ShallowFBCSPNet'>.
[2026-08-30 22:22:18,853][braindecode.datautil.util][INFO] - Using array-like to find signal-related parameters.
[2026-08-30 22:22:18,853][braindecode.eegneuralnet.EEGClassifier][INFO] - Passing additional parameters {'n_outputs': 2, 'n_times': 640, 'n_chans': 12} to module <class 'braindecode.models.shallow_fbcsp.ShallowFBCSPNet'>.
[2026-08-30 22:22:28,785][braindecode.datautil.util][INFO] - Using array-like to find signal-related parameters.
[2026-08-30 22:22:28,785][braindecode.eegneuralnet.EEGClassifier][INFO] - Passing additional parameters {'n_outputs': 2, 'n_times': 640, 'n_chans': 12} to module <class 'braindecode.models.shallow_fbcsp.ShallowFBCSPNet'>.
[2026-08-30 22:22:38,674][braindecode.datautil.util][INFO] - Using array-like to find signal-related parameters.
[2026-08-30 22:22:38,674][braindecode.eegneuralnet.EEGClassifier][INFO] - Passing additional parameters {'n_outputs': 2, 'n_times': 640, 'n_chans': 12} to module <class 'braindecode.models.shallow_fbcsp.ShallowFBCSPNet'>.
[2026-08-30 22:22:48,375][braindecode.datautil.util][INFO] - Using array-like to find signal-related parameters.
[2026-08-30 22:22:48,375][braindecode.eegneuralnet.EEGClassifier][INFO] - Passing additional parameters {'n_outputs': 2, 'n_times': 640, 'n_chans': 12} to module <class 'braindecode.models.shallow_fbcsp.ShallowFBCSPNet'>.
[2026-08-30 22:22:58,091][braindecode.datautil.util][INFO] - Using array-like to find signal-related parameters.
[2026-08-30 22:22:58,091][braindecode.eegneuralnet.EEGClassifier][INFO] - Passing additional parameters {'n_outputs': 2, 'n_times': 640, 'n_chans': 12} to module <class 'braindecode.models.shallow_fbcsp.ShallowFBCSPNet'>.
[2026-08-30 22:23:07,904][braindecode.datautil.util][INFO] - Using array-like to find signal-related parameters.
[2026-08-30 22:23:07,905][braindecode.eegneuralnet.EEGClassifier][INFO] - Passing additional parameters {'n_outputs': 2, 'n_times': 640, 'n_chans': 12} to module <class 'braindecode.models.shallow_fbcsp.ShallowFBCSPNet'>.
[2026-08-30 22:23:17,742][braindecode.datautil.util][INFO] - Using array-like to find signal-related parameters.
[2026-08-30 22:23:17,742][braindecode.eegneuralnet.EEGClassifier][INFO] - Passing additional parameters {'n_outputs': 2, 'n_times': 640, 'n_chans': 12} to module <class 'braindecode.models.shallow_fbcsp.ShallowFBCSPNet'>.
[2026-08-30 22:23:27,472][braindecode.datautil.util][INFO] - Using array-like to find signal-related parameters.
[2026-08-30 22:23:27,472][braindecode.eegneuralnet.EEGClassifier][INFO] - Passing additional parameters {'n_outputs': 2, 'n_times': 640, 'n_chans': 12} to module <class 'braindecode.models.shallow_fbcsp.ShallowFBCSPNet'>.
[2026-08-30 22:23:37,280][braindecode.datautil.util][INFO] - Using array-like to find signal-related parameters.
[2026-08-30 22:23:37,280][braindecode.eegneuralnet.EEGClassifier][INFO] - Passing additional parameters {'n_outputs': 2, 'n_times': 640, 'n_chans': 12} to module <class 'braindecode.models.shallow_fbcsp.ShallowFBCSPNet'>.
[2026-08-30 22:23:47,019][braindecode.datautil.util][INFO] - Using array-like to find signal-related parameters.
[2026-08-30 22:23:47,019][braindecode.eegneuralnet.EEGClassifier][INFO] - Passing additional parameters {'n_outputs': 2, 'n_times': 640, 'n_chans': 12} to module <class 'braindecode.models.shallow_fbcsp.ShallowFBCSPNet'>.
[2026-08-30 22:23:56,733][braindecode.datautil.util][INFO] - Using array-like to find signal-related parameters.
[2026-08-30 22:23:56,733][braindecode.eegneuralnet.EEGClassifier][INFO] - Passing additional parameters {'n_outputs': 2, 'n_times': 640, 'n_chans': 12} to module <class 'braindecode.models.shallow_fbcsp.ShallowFBCSPNet'>.
[2026-08-30 22:24:06,340][braindecode.datautil.util][INFO] - Using array-like to find signal-related parameters.
[2026-08-30 22:24:06,340][braindecode.eegneuralnet.EEGClassifier][INFO] - Passing additional parameters {'n_outputs': 2, 'n_times': 640, 'n_chans': 12} to module <class 'braindecode.models.shallow_fbcsp.ShallowFBCSPNet'>.
[2026-08-30 22:24:15,411][braindecode.datautil.util][INFO] - Using array-like to find signal-related parameters.
[2026-08-30 22:24:15,411][braindecode.eegneuralnet.EEGClassifier][INFO] - Passing additional parameters {'n_outputs': 2, 'n_times': 640, 'n_chans': 12} to module <class 'braindecode.models.shallow_fbcsp.ShallowFBCSPNet'>.
[2026-08-30 22:24:25,149][braindecode.datautil.util][INFO] - Using array-like to find signal-related parameters.
[2026-08-30 22:24:25,149][braindecode.eegneuralnet.EEGClassifier][INFO] - Passing additional parameters {'n_outputs': 2, 'n_times': 640, 'n_chans': 12} to module <class 'braindecode.models.shallow_fbcsp.ShallowFBCSPNet'>.
[2026-08-30 22:24:35,000][braindecode.datautil.util][INFO] - Using array-like to find signal-related parameters.
[2026-08-30 22:24:35,000][braindecode.eegneuralnet.EEGClassifier][INFO] - Passing additional parameters {'n_outputs': 2, 'n_times': 640, 'n_chans': 12} to module <class 'braindecode.models.shallow_fbcsp.ShallowFBCSPNet'>.
[2026-08-30 22:24:44,891][__main__][INFO] - Completed adhoc: 1 result(s) under /work/python_project/results/scenario_decoder (2026-08-30 % 15-48-47)/shallownet/cross_task_from_sam40_arithmetic_mirror (mean balanced accuracy 0.630)
[2026-08-30 22:24:44,931][hydra.experimental.callbacks.LogJobReturnCallback][INFO] - Succeeded with return value: None
