[2026-08-28 08:46:41,525][braindecode.datautil.util][INFO] - Using array-like to find signal-related parameters.
[2026-08-28 08:46:41,525][braindecode.eegneuralnet.EEGClassifier][INFO] - Overriding inferred parameters with user specified parametersdict_items([('num_layers', 4), ('num_heads', 8)]).
[2026-08-28 08:46:41,525][braindecode.eegneuralnet.EEGClassifier][INFO] - Passing additional parameters {'n_outputs': 2, 'n_times': 640, 'n_chans': 12} to module <class 'braindecode.models.eegconformer.EEGConformer'>.
[2026-08-28 08:47:05,771][braindecode.datautil.util][INFO] - Using array-like to find signal-related parameters.
[2026-08-28 08:47:05,771][braindecode.eegneuralnet.EEGClassifier][INFO] - Overriding inferred parameters with user specified parametersdict_items([('num_layers', 4), ('num_heads', 8)]).
[2026-08-28 08:47:05,771][braindecode.eegneuralnet.EEGClassifier][INFO] - Passing additional parameters {'n_outputs': 2, 'n_times': 640, 'n_chans': 12} to module <class 'braindecode.models.eegconformer.EEGConformer'>.
[2026-08-28 08:47:38,406][braindecode.datautil.util][INFO] - Using array-like to find signal-related parameters.
[2026-08-28 08:47:38,407][braindecode.eegneuralnet.EEGClassifier][INFO] - Overriding inferred parameters with user specified parametersdict_items([('num_layers', 4), ('num_heads', 8)]).
[2026-08-28 08:47:38,407][braindecode.eegneuralnet.EEGClassifier][INFO] - Passing additional parameters {'n_outputs': 2, 'n_times': 640, 'n_chans': 12} to module <class 'braindecode.models.eegconformer.EEGConformer'>.
[2026-08-28 08:48:02,328][braindecode.datautil.util][INFO] - Using array-like to find signal-related parameters.
[2026-08-28 08:48:02,328][braindecode.eegneuralnet.EEGClassifier][INFO] - Overriding inferred parameters with user specified parametersdict_items([('num_layers', 4), ('num_heads', 8)]).
[2026-08-28 08:48:02,328][braindecode.eegneuralnet.EEGClassifier][INFO] - Passing additional parameters {'n_outputs': 2, 'n_times': 640, 'n_chans': 12} to module <class 'braindecode.models.eegconformer.EEGConformer'>.
[2026-08-28 08:48:31,999][braindecode.datautil.util][INFO] - Using array-like to find signal-related parameters.
[2026-08-28 08:48:32,000][braindecode.eegneuralnet.EEGClassifier][INFO] - Overriding inferred parameters with user specified parametersdict_items([('num_layers', 4), ('num_heads', 8)]).
[2026-08-28 08:48:32,000][braindecode.eegneuralnet.EEGClassifier][INFO] - Passing additional parameters {'n_outputs': 2, 'n_times': 640, 'n_chans': 12} to module <class 'braindecode.models.eegconformer.EEGConformer'>.
[2026-08-28 08:48:55,489][braindecode.datautil.util][INFO] - Using array-like to find signal-related parameters.
[2026-08-28 08:48:55,490][braindecode.eegneuralnet.EEGClassifier][INFO] - Overriding inferred parameters with user specified parametersdict_items([('num_layers', 4), ('num_heads', 8)]).
[2026-08-28 08:48:55,490][braindecode.eegneuralnet.EEGClassifier][INFO] - Passing additional parameters {'n_outputs': 2, 'n_times': 640, 'n_chans': 12} to module <class 'braindecode.models.eegconformer.EEGConformer'>.
[2026-08-28 08:49:25,714][braindecode.datautil.util][INFO] - Using array-like to find signal-related parameters.
[2026-08-28 08:49:25,714][braindecode.eegneuralnet.EEGClassifier][INFO] - Overriding inferred parameters with user specified parametersdict_items([('num_layers', 4), ('num_heads', 8)]).
[2026-08-28 08:49:25,714][braindecode.eegneuralnet.EEGClassifier][INFO] - Passing additional parameters {'n_outputs': 2, 'n_times': 640, 'n_chans': 12} to module <class 'braindecode.models.eegconformer.EEGConformer'>.
[2026-08-28 08:50:10,828][braindecode.datautil.util][INFO] - Using array-like to find signal-related parameters.
[2026-08-28 08:50:10,828][braindecode.eegneuralnet.EEGClassifier][INFO] - Overriding inferred parameters with user specified parametersdict_items([('num_layers', 4), ('num_heads', 8)]).
[2026-08-28 08:50:10,828][braindecode.eegneuralnet.EEGClassifier][INFO] - Passing additional parameters {'n_outputs': 2, 'n_times': 640, 'n_chans': 12} to module <class 'braindecode.models.eegconformer.EEGConformer'>.
[2026-08-28 08:50:31,579][braindecode.datautil.util][INFO] - Using array-like to find signal-related parameters.
[2026-08-28 08:50:31,579][braindecode.eegneuralnet.EEGClassifier][INFO] - Overriding inferred parameters with user specified parametersdict_items([('num_layers', 4), ('num_heads', 8)]).
[2026-08-28 08:50:31,579][braindecode.eegneuralnet.EEGClassifier][INFO] - Passing additional parameters {'n_outputs': 2, 'n_times': 640, 'n_chans': 12} to module <class 'braindecode.models.eegconformer.EEGConformer'>.
[2026-08-28 08:50:58,475][braindecode.datautil.util][INFO] - Using array-like to find signal-related parameters.
[2026-08-28 08:50:58,475][braindecode.eegneuralnet.EEGClassifier][INFO] - Overriding inferred parameters with user specified parametersdict_items([('num_layers', 4), ('num_heads', 8)]).
[2026-08-28 08:50:58,475][braindecode.eegneuralnet.EEGClassifier][INFO] - Passing additional parameters {'n_outputs': 2, 'n_times': 640, 'n_chans': 12} to module <class 'braindecode.models.eegconformer.EEGConformer'>.
[2026-08-28 08:51:32,680][braindecode.datautil.util][INFO] - Using array-like to find signal-related parameters.
[2026-08-28 08:51:32,681][braindecode.eegneuralnet.EEGClassifier][INFO] - Overriding inferred parameters with user specified parametersdict_items([('num_layers', 4), ('num_heads', 8)]).
[2026-08-28 08:51:32,681][braindecode.eegneuralnet.EEGClassifier][INFO] - Passing additional parameters {'n_outputs': 2, 'n_times': 640, 'n_chans': 12} to module <class 'braindecode.models.eegconformer.EEGConformer'>.
[2026-08-28 08:52:04,131][braindecode.datautil.util][INFO] - Using array-like to find signal-related parameters.
[2026-08-28 08:52:04,132][braindecode.eegneuralnet.EEGClassifier][INFO] - Overriding inferred parameters with user specified parametersdict_items([('num_layers', 4), ('num_heads', 8)]).
[2026-08-28 08:52:04,132][braindecode.eegneuralnet.EEGClassifier][INFO] - Passing additional parameters {'n_outputs': 2, 'n_times': 640, 'n_chans': 12} to module <class 'braindecode.models.eegconformer.EEGConformer'>.
[2026-08-28 08:52:32,998][braindecode.datautil.util][INFO] - Using array-like to find signal-related parameters.
[2026-08-28 08:52:32,998][braindecode.eegneuralnet.EEGClassifier][INFO] - Overriding inferred parameters with user specified parametersdict_items([('num_layers', 4), ('num_heads', 8)]).
[2026-08-28 08:52:32,998][braindecode.eegneuralnet.EEGClassifier][INFO] - Passing additional parameters {'n_outputs': 2, 'n_times': 640, 'n_chans': 12} to module <class 'braindecode.models.eegconformer.EEGConformer'>.
[2026-08-28 08:52:58,994][braindecode.datautil.util][INFO] - Using array-like to find signal-related parameters.
[2026-08-28 08:52:58,995][braindecode.eegneuralnet.EEGClassifier][INFO] - Overriding inferred parameters with user specified parametersdict_items([('num_layers', 4), ('num_heads', 8)]).
[2026-08-28 08:52:58,995][braindecode.eegneuralnet.EEGClassifier][INFO] - Passing additional parameters {'n_outputs': 2, 'n_times': 640, 'n_chans': 12} to module <class 'braindecode.models.eegconformer.EEGConformer'>.
[2026-08-28 08:53:24,008][braindecode.datautil.util][INFO] - Using array-like to find signal-related parameters.
[2026-08-28 08:53:24,009][braindecode.eegneuralnet.EEGClassifier][INFO] - Overriding inferred parameters with user specified parametersdict_items([('num_layers', 4), ('num_heads', 8)]).
[2026-08-28 08:53:24,009][braindecode.eegneuralnet.EEGClassifier][INFO] - Passing additional parameters {'n_outputs': 2, 'n_times': 640, 'n_chans': 12} to module <class 'braindecode.models.eegconformer.EEGConformer'>.
[2026-08-28 08:53:38,183][braindecode.datautil.util][INFO] - Using array-like to find signal-related parameters.
[2026-08-28 08:53:38,183][braindecode.eegneuralnet.EEGClassifier][INFO] - Overriding inferred parameters with user specified parametersdict_items([('num_layers', 4), ('num_heads', 8)]).
[2026-08-28 08:53:38,183][braindecode.eegneuralnet.EEGClassifier][INFO] - Passing additional parameters {'n_outputs': 2, 'n_times': 640, 'n_chans': 12} to module <class 'braindecode.models.eegconformer.EEGConformer'>.
[2026-08-28 08:54:34,229][braindecode.datautil.util][INFO] - Using array-like to find signal-related parameters.
[2026-08-28 08:54:34,229][braindecode.eegneuralnet.EEGClassifier][INFO] - Overriding inferred parameters with user specified parametersdict_items([('num_layers', 4), ('num_heads', 8)]).
[2026-08-28 08:54:34,229][braindecode.eegneuralnet.EEGClassifier][INFO] - Passing additional parameters {'n_outputs': 2, 'n_times': 640, 'n_chans': 12} to module <class 'braindecode.models.eegconformer.EEGConformer'>.
[2026-08-28 08:55:07,321][braindecode.datautil.util][INFO] - Using array-like to find signal-related parameters.
[2026-08-28 08:55:07,321][braindecode.eegneuralnet.EEGClassifier][INFO] - Overriding inferred parameters with user specified parametersdict_items([('num_layers', 4), ('num_heads', 8)]).
[2026-08-28 08:55:07,321][braindecode.eegneuralnet.EEGClassifier][INFO] - Passing additional parameters {'n_outputs': 2, 'n_times': 640, 'n_chans': 12} to module <class 'braindecode.models.eegconformer.EEGConformer'>.
[2026-08-28 08:55:26,505][braindecode.datautil.util][INFO] - Using array-like to find signal-related parameters.
[2026-08-28 08:55:26,506][braindecode.eegneuralnet.EEGClassifier][INFO] - Overriding inferred parameters with user specified parametersdict_items([('num_layers', 4), ('num_heads', 8)]).
[2026-08-28 08:55:26,506][braindecode.eegneuralnet.EEGClassifier][INFO] - Passing additional parameters {'n_outputs': 2, 'n_times': 640, 'n_chans': 12} to module <class 'braindecode.models.eegconformer.EEGConformer'>.
[2026-08-28 08:55:52,128][braindecode.datautil.util][INFO] - Using array-like to find signal-related parameters.
[2026-08-28 08:55:52,128][braindecode.eegneuralnet.EEGClassifier][INFO] - Overriding inferred parameters with user specified parametersdict_items([('num_layers', 4), ('num_heads', 8)]).
[2026-08-28 08:55:52,128][braindecode.eegneuralnet.EEGClassifier][INFO] - Passing additional parameters {'n_outputs': 2, 'n_times': 640, 'n_chans': 12} to module <class 'braindecode.models.eegconformer.EEGConformer'>.
[2026-08-28 08:56:23,423][braindecode.datautil.util][INFO] - Using array-like to find signal-related parameters.
[2026-08-28 08:56:23,423][braindecode.eegneuralnet.EEGClassifier][INFO] - Overriding inferred parameters with user specified parametersdict_items([('num_layers', 4), ('num_heads', 8)]).
[2026-08-28 08:56:23,423][braindecode.eegneuralnet.EEGClassifier][INFO] - Passing additional parameters {'n_outputs': 2, 'n_times': 640, 'n_chans': 12} to module <class 'braindecode.models.eegconformer.EEGConformer'>.
[2026-08-28 08:56:48,905][braindecode.datautil.util][INFO] - Using array-like to find signal-related parameters.
[2026-08-28 08:56:48,905][braindecode.eegneuralnet.EEGClassifier][INFO] - Overriding inferred parameters with user specified parametersdict_items([('num_layers', 4), ('num_heads', 8)]).
[2026-08-28 08:56:48,905][braindecode.eegneuralnet.EEGClassifier][INFO] - Passing additional parameters {'n_outputs': 2, 'n_times': 640, 'n_chans': 12} to module <class 'braindecode.models.eegconformer.EEGConformer'>.
[2026-08-28 08:57:29,984][braindecode.datautil.util][INFO] - Using array-like to find signal-related parameters.
[2026-08-28 08:57:29,985][braindecode.eegneuralnet.EEGClassifier][INFO] - Overriding inferred parameters with user specified parametersdict_items([('num_layers', 4), ('num_heads', 8)]).
[2026-08-28 08:57:29,985][braindecode.eegneuralnet.EEGClassifier][INFO] - Passing additional parameters {'n_outputs': 2, 'n_times': 640, 'n_chans': 12} to module <class 'braindecode.models.eegconformer.EEGConformer'>.
[2026-08-28 08:57:55,087][braindecode.datautil.util][INFO] - Using array-like to find signal-related parameters.
[2026-08-28 08:57:55,088][braindecode.eegneuralnet.EEGClassifier][INFO] - Overriding inferred parameters with user specified parametersdict_items([('num_layers', 4), ('num_heads', 8)]).
[2026-08-28 08:57:55,088][braindecode.eegneuralnet.EEGClassifier][INFO] - Passing additional parameters {'n_outputs': 2, 'n_times': 640, 'n_chans': 12} to module <class 'braindecode.models.eegconformer.EEGConformer'>.
[2026-08-28 08:58:18,772][braindecode.datautil.util][INFO] - Using array-like to find signal-related parameters.
[2026-08-28 08:58:18,772][braindecode.eegneuralnet.EEGClassifier][INFO] - Overriding inferred parameters with user specified parametersdict_items([('num_layers', 4), ('num_heads', 8)]).
[2026-08-28 08:58:18,772][braindecode.eegneuralnet.EEGClassifier][INFO] - Passing additional parameters {'n_outputs': 2, 'n_times': 640, 'n_chans': 12} to module <class 'braindecode.models.eegconformer.EEGConformer'>.
[2026-08-28 08:58:43,649][braindecode.datautil.util][INFO] - Using array-like to find signal-related parameters.
[2026-08-28 08:58:43,649][braindecode.eegneuralnet.EEGClassifier][INFO] - Overriding inferred parameters with user specified parametersdict_items([('num_layers', 4), ('num_heads', 8)]).
[2026-08-28 08:58:43,649][braindecode.eegneuralnet.EEGClassifier][INFO] - Passing additional parameters {'n_outputs': 2, 'n_times': 640, 'n_chans': 12} to module <class 'braindecode.models.eegconformer.EEGConformer'>.
[2026-08-28 08:59:02,225][braindecode.datautil.util][INFO] - Using array-like to find signal-related parameters.
[2026-08-28 08:59:02,225][braindecode.eegneuralnet.EEGClassifier][INFO] - Overriding inferred parameters with user specified parametersdict_items([('num_layers', 4), ('num_heads', 8)]).
[2026-08-28 08:59:02,225][braindecode.eegneuralnet.EEGClassifier][INFO] - Passing additional parameters {'n_outputs': 2, 'n_times': 640, 'n_chans': 12} to module <class 'braindecode.models.eegconformer.EEGConformer'>.
[2026-08-28 08:59:32,964][braindecode.datautil.util][INFO] - Using array-like to find signal-related parameters.
[2026-08-28 08:59:32,964][braindecode.eegneuralnet.EEGClassifier][INFO] - Overriding inferred parameters with user specified parametersdict_items([('num_layers', 4), ('num_heads', 8)]).
[2026-08-28 08:59:32,964][braindecode.eegneuralnet.EEGClassifier][INFO] - Passing additional parameters {'n_outputs': 2, 'n_times': 640, 'n_chans': 12} to module <class 'braindecode.models.eegconformer.EEGConformer'>.
[2026-08-28 09:00:04,145][braindecode.datautil.util][INFO] - Using array-like to find signal-related parameters.
[2026-08-28 09:00:04,146][braindecode.eegneuralnet.EEGClassifier][INFO] - Overriding inferred parameters with user specified parametersdict_items([('num_layers', 4), ('num_heads', 8)]).
[2026-08-28 09:00:04,146][braindecode.eegneuralnet.EEGClassifier][INFO] - Passing additional parameters {'n_outputs': 2, 'n_times': 640, 'n_chans': 12} to module <class 'braindecode.models.eegconformer.EEGConformer'>.
[2026-08-28 09:00:34,468][braindecode.datautil.util][INFO] - Using array-like to find signal-related parameters.
[2026-08-28 09:00:34,469][braindecode.eegneuralnet.EEGClassifier][INFO] - Overriding inferred parameters with user specified parametersdict_items([('num_layers', 4), ('num_heads', 8)]).
[2026-08-28 09:00:34,469][braindecode.eegneuralnet.EEGClassifier][INFO] - Passing additional parameters {'n_outputs': 2, 'n_times': 640, 'n_chans': 12} to module <class 'braindecode.models.eegconformer.EEGConformer'>.
[2026-08-28 09:01:08,375][braindecode.datautil.util][INFO] - Using array-like to find signal-related parameters.
[2026-08-28 09:01:08,375][braindecode.eegneuralnet.EEGClassifier][INFO] - Overriding inferred parameters with user specified parametersdict_items([('num_layers', 4), ('num_heads', 8)]).
[2026-08-28 09:01:08,375][braindecode.eegneuralnet.EEGClassifier][INFO] - Passing additional parameters {'n_outputs': 2, 'n_times': 640, 'n_chans': 12} to module <class 'braindecode.models.eegconformer.EEGConformer'>.
[2026-08-28 09:01:51,800][braindecode.datautil.util][INFO] - Using array-like to find signal-related parameters.
[2026-08-28 09:01:51,800][braindecode.eegneuralnet.EEGClassifier][INFO] - Overriding inferred parameters with user specified parametersdict_items([('num_layers', 4), ('num_heads', 8)]).
[2026-08-28 09:01:51,800][braindecode.eegneuralnet.EEGClassifier][INFO] - Passing additional parameters {'n_outputs': 2, 'n_times': 640, 'n_chans': 12} to module <class 'braindecode.models.eegconformer.EEGConformer'>.
[2026-08-28 09:02:12,030][braindecode.datautil.util][INFO] - Using array-like to find signal-related parameters.
[2026-08-28 09:02:12,030][braindecode.eegneuralnet.EEGClassifier][INFO] - Overriding inferred parameters with user specified parametersdict_items([('num_layers', 4), ('num_heads', 8)]).
[2026-08-28 09:02:12,030][braindecode.eegneuralnet.EEGClassifier][INFO] - Passing additional parameters {'n_outputs': 2, 'n_times': 640, 'n_chans': 12} to module <class 'braindecode.models.eegconformer.EEGConformer'>.
[2026-08-28 09:02:44,983][braindecode.datautil.util][INFO] - Using array-like to find signal-related parameters.
[2026-08-28 09:02:44,984][braindecode.eegneuralnet.EEGClassifier][INFO] - Overriding inferred parameters with user specified parametersdict_items([('num_layers', 4), ('num_heads', 8)]).
[2026-08-28 09:02:44,984][braindecode.eegneuralnet.EEGClassifier][INFO] - Passing additional parameters {'n_outputs': 2, 'n_times': 640, 'n_chans': 12} to module <class 'braindecode.models.eegconformer.EEGConformer'>.
[2026-08-28 09:03:12,316][braindecode.datautil.util][INFO] - Using array-like to find signal-related parameters.
[2026-08-28 09:03:12,316][braindecode.eegneuralnet.EEGClassifier][INFO] - Overriding inferred parameters with user specified parametersdict_items([('num_layers', 4), ('num_heads', 8)]).
[2026-08-28 09:03:12,316][braindecode.eegneuralnet.EEGClassifier][INFO] - Passing additional parameters {'n_outputs': 2, 'n_times': 640, 'n_chans': 12} to module <class 'braindecode.models.eegconformer.EEGConformer'>.
[2026-08-28 09:03:37,031][braindecode.datautil.util][INFO] - Using array-like to find signal-related parameters.
[2026-08-28 09:03:37,031][braindecode.eegneuralnet.EEGClassifier][INFO] - Overriding inferred parameters with user specified parametersdict_items([('num_layers', 4), ('num_heads', 8)]).
[2026-08-28 09:03:37,031][braindecode.eegneuralnet.EEGClassifier][INFO] - Passing additional parameters {'n_outputs': 2, 'n_times': 640, 'n_chans': 12} to module <class 'braindecode.models.eegconformer.EEGConformer'>.
[2026-08-28 09:04:03,631][braindecode.datautil.util][INFO] - Using array-like to find signal-related parameters.
[2026-08-28 09:04:03,631][braindecode.eegneuralnet.EEGClassifier][INFO] - Overriding inferred parameters with user specified parametersdict_items([('num_layers', 4), ('num_heads', 8)]).
[2026-08-28 09:04:03,631][braindecode.eegneuralnet.EEGClassifier][INFO] - Passing additional parameters {'n_outputs': 2, 'n_times': 640, 'n_chans': 12} to module <class 'braindecode.models.eegconformer.EEGConformer'>.
[2026-08-28 09:04:23,293][braindecode.datautil.util][INFO] - Using array-like to find signal-related parameters.
[2026-08-28 09:04:23,293][braindecode.eegneuralnet.EEGClassifier][INFO] - Overriding inferred parameters with user specified parametersdict_items([('num_layers', 4), ('num_heads', 8)]).
[2026-08-28 09:04:23,293][braindecode.eegneuralnet.EEGClassifier][INFO] - Passing additional parameters {'n_outputs': 2, 'n_times': 640, 'n_chans': 12} to module <class 'braindecode.models.eegconformer.EEGConformer'>.
[2026-08-28 09:04:56,761][braindecode.datautil.util][INFO] - Using array-like to find signal-related parameters.
[2026-08-28 09:04:56,761][braindecode.eegneuralnet.EEGClassifier][INFO] - Overriding inferred parameters with user specified parametersdict_items([('num_layers', 4), ('num_heads', 8)]).
[2026-08-28 09:04:56,761][braindecode.eegneuralnet.EEGClassifier][INFO] - Passing additional parameters {'n_outputs': 2, 'n_times': 640, 'n_chans': 12} to module <class 'braindecode.models.eegconformer.EEGConformer'>.
[2026-08-28 09:05:25,830][braindecode.datautil.util][INFO] - Using array-like to find signal-related parameters.
[2026-08-28 09:05:25,831][braindecode.eegneuralnet.EEGClassifier][INFO] - Overriding inferred parameters with user specified parametersdict_items([('num_layers', 4), ('num_heads', 8)]).
[2026-08-28 09:05:25,831][braindecode.eegneuralnet.EEGClassifier][INFO] - Passing additional parameters {'n_outputs': 2, 'n_times': 640, 'n_chans': 12} to module <class 'braindecode.models.eegconformer.EEGConformer'>.
[2026-08-28 09:05:57,516][__main__][INFO] - Completed run_experiment: 1 result(s) under /work/python_project/results/scenario_decoder (2026-08-28 % 05-36-44)/+decoder=eegconformer,+scenario=cross_task_from_arithmetic_mirror (mean accuracy 0.594)
[2026-08-28 09:05:57,563][hydra.experimental.callbacks.LogJobReturnCallback][INFO] - Succeeded with return value: None
