[2026-08-30 20:11:38,971][preparation][INFO] - Preparation sam40_all: started for tasks relax, stroop, arithmetic, mirror (derivatives: /work/python_project/datasets/bids/sam40/derivatives/mne-bids-pipeline/relax-stroop-arithmetic-mirror).
[2026-08-30 20:11:49,523][preparation][INFO] - Preparation sam40_all: complete; cache reused (2001 Pipeline cache hits); derivatives: /work/python_project/datasets/bids/sam40/derivatives/mne-bids-pipeline/relax-stroop-arithmetic-mirror; reports: /work/python_project/results/scenario_decoder (2026-08-30 % 15-48-47)/_preparation/sam40_all; full log: /work/python_project/results/scenario_decoder (2026-08-30 % 15-48-47)/eegconformer/cross_subject_sam40_all/_preparation/sam40_all.mne-bids-pipeline.log.
[2026-08-30 20:11:53,553][braindecode.datautil.util][INFO] - Using array-like to find signal-related parameters.
[2026-08-30 20:11:53,553][braindecode.eegneuralnet.EEGClassifier][INFO] - Overriding inferred parameters with user specified parametersdict_items([('n_filters_time', 16), ('num_layers', 2), ('num_heads', 4)]).
[2026-08-30 20:11:53,553][braindecode.eegneuralnet.EEGClassifier][INFO] - Passing additional parameters {'n_outputs': 2, 'n_times': 640, 'n_chans': 12} to module <class 'braindecode.models.eegconformer.EEGConformer'>.
[2026-08-30 20:12:43,515][braindecode.datautil.util][INFO] - Using array-like to find signal-related parameters.
[2026-08-30 20:12:43,515][braindecode.eegneuralnet.EEGClassifier][INFO] - Overriding inferred parameters with user specified parametersdict_items([('n_filters_time', 16), ('num_layers', 2), ('num_heads', 4)]).
[2026-08-30 20:12:43,515][braindecode.eegneuralnet.EEGClassifier][INFO] - Passing additional parameters {'n_outputs': 2, 'n_times': 640, 'n_chans': 12} to module <class 'braindecode.models.eegconformer.EEGConformer'>.
[2026-08-30 20:13:31,859][braindecode.datautil.util][INFO] - Using array-like to find signal-related parameters.
[2026-08-30 20:13:31,859][braindecode.eegneuralnet.EEGClassifier][INFO] - Overriding inferred parameters with user specified parametersdict_items([('n_filters_time', 16), ('num_layers', 2), ('num_heads', 4)]).
[2026-08-30 20:13:31,859][braindecode.eegneuralnet.EEGClassifier][INFO] - Passing additional parameters {'n_outputs': 2, 'n_times': 640, 'n_chans': 12} to module <class 'braindecode.models.eegconformer.EEGConformer'>.
[2026-08-30 20:14:21,057][braindecode.datautil.util][INFO] - Using array-like to find signal-related parameters.
[2026-08-30 20:14:21,058][braindecode.eegneuralnet.EEGClassifier][INFO] - Overriding inferred parameters with user specified parametersdict_items([('n_filters_time', 16), ('num_layers', 2), ('num_heads', 4)]).
[2026-08-30 20:14:21,058][braindecode.eegneuralnet.EEGClassifier][INFO] - Passing additional parameters {'n_outputs': 2, 'n_times': 640, 'n_chans': 12} to module <class 'braindecode.models.eegconformer.EEGConformer'>.
[2026-08-30 20:15:10,333][braindecode.datautil.util][INFO] - Using array-like to find signal-related parameters.
[2026-08-30 20:15:10,333][braindecode.eegneuralnet.EEGClassifier][INFO] - Overriding inferred parameters with user specified parametersdict_items([('n_filters_time', 16), ('num_layers', 2), ('num_heads', 4)]).
[2026-08-30 20:15:10,333][braindecode.eegneuralnet.EEGClassifier][INFO] - Passing additional parameters {'n_outputs': 2, 'n_times': 640, 'n_chans': 12} to module <class 'braindecode.models.eegconformer.EEGConformer'>.
[2026-08-30 20:15:59,754][braindecode.datautil.util][INFO] - Using array-like to find signal-related parameters.
[2026-08-30 20:15:59,755][braindecode.eegneuralnet.EEGClassifier][INFO] - Overriding inferred parameters with user specified parametersdict_items([('n_filters_time', 16), ('num_layers', 2), ('num_heads', 4)]).
[2026-08-30 20:15:59,755][braindecode.eegneuralnet.EEGClassifier][INFO] - Passing additional parameters {'n_outputs': 2, 'n_times': 640, 'n_chans': 12} to module <class 'braindecode.models.eegconformer.EEGConformer'>.
[2026-08-30 20:16:49,133][braindecode.datautil.util][INFO] - Using array-like to find signal-related parameters.
[2026-08-30 20:16:49,133][braindecode.eegneuralnet.EEGClassifier][INFO] - Overriding inferred parameters with user specified parametersdict_items([('n_filters_time', 16), ('num_layers', 2), ('num_heads', 4)]).
[2026-08-30 20:16:49,133][braindecode.eegneuralnet.EEGClassifier][INFO] - Passing additional parameters {'n_outputs': 2, 'n_times': 640, 'n_chans': 12} to module <class 'braindecode.models.eegconformer.EEGConformer'>.
[2026-08-30 20:17:39,298][braindecode.datautil.util][INFO] - Using array-like to find signal-related parameters.
[2026-08-30 20:17:39,299][braindecode.eegneuralnet.EEGClassifier][INFO] - Overriding inferred parameters with user specified parametersdict_items([('n_filters_time', 16), ('num_layers', 2), ('num_heads', 4)]).
[2026-08-30 20:17:39,299][braindecode.eegneuralnet.EEGClassifier][INFO] - Passing additional parameters {'n_outputs': 2, 'n_times': 640, 'n_chans': 12} to module <class 'braindecode.models.eegconformer.EEGConformer'>.
[2026-08-30 20:18:29,030][braindecode.datautil.util][INFO] - Using array-like to find signal-related parameters.
[2026-08-30 20:18:29,030][braindecode.eegneuralnet.EEGClassifier][INFO] - Overriding inferred parameters with user specified parametersdict_items([('n_filters_time', 16), ('num_layers', 2), ('num_heads', 4)]).
[2026-08-30 20:18:29,030][braindecode.eegneuralnet.EEGClassifier][INFO] - Passing additional parameters {'n_outputs': 2, 'n_times': 640, 'n_chans': 12} to module <class 'braindecode.models.eegconformer.EEGConformer'>.
[2026-08-30 20:19:18,122][braindecode.datautil.util][INFO] - Using array-like to find signal-related parameters.
[2026-08-30 20:19:18,122][braindecode.eegneuralnet.EEGClassifier][INFO] - Overriding inferred parameters with user specified parametersdict_items([('n_filters_time', 16), ('num_layers', 2), ('num_heads', 4)]).
[2026-08-30 20:19:18,122][braindecode.eegneuralnet.EEGClassifier][INFO] - Passing additional parameters {'n_outputs': 2, 'n_times': 640, 'n_chans': 12} to module <class 'braindecode.models.eegconformer.EEGConformer'>.
[2026-08-30 20:20:06,279][braindecode.datautil.util][INFO] - Using array-like to find signal-related parameters.
[2026-08-30 20:20:06,280][braindecode.eegneuralnet.EEGClassifier][INFO] - Overriding inferred parameters with user specified parametersdict_items([('n_filters_time', 16), ('num_layers', 2), ('num_heads', 4)]).
[2026-08-30 20:20:06,280][braindecode.eegneuralnet.EEGClassifier][INFO] - Passing additional parameters {'n_outputs': 2, 'n_times': 640, 'n_chans': 12} to module <class 'braindecode.models.eegconformer.EEGConformer'>.
[2026-08-30 20:20:53,015][braindecode.datautil.util][INFO] - Using array-like to find signal-related parameters.
[2026-08-30 20:20:53,015][braindecode.eegneuralnet.EEGClassifier][INFO] - Overriding inferred parameters with user specified parametersdict_items([('n_filters_time', 16), ('num_layers', 2), ('num_heads', 4)]).
[2026-08-30 20:20:53,015][braindecode.eegneuralnet.EEGClassifier][INFO] - Passing additional parameters {'n_outputs': 2, 'n_times': 640, 'n_chans': 12} to module <class 'braindecode.models.eegconformer.EEGConformer'>.
[2026-08-30 20:21:39,671][braindecode.datautil.util][INFO] - Using array-like to find signal-related parameters.
[2026-08-30 20:21:39,671][braindecode.eegneuralnet.EEGClassifier][INFO] - Overriding inferred parameters with user specified parametersdict_items([('n_filters_time', 16), ('num_layers', 2), ('num_heads', 4)]).
[2026-08-30 20:21:39,671][braindecode.eegneuralnet.EEGClassifier][INFO] - Passing additional parameters {'n_outputs': 2, 'n_times': 640, 'n_chans': 12} to module <class 'braindecode.models.eegconformer.EEGConformer'>.
[2026-08-30 20:22:29,230][braindecode.datautil.util][INFO] - Using array-like to find signal-related parameters.
[2026-08-30 20:22:29,231][braindecode.eegneuralnet.EEGClassifier][INFO] - Overriding inferred parameters with user specified parametersdict_items([('n_filters_time', 16), ('num_layers', 2), ('num_heads', 4)]).
[2026-08-30 20:22:29,231][braindecode.eegneuralnet.EEGClassifier][INFO] - Passing additional parameters {'n_outputs': 2, 'n_times': 640, 'n_chans': 12} to module <class 'braindecode.models.eegconformer.EEGConformer'>.
[2026-08-30 20:23:18,783][braindecode.datautil.util][INFO] - Using array-like to find signal-related parameters.
[2026-08-30 20:23:18,783][braindecode.eegneuralnet.EEGClassifier][INFO] - Overriding inferred parameters with user specified parametersdict_items([('n_filters_time', 16), ('num_layers', 2), ('num_heads', 4)]).
[2026-08-30 20:23:18,783][braindecode.eegneuralnet.EEGClassifier][INFO] - Passing additional parameters {'n_outputs': 2, 'n_times': 640, 'n_chans': 12} to module <class 'braindecode.models.eegconformer.EEGConformer'>.
[2026-08-30 20:24:08,060][braindecode.datautil.util][INFO] - Using array-like to find signal-related parameters.
[2026-08-30 20:24:08,060][braindecode.eegneuralnet.EEGClassifier][INFO] - Overriding inferred parameters with user specified parametersdict_items([('n_filters_time', 16), ('num_layers', 2), ('num_heads', 4)]).
[2026-08-30 20:24:08,060][braindecode.eegneuralnet.EEGClassifier][INFO] - Passing additional parameters {'n_outputs': 2, 'n_times': 640, 'n_chans': 12} to module <class 'braindecode.models.eegconformer.EEGConformer'>.
[2026-08-30 20:24:58,101][braindecode.datautil.util][INFO] - Using array-like to find signal-related parameters.
[2026-08-30 20:24:58,101][braindecode.eegneuralnet.EEGClassifier][INFO] - Overriding inferred parameters with user specified parametersdict_items([('n_filters_time', 16), ('num_layers', 2), ('num_heads', 4)]).
[2026-08-30 20:24:58,101][braindecode.eegneuralnet.EEGClassifier][INFO] - Passing additional parameters {'n_outputs': 2, 'n_times': 640, 'n_chans': 12} to module <class 'braindecode.models.eegconformer.EEGConformer'>.
[2026-08-30 20:25:47,837][braindecode.datautil.util][INFO] - Using array-like to find signal-related parameters.
[2026-08-30 20:25:47,838][braindecode.eegneuralnet.EEGClassifier][INFO] - Overriding inferred parameters with user specified parametersdict_items([('n_filters_time', 16), ('num_layers', 2), ('num_heads', 4)]).
[2026-08-30 20:25:47,838][braindecode.eegneuralnet.EEGClassifier][INFO] - Passing additional parameters {'n_outputs': 2, 'n_times': 640, 'n_chans': 12} to module <class 'braindecode.models.eegconformer.EEGConformer'>.
[2026-08-30 20:26:37,798][braindecode.datautil.util][INFO] - Using array-like to find signal-related parameters.
[2026-08-30 20:26:37,798][braindecode.eegneuralnet.EEGClassifier][INFO] - Overriding inferred parameters with user specified parametersdict_items([('n_filters_time', 16), ('num_layers', 2), ('num_heads', 4)]).
[2026-08-30 20:26:37,798][braindecode.eegneuralnet.EEGClassifier][INFO] - Passing additional parameters {'n_outputs': 2, 'n_times': 640, 'n_chans': 12} to module <class 'braindecode.models.eegconformer.EEGConformer'>.
[2026-08-30 20:27:27,464][braindecode.datautil.util][INFO] - Using array-like to find signal-related parameters.
[2026-08-30 20:27:27,464][braindecode.eegneuralnet.EEGClassifier][INFO] - Overriding inferred parameters with user specified parametersdict_items([('n_filters_time', 16), ('num_layers', 2), ('num_heads', 4)]).
[2026-08-30 20:27:27,464][braindecode.eegneuralnet.EEGClassifier][INFO] - Passing additional parameters {'n_outputs': 2, 'n_times': 640, 'n_chans': 12} to module <class 'braindecode.models.eegconformer.EEGConformer'>.
[2026-08-30 20:28:17,360][braindecode.datautil.util][INFO] - Using array-like to find signal-related parameters.
[2026-08-30 20:28:17,360][braindecode.eegneuralnet.EEGClassifier][INFO] - Overriding inferred parameters with user specified parametersdict_items([('n_filters_time', 16), ('num_layers', 2), ('num_heads', 4)]).
[2026-08-30 20:28:17,360][braindecode.eegneuralnet.EEGClassifier][INFO] - Passing additional parameters {'n_outputs': 2, 'n_times': 640, 'n_chans': 12} to module <class 'braindecode.models.eegconformer.EEGConformer'>.
[2026-08-30 20:29:06,950][braindecode.datautil.util][INFO] - Using array-like to find signal-related parameters.
[2026-08-30 20:29:06,951][braindecode.eegneuralnet.EEGClassifier][INFO] - Overriding inferred parameters with user specified parametersdict_items([('n_filters_time', 16), ('num_layers', 2), ('num_heads', 4)]).
[2026-08-30 20:29:06,951][braindecode.eegneuralnet.EEGClassifier][INFO] - Passing additional parameters {'n_outputs': 2, 'n_times': 640, 'n_chans': 12} to module <class 'braindecode.models.eegconformer.EEGConformer'>.
[2026-08-30 20:29:56,959][braindecode.datautil.util][INFO] - Using array-like to find signal-related parameters.
[2026-08-30 20:29:56,960][braindecode.eegneuralnet.EEGClassifier][INFO] - Overriding inferred parameters with user specified parametersdict_items([('n_filters_time', 16), ('num_layers', 2), ('num_heads', 4)]).
[2026-08-30 20:29:56,960][braindecode.eegneuralnet.EEGClassifier][INFO] - Passing additional parameters {'n_outputs': 2, 'n_times': 640, 'n_chans': 12} to module <class 'braindecode.models.eegconformer.EEGConformer'>.
[2026-08-30 20:30:46,291][braindecode.datautil.util][INFO] - Using array-like to find signal-related parameters.
[2026-08-30 20:30:46,292][braindecode.eegneuralnet.EEGClassifier][INFO] - Overriding inferred parameters with user specified parametersdict_items([('n_filters_time', 16), ('num_layers', 2), ('num_heads', 4)]).
[2026-08-30 20:30:46,292][braindecode.eegneuralnet.EEGClassifier][INFO] - Passing additional parameters {'n_outputs': 2, 'n_times': 640, 'n_chans': 12} to module <class 'braindecode.models.eegconformer.EEGConformer'>.
[2026-08-30 20:31:35,518][braindecode.datautil.util][INFO] - Using array-like to find signal-related parameters.
[2026-08-30 20:31:35,518][braindecode.eegneuralnet.EEGClassifier][INFO] - Overriding inferred parameters with user specified parametersdict_items([('n_filters_time', 16), ('num_layers', 2), ('num_heads', 4)]).
[2026-08-30 20:31:35,518][braindecode.eegneuralnet.EEGClassifier][INFO] - Passing additional parameters {'n_outputs': 2, 'n_times': 640, 'n_chans': 12} to module <class 'braindecode.models.eegconformer.EEGConformer'>.
[2026-08-30 20:32:25,746][braindecode.datautil.util][INFO] - Using array-like to find signal-related parameters.
[2026-08-30 20:32:25,747][braindecode.eegneuralnet.EEGClassifier][INFO] - Overriding inferred parameters with user specified parametersdict_items([('n_filters_time', 16), ('num_layers', 2), ('num_heads', 4)]).
[2026-08-30 20:32:25,747][braindecode.eegneuralnet.EEGClassifier][INFO] - Passing additional parameters {'n_outputs': 2, 'n_times': 640, 'n_chans': 12} to module <class 'braindecode.models.eegconformer.EEGConformer'>.
[2026-08-30 20:33:15,507][braindecode.datautil.util][INFO] - Using array-like to find signal-related parameters.
[2026-08-30 20:33:15,508][braindecode.eegneuralnet.EEGClassifier][INFO] - Overriding inferred parameters with user specified parametersdict_items([('n_filters_time', 16), ('num_layers', 2), ('num_heads', 4)]).
[2026-08-30 20:33:15,508][braindecode.eegneuralnet.EEGClassifier][INFO] - Passing additional parameters {'n_outputs': 2, 'n_times': 640, 'n_chans': 12} to module <class 'braindecode.models.eegconformer.EEGConformer'>.
[2026-08-30 20:34:05,489][braindecode.datautil.util][INFO] - Using array-like to find signal-related parameters.
[2026-08-30 20:34:05,489][braindecode.eegneuralnet.EEGClassifier][INFO] - Overriding inferred parameters with user specified parametersdict_items([('n_filters_time', 16), ('num_layers', 2), ('num_heads', 4)]).
[2026-08-30 20:34:05,490][braindecode.eegneuralnet.EEGClassifier][INFO] - Passing additional parameters {'n_outputs': 2, 'n_times': 640, 'n_chans': 12} to module <class 'braindecode.models.eegconformer.EEGConformer'>.
[2026-08-30 20:34:55,031][braindecode.datautil.util][INFO] - Using array-like to find signal-related parameters.
[2026-08-30 20:34:55,032][braindecode.eegneuralnet.EEGClassifier][INFO] - Overriding inferred parameters with user specified parametersdict_items([('n_filters_time', 16), ('num_layers', 2), ('num_heads', 4)]).
[2026-08-30 20:34:55,032][braindecode.eegneuralnet.EEGClassifier][INFO] - Passing additional parameters {'n_outputs': 2, 'n_times': 640, 'n_chans': 12} to module <class 'braindecode.models.eegconformer.EEGConformer'>.
[2026-08-30 20:35:44,841][braindecode.datautil.util][INFO] - Using array-like to find signal-related parameters.
[2026-08-30 20:35:44,842][braindecode.eegneuralnet.EEGClassifier][INFO] - Overriding inferred parameters with user specified parametersdict_items([('n_filters_time', 16), ('num_layers', 2), ('num_heads', 4)]).
[2026-08-30 20:35:44,842][braindecode.eegneuralnet.EEGClassifier][INFO] - Passing additional parameters {'n_outputs': 2, 'n_times': 640, 'n_chans': 12} to module <class 'braindecode.models.eegconformer.EEGConformer'>.
[2026-08-30 20:36:34,323][braindecode.datautil.util][INFO] - Using array-like to find signal-related parameters.
[2026-08-30 20:36:34,323][braindecode.eegneuralnet.EEGClassifier][INFO] - Overriding inferred parameters with user specified parametersdict_items([('n_filters_time', 16), ('num_layers', 2), ('num_heads', 4)]).
[2026-08-30 20:36:34,323][braindecode.eegneuralnet.EEGClassifier][INFO] - Passing additional parameters {'n_outputs': 2, 'n_times': 640, 'n_chans': 12} to module <class 'braindecode.models.eegconformer.EEGConformer'>.
[2026-08-30 20:37:24,077][braindecode.datautil.util][INFO] - Using array-like to find signal-related parameters.
[2026-08-30 20:37:24,077][braindecode.eegneuralnet.EEGClassifier][INFO] - Overriding inferred parameters with user specified parametersdict_items([('n_filters_time', 16), ('num_layers', 2), ('num_heads', 4)]).
[2026-08-30 20:37:24,077][braindecode.eegneuralnet.EEGClassifier][INFO] - Passing additional parameters {'n_outputs': 2, 'n_times': 640, 'n_chans': 12} to module <class 'braindecode.models.eegconformer.EEGConformer'>.
[2026-08-30 20:38:13,977][braindecode.datautil.util][INFO] - Using array-like to find signal-related parameters.
[2026-08-30 20:38:13,977][braindecode.eegneuralnet.EEGClassifier][INFO] - Overriding inferred parameters with user specified parametersdict_items([('n_filters_time', 16), ('num_layers', 2), ('num_heads', 4)]).
[2026-08-30 20:38:13,977][braindecode.eegneuralnet.EEGClassifier][INFO] - Passing additional parameters {'n_outputs': 2, 'n_times': 640, 'n_chans': 12} to module <class 'braindecode.models.eegconformer.EEGConformer'>.
[2026-08-30 20:39:03,739][braindecode.datautil.util][INFO] - Using array-like to find signal-related parameters.
[2026-08-30 20:39:03,739][braindecode.eegneuralnet.EEGClassifier][INFO] - Overriding inferred parameters with user specified parametersdict_items([('n_filters_time', 16), ('num_layers', 2), ('num_heads', 4)]).
[2026-08-30 20:39:03,739][braindecode.eegneuralnet.EEGClassifier][INFO] - Passing additional parameters {'n_outputs': 2, 'n_times': 640, 'n_chans': 12} to module <class 'braindecode.models.eegconformer.EEGConformer'>.
[2026-08-30 20:39:53,396][braindecode.datautil.util][INFO] - Using array-like to find signal-related parameters.
[2026-08-30 20:39:53,396][braindecode.eegneuralnet.EEGClassifier][INFO] - Overriding inferred parameters with user specified parametersdict_items([('n_filters_time', 16), ('num_layers', 2), ('num_heads', 4)]).
[2026-08-30 20:39:53,396][braindecode.eegneuralnet.EEGClassifier][INFO] - Passing additional parameters {'n_outputs': 2, 'n_times': 640, 'n_chans': 12} to module <class 'braindecode.models.eegconformer.EEGConformer'>.
[2026-08-30 20:40:42,848][braindecode.datautil.util][INFO] - Using array-like to find signal-related parameters.
[2026-08-30 20:40:42,849][braindecode.eegneuralnet.EEGClassifier][INFO] - Overriding inferred parameters with user specified parametersdict_items([('n_filters_time', 16), ('num_layers', 2), ('num_heads', 4)]).
[2026-08-30 20:40:42,849][braindecode.eegneuralnet.EEGClassifier][INFO] - Passing additional parameters {'n_outputs': 2, 'n_times': 640, 'n_chans': 12} to module <class 'braindecode.models.eegconformer.EEGConformer'>.
[2026-08-30 20:41:32,093][braindecode.datautil.util][INFO] - Using array-like to find signal-related parameters.
[2026-08-30 20:41:32,093][braindecode.eegneuralnet.EEGClassifier][INFO] - Overriding inferred parameters with user specified parametersdict_items([('n_filters_time', 16), ('num_layers', 2), ('num_heads', 4)]).
[2026-08-30 20:41:32,093][braindecode.eegneuralnet.EEGClassifier][INFO] - Passing additional parameters {'n_outputs': 2, 'n_times': 640, 'n_chans': 12} to module <class 'braindecode.models.eegconformer.EEGConformer'>.
[2026-08-30 20:42:22,132][braindecode.datautil.util][INFO] - Using array-like to find signal-related parameters.
[2026-08-30 20:42:22,132][braindecode.eegneuralnet.EEGClassifier][INFO] - Overriding inferred parameters with user specified parametersdict_items([('n_filters_time', 16), ('num_layers', 2), ('num_heads', 4)]).
[2026-08-30 20:42:22,132][braindecode.eegneuralnet.EEGClassifier][INFO] - Passing additional parameters {'n_outputs': 2, 'n_times': 640, 'n_chans': 12} to module <class 'braindecode.models.eegconformer.EEGConformer'>.
[2026-08-30 20:43:12,553][braindecode.datautil.util][INFO] - Using array-like to find signal-related parameters.
[2026-08-30 20:43:12,554][braindecode.eegneuralnet.EEGClassifier][INFO] - Overriding inferred parameters with user specified parametersdict_items([('n_filters_time', 16), ('num_layers', 2), ('num_heads', 4)]).
[2026-08-30 20:43:12,554][braindecode.eegneuralnet.EEGClassifier][INFO] - Passing additional parameters {'n_outputs': 2, 'n_times': 640, 'n_chans': 12} to module <class 'braindecode.models.eegconformer.EEGConformer'>.
[2026-08-30 20:44:02,444][braindecode.datautil.util][INFO] - Using array-like to find signal-related parameters.
[2026-08-30 20:44:02,444][braindecode.eegneuralnet.EEGClassifier][INFO] - Overriding inferred parameters with user specified parametersdict_items([('n_filters_time', 16), ('num_layers', 2), ('num_heads', 4)]).
[2026-08-30 20:44:02,444][braindecode.eegneuralnet.EEGClassifier][INFO] - Passing additional parameters {'n_outputs': 2, 'n_times': 640, 'n_chans': 12} to module <class 'braindecode.models.eegconformer.EEGConformer'>.
[2026-08-30 20:44:52,365][__main__][INFO] - Completed adhoc: 1 result(s) under /work/python_project/results/scenario_decoder (2026-08-30 % 15-48-47)/eegconformer/cross_subject_sam40_all (mean balanced accuracy 0.707)
[2026-08-30 20:44:52,419][hydra.experimental.callbacks.LogJobReturnCallback][INFO] - Succeeded with return value: None
