[2026-08-31 00:46:52,349][preparation][INFO] - Preparation sam40_stroop_mirror: started for tasks relax, stroop, mirror (derivatives: /work/python_project/datasets/bids/sam40/derivatives/mne-bids-pipeline/relax-stroop-mirror).
[2026-08-31 00:47:02,197][preparation][INFO] - Preparation sam40_stroop_mirror: complete; cache reused (1521 Pipeline cache hits); derivatives: /work/python_project/datasets/bids/sam40/derivatives/mne-bids-pipeline/relax-stroop-mirror; reports: /work/python_project/results/scenario_decoder (2026-08-30 % 15-48-47)/_preparation/sam40_stroop_mirror; full log: /work/python_project/results/scenario_decoder (2026-08-30 % 15-48-47)/eegnet/cross_task_from_sam40_stroop_mirror/_preparation/sam40_stroop_mirror.mne-bids-pipeline.log.
[2026-08-31 00:47:05,270][preparation][INFO] - Preparation sam40_arithmetic: started for tasks relax, arithmetic (derivatives: /work/python_project/datasets/bids/sam40/derivatives/mne-bids-pipeline/relax-arithmetic).
[2026-08-31 00:47:14,440][preparation][INFO] - Preparation sam40_arithmetic: complete; cache reused (1041 Pipeline cache hits); derivatives: /work/python_project/datasets/bids/sam40/derivatives/mne-bids-pipeline/relax-arithmetic; reports: /work/python_project/results/scenario_decoder (2026-08-30 % 15-48-47)/_preparation/sam40_arithmetic; full log: /work/python_project/results/scenario_decoder (2026-08-30 % 15-48-47)/eegnet/cross_task_from_sam40_stroop_mirror/_preparation/sam40_arithmetic.mne-bids-pipeline.log.
[2026-08-31 00:47:16,763][braindecode.datautil.util][INFO] - Using array-like to find signal-related parameters.
[2026-08-31 00:47:16,763][braindecode.eegneuralnet.EEGClassifier][INFO] - Passing additional parameters {'n_outputs': 2, 'n_times': 640, 'n_chans': 12} to module <class 'braindecode.models.eegnet.EEGNet'>.
[2026-08-31 00:47:29,200][braindecode.datautil.util][INFO] - Using array-like to find signal-related parameters.
[2026-08-31 00:47:29,201][braindecode.eegneuralnet.EEGClassifier][INFO] - Passing additional parameters {'n_outputs': 2, 'n_times': 640, 'n_chans': 12} to module <class 'braindecode.models.eegnet.EEGNet'>.
[2026-08-31 00:47:41,693][braindecode.datautil.util][INFO] - Using array-like to find signal-related parameters.
[2026-08-31 00:47:41,693][braindecode.eegneuralnet.EEGClassifier][INFO] - Passing additional parameters {'n_outputs': 2, 'n_times': 640, 'n_chans': 12} to module <class 'braindecode.models.eegnet.EEGNet'>.
[2026-08-31 00:47:54,077][braindecode.datautil.util][INFO] - Using array-like to find signal-related parameters.
[2026-08-31 00:47:54,077][braindecode.eegneuralnet.EEGClassifier][INFO] - Passing additional parameters {'n_outputs': 2, 'n_times': 640, 'n_chans': 12} to module <class 'braindecode.models.eegnet.EEGNet'>.
[2026-08-31 00:48:06,592][braindecode.datautil.util][INFO] - Using array-like to find signal-related parameters.
[2026-08-31 00:48:06,593][braindecode.eegneuralnet.EEGClassifier][INFO] - Passing additional parameters {'n_outputs': 2, 'n_times': 640, 'n_chans': 12} to module <class 'braindecode.models.eegnet.EEGNet'>.
[2026-08-31 00:48:19,129][braindecode.datautil.util][INFO] - Using array-like to find signal-related parameters.
[2026-08-31 00:48:19,129][braindecode.eegneuralnet.EEGClassifier][INFO] - Passing additional parameters {'n_outputs': 2, 'n_times': 640, 'n_chans': 12} to module <class 'braindecode.models.eegnet.EEGNet'>.
[2026-08-31 00:48:31,605][braindecode.datautil.util][INFO] - Using array-like to find signal-related parameters.
[2026-08-31 00:48:31,605][braindecode.eegneuralnet.EEGClassifier][INFO] - Passing additional parameters {'n_outputs': 2, 'n_times': 640, 'n_chans': 12} to module <class 'braindecode.models.eegnet.EEGNet'>.
[2026-08-31 00:48:44,017][braindecode.datautil.util][INFO] - Using array-like to find signal-related parameters.
[2026-08-31 00:48:44,017][braindecode.eegneuralnet.EEGClassifier][INFO] - Passing additional parameters {'n_outputs': 2, 'n_times': 640, 'n_chans': 12} to module <class 'braindecode.models.eegnet.EEGNet'>.
[2026-08-31 00:48:56,523][braindecode.datautil.util][INFO] - Using array-like to find signal-related parameters.
[2026-08-31 00:48:56,523][braindecode.eegneuralnet.EEGClassifier][INFO] - Passing additional parameters {'n_outputs': 2, 'n_times': 640, 'n_chans': 12} to module <class 'braindecode.models.eegnet.EEGNet'>.
[2026-08-31 00:49:09,162][braindecode.datautil.util][INFO] - Using array-like to find signal-related parameters.
[2026-08-31 00:49:09,162][braindecode.eegneuralnet.EEGClassifier][INFO] - Passing additional parameters {'n_outputs': 2, 'n_times': 640, 'n_chans': 12} to module <class 'braindecode.models.eegnet.EEGNet'>.
[2026-08-31 00:49:21,795][braindecode.datautil.util][INFO] - Using array-like to find signal-related parameters.
[2026-08-31 00:49:21,795][braindecode.eegneuralnet.EEGClassifier][INFO] - Passing additional parameters {'n_outputs': 2, 'n_times': 640, 'n_chans': 12} to module <class 'braindecode.models.eegnet.EEGNet'>.
[2026-08-31 00:49:34,357][braindecode.datautil.util][INFO] - Using array-like to find signal-related parameters.
[2026-08-31 00:49:34,357][braindecode.eegneuralnet.EEGClassifier][INFO] - Passing additional parameters {'n_outputs': 2, 'n_times': 640, 'n_chans': 12} to module <class 'braindecode.models.eegnet.EEGNet'>.
[2026-08-31 00:49:46,892][braindecode.datautil.util][INFO] - Using array-like to find signal-related parameters.
[2026-08-31 00:49:46,892][braindecode.eegneuralnet.EEGClassifier][INFO] - Passing additional parameters {'n_outputs': 2, 'n_times': 640, 'n_chans': 12} to module <class 'braindecode.models.eegnet.EEGNet'>.
[2026-08-31 00:49:59,359][braindecode.datautil.util][INFO] - Using array-like to find signal-related parameters.
[2026-08-31 00:49:59,360][braindecode.eegneuralnet.EEGClassifier][INFO] - Passing additional parameters {'n_outputs': 2, 'n_times': 640, 'n_chans': 12} to module <class 'braindecode.models.eegnet.EEGNet'>.
[2026-08-31 00:50:11,580][braindecode.datautil.util][INFO] - Using array-like to find signal-related parameters.
[2026-08-31 00:50:11,581][braindecode.eegneuralnet.EEGClassifier][INFO] - Passing additional parameters {'n_outputs': 2, 'n_times': 640, 'n_chans': 12} to module <class 'braindecode.models.eegnet.EEGNet'>.
[2026-08-31 00:50:23,988][braindecode.datautil.util][INFO] - Using array-like to find signal-related parameters.
[2026-08-31 00:50:23,989][braindecode.eegneuralnet.EEGClassifier][INFO] - Passing additional parameters {'n_outputs': 2, 'n_times': 640, 'n_chans': 12} to module <class 'braindecode.models.eegnet.EEGNet'>.
[2026-08-31 00:50:36,288][braindecode.datautil.util][INFO] - Using array-like to find signal-related parameters.
[2026-08-31 00:50:36,288][braindecode.eegneuralnet.EEGClassifier][INFO] - Passing additional parameters {'n_outputs': 2, 'n_times': 640, 'n_chans': 12} to module <class 'braindecode.models.eegnet.EEGNet'>.
[2026-08-31 00:50:48,638][braindecode.datautil.util][INFO] - Using array-like to find signal-related parameters.
[2026-08-31 00:50:48,639][braindecode.eegneuralnet.EEGClassifier][INFO] - Passing additional parameters {'n_outputs': 2, 'n_times': 640, 'n_chans': 12} to module <class 'braindecode.models.eegnet.EEGNet'>.
[2026-08-31 00:51:01,008][braindecode.datautil.util][INFO] - Using array-like to find signal-related parameters.
[2026-08-31 00:51:01,008][braindecode.eegneuralnet.EEGClassifier][INFO] - Passing additional parameters {'n_outputs': 2, 'n_times': 640, 'n_chans': 12} to module <class 'braindecode.models.eegnet.EEGNet'>.
[2026-08-31 00:51:13,404][braindecode.datautil.util][INFO] - Using array-like to find signal-related parameters.
[2026-08-31 00:51:13,404][braindecode.eegneuralnet.EEGClassifier][INFO] - Passing additional parameters {'n_outputs': 2, 'n_times': 640, 'n_chans': 12} to module <class 'braindecode.models.eegnet.EEGNet'>.
[2026-08-31 00:51:25,748][braindecode.datautil.util][INFO] - Using array-like to find signal-related parameters.
[2026-08-31 00:51:25,749][braindecode.eegneuralnet.EEGClassifier][INFO] - Passing additional parameters {'n_outputs': 2, 'n_times': 640, 'n_chans': 12} to module <class 'braindecode.models.eegnet.EEGNet'>.
[2026-08-31 00:51:38,231][braindecode.datautil.util][INFO] - Using array-like to find signal-related parameters.
[2026-08-31 00:51:38,231][braindecode.eegneuralnet.EEGClassifier][INFO] - Passing additional parameters {'n_outputs': 2, 'n_times': 640, 'n_chans': 12} to module <class 'braindecode.models.eegnet.EEGNet'>.
[2026-08-31 00:51:50,630][braindecode.datautil.util][INFO] - Using array-like to find signal-related parameters.
[2026-08-31 00:51:50,630][braindecode.eegneuralnet.EEGClassifier][INFO] - Passing additional parameters {'n_outputs': 2, 'n_times': 640, 'n_chans': 12} to module <class 'braindecode.models.eegnet.EEGNet'>.
[2026-08-31 00:52:03,121][braindecode.datautil.util][INFO] - Using array-like to find signal-related parameters.
[2026-08-31 00:52:03,121][braindecode.eegneuralnet.EEGClassifier][INFO] - Passing additional parameters {'n_outputs': 2, 'n_times': 640, 'n_chans': 12} to module <class 'braindecode.models.eegnet.EEGNet'>.
[2026-08-31 00:52:15,672][braindecode.datautil.util][INFO] - Using array-like to find signal-related parameters.
[2026-08-31 00:52:15,673][braindecode.eegneuralnet.EEGClassifier][INFO] - Passing additional parameters {'n_outputs': 2, 'n_times': 640, 'n_chans': 12} to module <class 'braindecode.models.eegnet.EEGNet'>.
[2026-08-31 00:52:28,261][braindecode.datautil.util][INFO] - Using array-like to find signal-related parameters.
[2026-08-31 00:52:28,262][braindecode.eegneuralnet.EEGClassifier][INFO] - Passing additional parameters {'n_outputs': 2, 'n_times': 640, 'n_chans': 12} to module <class 'braindecode.models.eegnet.EEGNet'>.
[2026-08-31 00:52:40,754][braindecode.datautil.util][INFO] - Using array-like to find signal-related parameters.
[2026-08-31 00:52:40,754][braindecode.eegneuralnet.EEGClassifier][INFO] - Passing additional parameters {'n_outputs': 2, 'n_times': 640, 'n_chans': 12} to module <class 'braindecode.models.eegnet.EEGNet'>.
[2026-08-31 00:52:53,231][braindecode.datautil.util][INFO] - Using array-like to find signal-related parameters.
[2026-08-31 00:52:53,231][braindecode.eegneuralnet.EEGClassifier][INFO] - Passing additional parameters {'n_outputs': 2, 'n_times': 640, 'n_chans': 12} to module <class 'braindecode.models.eegnet.EEGNet'>.
[2026-08-31 00:53:05,687][braindecode.datautil.util][INFO] - Using array-like to find signal-related parameters.
[2026-08-31 00:53:05,687][braindecode.eegneuralnet.EEGClassifier][INFO] - Passing additional parameters {'n_outputs': 2, 'n_times': 640, 'n_chans': 12} to module <class 'braindecode.models.eegnet.EEGNet'>.
[2026-08-31 00:53:18,232][braindecode.datautil.util][INFO] - Using array-like to find signal-related parameters.
[2026-08-31 00:53:18,232][braindecode.eegneuralnet.EEGClassifier][INFO] - Passing additional parameters {'n_outputs': 2, 'n_times': 640, 'n_chans': 12} to module <class 'braindecode.models.eegnet.EEGNet'>.
[2026-08-31 00:53:30,661][braindecode.datautil.util][INFO] - Using array-like to find signal-related parameters.
[2026-08-31 00:53:30,662][braindecode.eegneuralnet.EEGClassifier][INFO] - Passing additional parameters {'n_outputs': 2, 'n_times': 640, 'n_chans': 12} to module <class 'braindecode.models.eegnet.EEGNet'>.
[2026-08-31 00:53:43,008][braindecode.datautil.util][INFO] - Using array-like to find signal-related parameters.
[2026-08-31 00:53:43,008][braindecode.eegneuralnet.EEGClassifier][INFO] - Passing additional parameters {'n_outputs': 2, 'n_times': 640, 'n_chans': 12} to module <class 'braindecode.models.eegnet.EEGNet'>.
[2026-08-31 00:53:55,512][braindecode.datautil.util][INFO] - Using array-like to find signal-related parameters.
[2026-08-31 00:53:55,512][braindecode.eegneuralnet.EEGClassifier][INFO] - Passing additional parameters {'n_outputs': 2, 'n_times': 640, 'n_chans': 12} to module <class 'braindecode.models.eegnet.EEGNet'>.
[2026-08-31 00:54:07,936][braindecode.datautil.util][INFO] - Using array-like to find signal-related parameters.
[2026-08-31 00:54:07,937][braindecode.eegneuralnet.EEGClassifier][INFO] - Passing additional parameters {'n_outputs': 2, 'n_times': 640, 'n_chans': 12} to module <class 'braindecode.models.eegnet.EEGNet'>.
[2026-08-31 00:54:20,254][braindecode.datautil.util][INFO] - Using array-like to find signal-related parameters.
[2026-08-31 00:54:20,254][braindecode.eegneuralnet.EEGClassifier][INFO] - Passing additional parameters {'n_outputs': 2, 'n_times': 640, 'n_chans': 12} to module <class 'braindecode.models.eegnet.EEGNet'>.
[2026-08-31 00:54:32,532][braindecode.datautil.util][INFO] - Using array-like to find signal-related parameters.
[2026-08-31 00:54:32,532][braindecode.eegneuralnet.EEGClassifier][INFO] - Passing additional parameters {'n_outputs': 2, 'n_times': 640, 'n_chans': 12} to module <class 'braindecode.models.eegnet.EEGNet'>.
[2026-08-31 00:54:44,570][braindecode.datautil.util][INFO] - Using array-like to find signal-related parameters.
[2026-08-31 00:54:44,570][braindecode.eegneuralnet.EEGClassifier][INFO] - Passing additional parameters {'n_outputs': 2, 'n_times': 640, 'n_chans': 12} to module <class 'braindecode.models.eegnet.EEGNet'>.
[2026-08-31 00:54:56,901][braindecode.datautil.util][INFO] - Using array-like to find signal-related parameters.
[2026-08-31 00:54:56,901][braindecode.eegneuralnet.EEGClassifier][INFO] - Passing additional parameters {'n_outputs': 2, 'n_times': 640, 'n_chans': 12} to module <class 'braindecode.models.eegnet.EEGNet'>.
[2026-08-31 00:55:09,229][braindecode.datautil.util][INFO] - Using array-like to find signal-related parameters.
[2026-08-31 00:55:09,230][braindecode.eegneuralnet.EEGClassifier][INFO] - Passing additional parameters {'n_outputs': 2, 'n_times': 640, 'n_chans': 12} to module <class 'braindecode.models.eegnet.EEGNet'>.
[2026-08-31 00:55:21,553][braindecode.datautil.util][INFO] - Using array-like to find signal-related parameters.
[2026-08-31 00:55:21,553][braindecode.eegneuralnet.EEGClassifier][INFO] - Passing additional parameters {'n_outputs': 2, 'n_times': 640, 'n_chans': 12} to module <class 'braindecode.models.eegnet.EEGNet'>.
[2026-08-31 00:55:33,777][__main__][INFO] - Completed adhoc: 1 result(s) under /work/python_project/results/scenario_decoder (2026-08-30 % 15-48-47)/eegnet/cross_task_from_sam40_stroop_mirror (mean balanced accuracy 0.615)
[2026-08-31 00:55:33,819][hydra.experimental.callbacks.LogJobReturnCallback][INFO] - Succeeded with return value: None
