[2026-08-28 09:40:28,207][braindecode.datautil.util][INFO] - Using array-like to find signal-related parameters.
[2026-08-28 09:40:28,207][braindecode.eegneuralnet.EEGClassifier][INFO] - Overriding inferred parameters with user specified parametersdict_items([('num_layers', 4), ('num_heads', 8)]).
[2026-08-28 09:40:28,207][braindecode.eegneuralnet.EEGClassifier][INFO] - Passing additional parameters {'n_outputs': 2, 'n_times': 640, 'n_chans': 12} to module <class 'braindecode.models.eegconformer.EEGConformer'>.
[2026-08-28 09:40:52,859][braindecode.datautil.util][INFO] - Using array-like to find signal-related parameters.
[2026-08-28 09:40:52,859][braindecode.eegneuralnet.EEGClassifier][INFO] - Overriding inferred parameters with user specified parametersdict_items([('num_layers', 4), ('num_heads', 8)]).
[2026-08-28 09:40:52,859][braindecode.eegneuralnet.EEGClassifier][INFO] - Passing additional parameters {'n_outputs': 2, 'n_times': 640, 'n_chans': 12} to module <class 'braindecode.models.eegconformer.EEGConformer'>.
[2026-08-28 09:41:19,193][braindecode.datautil.util][INFO] - Using array-like to find signal-related parameters.
[2026-08-28 09:41:19,193][braindecode.eegneuralnet.EEGClassifier][INFO] - Overriding inferred parameters with user specified parametersdict_items([('num_layers', 4), ('num_heads', 8)]).
[2026-08-28 09:41:19,193][braindecode.eegneuralnet.EEGClassifier][INFO] - Passing additional parameters {'n_outputs': 2, 'n_times': 640, 'n_chans': 12} to module <class 'braindecode.models.eegconformer.EEGConformer'>.
[2026-08-28 09:41:37,753][braindecode.datautil.util][INFO] - Using array-like to find signal-related parameters.
[2026-08-28 09:41:37,753][braindecode.eegneuralnet.EEGClassifier][INFO] - Overriding inferred parameters with user specified parametersdict_items([('num_layers', 4), ('num_heads', 8)]).
[2026-08-28 09:41:37,753][braindecode.eegneuralnet.EEGClassifier][INFO] - Passing additional parameters {'n_outputs': 2, 'n_times': 640, 'n_chans': 12} to module <class 'braindecode.models.eegconformer.EEGConformer'>.
[2026-08-28 09:42:15,545][braindecode.datautil.util][INFO] - Using array-like to find signal-related parameters.
[2026-08-28 09:42:15,546][braindecode.eegneuralnet.EEGClassifier][INFO] - Overriding inferred parameters with user specified parametersdict_items([('num_layers', 4), ('num_heads', 8)]).
[2026-08-28 09:42:15,546][braindecode.eegneuralnet.EEGClassifier][INFO] - Passing additional parameters {'n_outputs': 2, 'n_times': 640, 'n_chans': 12} to module <class 'braindecode.models.eegconformer.EEGConformer'>.
[2026-08-28 09:42:38,896][braindecode.datautil.util][INFO] - Using array-like to find signal-related parameters.
[2026-08-28 09:42:38,896][braindecode.eegneuralnet.EEGClassifier][INFO] - Overriding inferred parameters with user specified parametersdict_items([('num_layers', 4), ('num_heads', 8)]).
[2026-08-28 09:42:38,896][braindecode.eegneuralnet.EEGClassifier][INFO] - Passing additional parameters {'n_outputs': 2, 'n_times': 640, 'n_chans': 12} to module <class 'braindecode.models.eegconformer.EEGConformer'>.
[2026-08-28 09:43:14,541][braindecode.datautil.util][INFO] - Using array-like to find signal-related parameters.
[2026-08-28 09:43:14,542][braindecode.eegneuralnet.EEGClassifier][INFO] - Overriding inferred parameters with user specified parametersdict_items([('num_layers', 4), ('num_heads', 8)]).
[2026-08-28 09:43:14,542][braindecode.eegneuralnet.EEGClassifier][INFO] - Passing additional parameters {'n_outputs': 2, 'n_times': 640, 'n_chans': 12} to module <class 'braindecode.models.eegconformer.EEGConformer'>.
[2026-08-28 09:43:44,074][braindecode.datautil.util][INFO] - Using array-like to find signal-related parameters.
[2026-08-28 09:43:44,074][braindecode.eegneuralnet.EEGClassifier][INFO] - Overriding inferred parameters with user specified parametersdict_items([('num_layers', 4), ('num_heads', 8)]).
[2026-08-28 09:43:44,074][braindecode.eegneuralnet.EEGClassifier][INFO] - Passing additional parameters {'n_outputs': 2, 'n_times': 640, 'n_chans': 12} to module <class 'braindecode.models.eegconformer.EEGConformer'>.
[2026-08-28 09:44:11,301][braindecode.datautil.util][INFO] - Using array-like to find signal-related parameters.
[2026-08-28 09:44:11,302][braindecode.eegneuralnet.EEGClassifier][INFO] - Overriding inferred parameters with user specified parametersdict_items([('num_layers', 4), ('num_heads', 8)]).
[2026-08-28 09:44:11,302][braindecode.eegneuralnet.EEGClassifier][INFO] - Passing additional parameters {'n_outputs': 2, 'n_times': 640, 'n_chans': 12} to module <class 'braindecode.models.eegconformer.EEGConformer'>.
[2026-08-28 09:44:48,040][braindecode.datautil.util][INFO] - Using array-like to find signal-related parameters.
[2026-08-28 09:44:48,041][braindecode.eegneuralnet.EEGClassifier][INFO] - Overriding inferred parameters with user specified parametersdict_items([('num_layers', 4), ('num_heads', 8)]).
[2026-08-28 09:44:48,041][braindecode.eegneuralnet.EEGClassifier][INFO] - Passing additional parameters {'n_outputs': 2, 'n_times': 640, 'n_chans': 12} to module <class 'braindecode.models.eegconformer.EEGConformer'>.
[2026-08-28 09:45:15,062][braindecode.datautil.util][INFO] - Using array-like to find signal-related parameters.
[2026-08-28 09:45:15,062][braindecode.eegneuralnet.EEGClassifier][INFO] - Overriding inferred parameters with user specified parametersdict_items([('num_layers', 4), ('num_heads', 8)]).
[2026-08-28 09:45:15,062][braindecode.eegneuralnet.EEGClassifier][INFO] - Passing additional parameters {'n_outputs': 2, 'n_times': 640, 'n_chans': 12} to module <class 'braindecode.models.eegconformer.EEGConformer'>.
[2026-08-28 09:45:48,861][braindecode.datautil.util][INFO] - Using array-like to find signal-related parameters.
[2026-08-28 09:45:48,861][braindecode.eegneuralnet.EEGClassifier][INFO] - Overriding inferred parameters with user specified parametersdict_items([('num_layers', 4), ('num_heads', 8)]).
[2026-08-28 09:45:48,861][braindecode.eegneuralnet.EEGClassifier][INFO] - Passing additional parameters {'n_outputs': 2, 'n_times': 640, 'n_chans': 12} to module <class 'braindecode.models.eegconformer.EEGConformer'>.
[2026-08-28 09:46:19,886][braindecode.datautil.util][INFO] - Using array-like to find signal-related parameters.
[2026-08-28 09:46:19,886][braindecode.eegneuralnet.EEGClassifier][INFO] - Overriding inferred parameters with user specified parametersdict_items([('num_layers', 4), ('num_heads', 8)]).
[2026-08-28 09:46:19,886][braindecode.eegneuralnet.EEGClassifier][INFO] - Passing additional parameters {'n_outputs': 2, 'n_times': 640, 'n_chans': 12} to module <class 'braindecode.models.eegconformer.EEGConformer'>.
[2026-08-28 09:46:42,644][braindecode.datautil.util][INFO] - Using array-like to find signal-related parameters.
[2026-08-28 09:46:42,644][braindecode.eegneuralnet.EEGClassifier][INFO] - Overriding inferred parameters with user specified parametersdict_items([('num_layers', 4), ('num_heads', 8)]).
[2026-08-28 09:46:42,644][braindecode.eegneuralnet.EEGClassifier][INFO] - Passing additional parameters {'n_outputs': 2, 'n_times': 640, 'n_chans': 12} to module <class 'braindecode.models.eegconformer.EEGConformer'>.
[2026-08-28 09:47:17,180][braindecode.datautil.util][INFO] - Using array-like to find signal-related parameters.
[2026-08-28 09:47:17,180][braindecode.eegneuralnet.EEGClassifier][INFO] - Overriding inferred parameters with user specified parametersdict_items([('num_layers', 4), ('num_heads', 8)]).
[2026-08-28 09:47:17,180][braindecode.eegneuralnet.EEGClassifier][INFO] - Passing additional parameters {'n_outputs': 2, 'n_times': 640, 'n_chans': 12} to module <class 'braindecode.models.eegconformer.EEGConformer'>.
[2026-08-28 09:47:49,272][braindecode.datautil.util][INFO] - Using array-like to find signal-related parameters.
[2026-08-28 09:47:49,272][braindecode.eegneuralnet.EEGClassifier][INFO] - Overriding inferred parameters with user specified parametersdict_items([('num_layers', 4), ('num_heads', 8)]).
[2026-08-28 09:47:49,272][braindecode.eegneuralnet.EEGClassifier][INFO] - Passing additional parameters {'n_outputs': 2, 'n_times': 640, 'n_chans': 12} to module <class 'braindecode.models.eegconformer.EEGConformer'>.
[2026-08-28 09:48:32,017][braindecode.datautil.util][INFO] - Using array-like to find signal-related parameters.
[2026-08-28 09:48:32,018][braindecode.eegneuralnet.EEGClassifier][INFO] - Overriding inferred parameters with user specified parametersdict_items([('num_layers', 4), ('num_heads', 8)]).
[2026-08-28 09:48:32,018][braindecode.eegneuralnet.EEGClassifier][INFO] - Passing additional parameters {'n_outputs': 2, 'n_times': 640, 'n_chans': 12} to module <class 'braindecode.models.eegconformer.EEGConformer'>.
[2026-08-28 09:48:58,461][braindecode.datautil.util][INFO] - Using array-like to find signal-related parameters.
[2026-08-28 09:48:58,462][braindecode.eegneuralnet.EEGClassifier][INFO] - Overriding inferred parameters with user specified parametersdict_items([('num_layers', 4), ('num_heads', 8)]).
[2026-08-28 09:48:58,462][braindecode.eegneuralnet.EEGClassifier][INFO] - Passing additional parameters {'n_outputs': 2, 'n_times': 640, 'n_chans': 12} to module <class 'braindecode.models.eegconformer.EEGConformer'>.
[2026-08-28 09:49:26,586][braindecode.datautil.util][INFO] - Using array-like to find signal-related parameters.
[2026-08-28 09:49:26,586][braindecode.eegneuralnet.EEGClassifier][INFO] - Overriding inferred parameters with user specified parametersdict_items([('num_layers', 4), ('num_heads', 8)]).
[2026-08-28 09:49:26,586][braindecode.eegneuralnet.EEGClassifier][INFO] - Passing additional parameters {'n_outputs': 2, 'n_times': 640, 'n_chans': 12} to module <class 'braindecode.models.eegconformer.EEGConformer'>.
[2026-08-28 09:49:57,687][braindecode.datautil.util][INFO] - Using array-like to find signal-related parameters.
[2026-08-28 09:49:57,687][braindecode.eegneuralnet.EEGClassifier][INFO] - Overriding inferred parameters with user specified parametersdict_items([('num_layers', 4), ('num_heads', 8)]).
[2026-08-28 09:49:57,687][braindecode.eegneuralnet.EEGClassifier][INFO] - Passing additional parameters {'n_outputs': 2, 'n_times': 640, 'n_chans': 12} to module <class 'braindecode.models.eegconformer.EEGConformer'>.
[2026-08-28 09:50:21,691][braindecode.datautil.util][INFO] - Using array-like to find signal-related parameters.
[2026-08-28 09:50:21,691][braindecode.eegneuralnet.EEGClassifier][INFO] - Overriding inferred parameters with user specified parametersdict_items([('num_layers', 4), ('num_heads', 8)]).
[2026-08-28 09:50:21,691][braindecode.eegneuralnet.EEGClassifier][INFO] - Passing additional parameters {'n_outputs': 2, 'n_times': 640, 'n_chans': 12} to module <class 'braindecode.models.eegconformer.EEGConformer'>.
[2026-08-28 09:50:56,455][braindecode.datautil.util][INFO] - Using array-like to find signal-related parameters.
[2026-08-28 09:50:56,455][braindecode.eegneuralnet.EEGClassifier][INFO] - Overriding inferred parameters with user specified parametersdict_items([('num_layers', 4), ('num_heads', 8)]).
[2026-08-28 09:50:56,455][braindecode.eegneuralnet.EEGClassifier][INFO] - Passing additional parameters {'n_outputs': 2, 'n_times': 640, 'n_chans': 12} to module <class 'braindecode.models.eegconformer.EEGConformer'>.
[2026-08-28 09:51:25,059][braindecode.datautil.util][INFO] - Using array-like to find signal-related parameters.
[2026-08-28 09:51:25,059][braindecode.eegneuralnet.EEGClassifier][INFO] - Overriding inferred parameters with user specified parametersdict_items([('num_layers', 4), ('num_heads', 8)]).
[2026-08-28 09:51:25,059][braindecode.eegneuralnet.EEGClassifier][INFO] - Passing additional parameters {'n_outputs': 2, 'n_times': 640, 'n_chans': 12} to module <class 'braindecode.models.eegconformer.EEGConformer'>.
[2026-08-28 09:51:48,113][braindecode.datautil.util][INFO] - Using array-like to find signal-related parameters.
[2026-08-28 09:51:48,113][braindecode.eegneuralnet.EEGClassifier][INFO] - Overriding inferred parameters with user specified parametersdict_items([('num_layers', 4), ('num_heads', 8)]).
[2026-08-28 09:51:48,113][braindecode.eegneuralnet.EEGClassifier][INFO] - Passing additional parameters {'n_outputs': 2, 'n_times': 640, 'n_chans': 12} to module <class 'braindecode.models.eegconformer.EEGConformer'>.
[2026-08-28 09:52:37,683][braindecode.datautil.util][INFO] - Using array-like to find signal-related parameters.
[2026-08-28 09:52:37,684][braindecode.eegneuralnet.EEGClassifier][INFO] - Overriding inferred parameters with user specified parametersdict_items([('num_layers', 4), ('num_heads', 8)]).
[2026-08-28 09:52:37,684][braindecode.eegneuralnet.EEGClassifier][INFO] - Passing additional parameters {'n_outputs': 2, 'n_times': 640, 'n_chans': 12} to module <class 'braindecode.models.eegconformer.EEGConformer'>.
[2026-08-28 09:53:03,472][braindecode.datautil.util][INFO] - Using array-like to find signal-related parameters.
[2026-08-28 09:53:03,472][braindecode.eegneuralnet.EEGClassifier][INFO] - Overriding inferred parameters with user specified parametersdict_items([('num_layers', 4), ('num_heads', 8)]).
[2026-08-28 09:53:03,472][braindecode.eegneuralnet.EEGClassifier][INFO] - Passing additional parameters {'n_outputs': 2, 'n_times': 640, 'n_chans': 12} to module <class 'braindecode.models.eegconformer.EEGConformer'>.
[2026-08-28 09:53:31,257][braindecode.datautil.util][INFO] - Using array-like to find signal-related parameters.
[2026-08-28 09:53:31,257][braindecode.eegneuralnet.EEGClassifier][INFO] - Overriding inferred parameters with user specified parametersdict_items([('num_layers', 4), ('num_heads', 8)]).
[2026-08-28 09:53:31,257][braindecode.eegneuralnet.EEGClassifier][INFO] - Passing additional parameters {'n_outputs': 2, 'n_times': 640, 'n_chans': 12} to module <class 'braindecode.models.eegconformer.EEGConformer'>.
[2026-08-28 09:54:03,939][braindecode.datautil.util][INFO] - Using array-like to find signal-related parameters.
[2026-08-28 09:54:03,939][braindecode.eegneuralnet.EEGClassifier][INFO] - Overriding inferred parameters with user specified parametersdict_items([('num_layers', 4), ('num_heads', 8)]).
[2026-08-28 09:54:03,939][braindecode.eegneuralnet.EEGClassifier][INFO] - Passing additional parameters {'n_outputs': 2, 'n_times': 640, 'n_chans': 12} to module <class 'braindecode.models.eegconformer.EEGConformer'>.
[2026-08-28 09:54:34,743][braindecode.datautil.util][INFO] - Using array-like to find signal-related parameters.
[2026-08-28 09:54:34,743][braindecode.eegneuralnet.EEGClassifier][INFO] - Overriding inferred parameters with user specified parametersdict_items([('num_layers', 4), ('num_heads', 8)]).
[2026-08-28 09:54:34,743][braindecode.eegneuralnet.EEGClassifier][INFO] - Passing additional parameters {'n_outputs': 2, 'n_times': 640, 'n_chans': 12} to module <class 'braindecode.models.eegconformer.EEGConformer'>.
[2026-08-28 09:55:10,130][braindecode.datautil.util][INFO] - Using array-like to find signal-related parameters.
[2026-08-28 09:55:10,130][braindecode.eegneuralnet.EEGClassifier][INFO] - Overriding inferred parameters with user specified parametersdict_items([('num_layers', 4), ('num_heads', 8)]).
[2026-08-28 09:55:10,130][braindecode.eegneuralnet.EEGClassifier][INFO] - Passing additional parameters {'n_outputs': 2, 'n_times': 640, 'n_chans': 12} to module <class 'braindecode.models.eegconformer.EEGConformer'>.
[2026-08-28 09:55:38,966][braindecode.datautil.util][INFO] - Using array-like to find signal-related parameters.
[2026-08-28 09:55:38,966][braindecode.eegneuralnet.EEGClassifier][INFO] - Overriding inferred parameters with user specified parametersdict_items([('num_layers', 4), ('num_heads', 8)]).
[2026-08-28 09:55:38,967][braindecode.eegneuralnet.EEGClassifier][INFO] - Passing additional parameters {'n_outputs': 2, 'n_times': 640, 'n_chans': 12} to module <class 'braindecode.models.eegconformer.EEGConformer'>.
[2026-08-28 09:56:09,383][braindecode.datautil.util][INFO] - Using array-like to find signal-related parameters.
[2026-08-28 09:56:09,383][braindecode.eegneuralnet.EEGClassifier][INFO] - Overriding inferred parameters with user specified parametersdict_items([('num_layers', 4), ('num_heads', 8)]).
[2026-08-28 09:56:09,383][braindecode.eegneuralnet.EEGClassifier][INFO] - Passing additional parameters {'n_outputs': 2, 'n_times': 640, 'n_chans': 12} to module <class 'braindecode.models.eegconformer.EEGConformer'>.
[2026-08-28 09:56:30,067][braindecode.datautil.util][INFO] - Using array-like to find signal-related parameters.
[2026-08-28 09:56:30,068][braindecode.eegneuralnet.EEGClassifier][INFO] - Overriding inferred parameters with user specified parametersdict_items([('num_layers', 4), ('num_heads', 8)]).
[2026-08-28 09:56:30,068][braindecode.eegneuralnet.EEGClassifier][INFO] - Passing additional parameters {'n_outputs': 2, 'n_times': 640, 'n_chans': 12} to module <class 'braindecode.models.eegconformer.EEGConformer'>.
[2026-08-28 09:57:01,588][braindecode.datautil.util][INFO] - Using array-like to find signal-related parameters.
[2026-08-28 09:57:01,588][braindecode.eegneuralnet.EEGClassifier][INFO] - Overriding inferred parameters with user specified parametersdict_items([('num_layers', 4), ('num_heads', 8)]).
[2026-08-28 09:57:01,588][braindecode.eegneuralnet.EEGClassifier][INFO] - Passing additional parameters {'n_outputs': 2, 'n_times': 640, 'n_chans': 12} to module <class 'braindecode.models.eegconformer.EEGConformer'>.
[2026-08-28 09:57:29,166][braindecode.datautil.util][INFO] - Using array-like to find signal-related parameters.
[2026-08-28 09:57:29,166][braindecode.eegneuralnet.EEGClassifier][INFO] - Overriding inferred parameters with user specified parametersdict_items([('num_layers', 4), ('num_heads', 8)]).
[2026-08-28 09:57:29,166][braindecode.eegneuralnet.EEGClassifier][INFO] - Passing additional parameters {'n_outputs': 2, 'n_times': 640, 'n_chans': 12} to module <class 'braindecode.models.eegconformer.EEGConformer'>.
[2026-08-28 09:58:06,410][braindecode.datautil.util][INFO] - Using array-like to find signal-related parameters.
[2026-08-28 09:58:06,410][braindecode.eegneuralnet.EEGClassifier][INFO] - Overriding inferred parameters with user specified parametersdict_items([('num_layers', 4), ('num_heads', 8)]).
[2026-08-28 09:58:06,410][braindecode.eegneuralnet.EEGClassifier][INFO] - Passing additional parameters {'n_outputs': 2, 'n_times': 640, 'n_chans': 12} to module <class 'braindecode.models.eegconformer.EEGConformer'>.
[2026-08-28 09:58:36,785][braindecode.datautil.util][INFO] - Using array-like to find signal-related parameters.
[2026-08-28 09:58:36,786][braindecode.eegneuralnet.EEGClassifier][INFO] - Overriding inferred parameters with user specified parametersdict_items([('num_layers', 4), ('num_heads', 8)]).
[2026-08-28 09:58:36,786][braindecode.eegneuralnet.EEGClassifier][INFO] - Passing additional parameters {'n_outputs': 2, 'n_times': 640, 'n_chans': 12} to module <class 'braindecode.models.eegconformer.EEGConformer'>.
[2026-08-28 09:59:05,163][braindecode.datautil.util][INFO] - Using array-like to find signal-related parameters.
[2026-08-28 09:59:05,163][braindecode.eegneuralnet.EEGClassifier][INFO] - Overriding inferred parameters with user specified parametersdict_items([('num_layers', 4), ('num_heads', 8)]).
[2026-08-28 09:59:05,163][braindecode.eegneuralnet.EEGClassifier][INFO] - Passing additional parameters {'n_outputs': 2, 'n_times': 640, 'n_chans': 12} to module <class 'braindecode.models.eegconformer.EEGConformer'>.
[2026-08-28 09:59:45,623][braindecode.datautil.util][INFO] - Using array-like to find signal-related parameters.
[2026-08-28 09:59:45,623][braindecode.eegneuralnet.EEGClassifier][INFO] - Overriding inferred parameters with user specified parametersdict_items([('num_layers', 4), ('num_heads', 8)]).
[2026-08-28 09:59:45,623][braindecode.eegneuralnet.EEGClassifier][INFO] - Passing additional parameters {'n_outputs': 2, 'n_times': 640, 'n_chans': 12} to module <class 'braindecode.models.eegconformer.EEGConformer'>.
[2026-08-28 10:00:11,331][braindecode.datautil.util][INFO] - Using array-like to find signal-related parameters.
[2026-08-28 10:00:11,331][braindecode.eegneuralnet.EEGClassifier][INFO] - Overriding inferred parameters with user specified parametersdict_items([('num_layers', 4), ('num_heads', 8)]).
[2026-08-28 10:00:11,331][braindecode.eegneuralnet.EEGClassifier][INFO] - Passing additional parameters {'n_outputs': 2, 'n_times': 640, 'n_chans': 12} to module <class 'braindecode.models.eegconformer.EEGConformer'>.
[2026-08-28 10:00:43,210][__main__][INFO] - Completed run_experiment: 1 result(s) under /work/python_project/results/scenario_decoder (2026-08-28 % 05-36-44)/+decoder=eegconformer,+scenario=cross_task_from_stroop_arithmetic (mean accuracy 0.632)
[2026-08-28 10:00:43,259][hydra.experimental.callbacks.LogJobReturnCallback][INFO] - Succeeded with return value: None
