[2026-08-28 09:28:34,495][braindecode.datautil.util][INFO] - Using array-like to find signal-related parameters.
[2026-08-28 09:28:34,496][braindecode.eegneuralnet.EEGClassifier][INFO] - Overriding inferred parameters with user specified parametersdict_items([('num_layers', 4), ('num_heads', 8)]).
[2026-08-28 09:28:34,496][braindecode.eegneuralnet.EEGClassifier][INFO] - Passing additional parameters {'n_outputs': 2, 'n_times': 640, 'n_chans': 12} to module <class 'braindecode.models.eegconformer.EEGConformer'>.
[2026-08-28 09:28:44,109][braindecode.datautil.util][INFO] - Using array-like to find signal-related parameters.
[2026-08-28 09:28:44,109][braindecode.eegneuralnet.EEGClassifier][INFO] - Overriding inferred parameters with user specified parametersdict_items([('num_layers', 4), ('num_heads', 8)]).
[2026-08-28 09:28:44,109][braindecode.eegneuralnet.EEGClassifier][INFO] - Passing additional parameters {'n_outputs': 2, 'n_times': 640, 'n_chans': 12} to module <class 'braindecode.models.eegconformer.EEGConformer'>.
[2026-08-28 09:28:52,097][braindecode.datautil.util][INFO] - Using array-like to find signal-related parameters.
[2026-08-28 09:28:52,097][braindecode.eegneuralnet.EEGClassifier][INFO] - Overriding inferred parameters with user specified parametersdict_items([('num_layers', 4), ('num_heads', 8)]).
[2026-08-28 09:28:52,097][braindecode.eegneuralnet.EEGClassifier][INFO] - Passing additional parameters {'n_outputs': 2, 'n_times': 640, 'n_chans': 12} to module <class 'braindecode.models.eegconformer.EEGConformer'>.
[2026-08-28 09:28:58,433][braindecode.datautil.util][INFO] - Using array-like to find signal-related parameters.
[2026-08-28 09:28:58,434][braindecode.eegneuralnet.EEGClassifier][INFO] - Overriding inferred parameters with user specified parametersdict_items([('num_layers', 4), ('num_heads', 8)]).
[2026-08-28 09:28:58,434][braindecode.eegneuralnet.EEGClassifier][INFO] - Passing additional parameters {'n_outputs': 2, 'n_times': 640, 'n_chans': 12} to module <class 'braindecode.models.eegconformer.EEGConformer'>.
[2026-08-28 09:29:07,717][braindecode.datautil.util][INFO] - Using array-like to find signal-related parameters.
[2026-08-28 09:29:07,718][braindecode.eegneuralnet.EEGClassifier][INFO] - Overriding inferred parameters with user specified parametersdict_items([('num_layers', 4), ('num_heads', 8)]).
[2026-08-28 09:29:07,718][braindecode.eegneuralnet.EEGClassifier][INFO] - Passing additional parameters {'n_outputs': 2, 'n_times': 640, 'n_chans': 12} to module <class 'braindecode.models.eegconformer.EEGConformer'>.
[2026-08-28 09:29:12,847][braindecode.datautil.util][INFO] - Using array-like to find signal-related parameters.
[2026-08-28 09:29:12,848][braindecode.eegneuralnet.EEGClassifier][INFO] - Overriding inferred parameters with user specified parametersdict_items([('num_layers', 4), ('num_heads', 8)]).
[2026-08-28 09:29:12,848][braindecode.eegneuralnet.EEGClassifier][INFO] - Passing additional parameters {'n_outputs': 2, 'n_times': 640, 'n_chans': 12} to module <class 'braindecode.models.eegconformer.EEGConformer'>.
[2026-08-28 09:29:23,175][braindecode.datautil.util][INFO] - Using array-like to find signal-related parameters.
[2026-08-28 09:29:23,176][braindecode.eegneuralnet.EEGClassifier][INFO] - Overriding inferred parameters with user specified parametersdict_items([('num_layers', 4), ('num_heads', 8)]).
[2026-08-28 09:29:23,176][braindecode.eegneuralnet.EEGClassifier][INFO] - Passing additional parameters {'n_outputs': 2, 'n_times': 640, 'n_chans': 12} to module <class 'braindecode.models.eegconformer.EEGConformer'>.
[2026-08-28 09:29:26,429][braindecode.datautil.util][INFO] - Using array-like to find signal-related parameters.
[2026-08-28 09:29:26,429][braindecode.eegneuralnet.EEGClassifier][INFO] - Overriding inferred parameters with user specified parametersdict_items([('num_layers', 4), ('num_heads', 8)]).
[2026-08-28 09:29:26,429][braindecode.eegneuralnet.EEGClassifier][INFO] - Passing additional parameters {'n_outputs': 2, 'n_times': 640, 'n_chans': 12} to module <class 'braindecode.models.eegconformer.EEGConformer'>.
[2026-08-28 09:29:33,697][braindecode.datautil.util][INFO] - Using array-like to find signal-related parameters.
[2026-08-28 09:29:33,697][braindecode.eegneuralnet.EEGClassifier][INFO] - Overriding inferred parameters with user specified parametersdict_items([('num_layers', 4), ('num_heads', 8)]).
[2026-08-28 09:29:33,697][braindecode.eegneuralnet.EEGClassifier][INFO] - Passing additional parameters {'n_outputs': 2, 'n_times': 640, 'n_chans': 12} to module <class 'braindecode.models.eegconformer.EEGConformer'>.
[2026-08-28 09:29:42,133][braindecode.datautil.util][INFO] - Using array-like to find signal-related parameters.
[2026-08-28 09:29:42,133][braindecode.eegneuralnet.EEGClassifier][INFO] - Overriding inferred parameters with user specified parametersdict_items([('num_layers', 4), ('num_heads', 8)]).
[2026-08-28 09:29:42,133][braindecode.eegneuralnet.EEGClassifier][INFO] - Passing additional parameters {'n_outputs': 2, 'n_times': 640, 'n_chans': 12} to module <class 'braindecode.models.eegconformer.EEGConformer'>.
[2026-08-28 09:29:48,285][braindecode.datautil.util][INFO] - Using array-like to find signal-related parameters.
[2026-08-28 09:29:48,285][braindecode.eegneuralnet.EEGClassifier][INFO] - Overriding inferred parameters with user specified parametersdict_items([('num_layers', 4), ('num_heads', 8)]).
[2026-08-28 09:29:48,285][braindecode.eegneuralnet.EEGClassifier][INFO] - Passing additional parameters {'n_outputs': 2, 'n_times': 640, 'n_chans': 12} to module <class 'braindecode.models.eegconformer.EEGConformer'>.
[2026-08-28 09:29:54,932][braindecode.datautil.util][INFO] - Using array-like to find signal-related parameters.
[2026-08-28 09:29:54,932][braindecode.eegneuralnet.EEGClassifier][INFO] - Overriding inferred parameters with user specified parametersdict_items([('num_layers', 4), ('num_heads', 8)]).
[2026-08-28 09:29:54,932][braindecode.eegneuralnet.EEGClassifier][INFO] - Passing additional parameters {'n_outputs': 2, 'n_times': 640, 'n_chans': 12} to module <class 'braindecode.models.eegconformer.EEGConformer'>.
[2026-08-28 09:29:58,471][braindecode.datautil.util][INFO] - Using array-like to find signal-related parameters.
[2026-08-28 09:29:58,471][braindecode.eegneuralnet.EEGClassifier][INFO] - Overriding inferred parameters with user specified parametersdict_items([('num_layers', 4), ('num_heads', 8)]).
[2026-08-28 09:29:58,471][braindecode.eegneuralnet.EEGClassifier][INFO] - Passing additional parameters {'n_outputs': 2, 'n_times': 640, 'n_chans': 12} to module <class 'braindecode.models.eegconformer.EEGConformer'>.
[2026-08-28 09:30:03,873][braindecode.datautil.util][INFO] - Using array-like to find signal-related parameters.
[2026-08-28 09:30:03,873][braindecode.eegneuralnet.EEGClassifier][INFO] - Overriding inferred parameters with user specified parametersdict_items([('num_layers', 4), ('num_heads', 8)]).
[2026-08-28 09:30:03,873][braindecode.eegneuralnet.EEGClassifier][INFO] - Passing additional parameters {'n_outputs': 2, 'n_times': 640, 'n_chans': 12} to module <class 'braindecode.models.eegconformer.EEGConformer'>.
[2026-08-28 09:30:07,279][braindecode.datautil.util][INFO] - Using array-like to find signal-related parameters.
[2026-08-28 09:30:07,280][braindecode.eegneuralnet.EEGClassifier][INFO] - Overriding inferred parameters with user specified parametersdict_items([('num_layers', 4), ('num_heads', 8)]).
[2026-08-28 09:30:07,280][braindecode.eegneuralnet.EEGClassifier][INFO] - Passing additional parameters {'n_outputs': 2, 'n_times': 640, 'n_chans': 12} to module <class 'braindecode.models.eegconformer.EEGConformer'>.
[2026-08-28 09:30:11,383][braindecode.datautil.util][INFO] - Using array-like to find signal-related parameters.
[2026-08-28 09:30:11,383][braindecode.eegneuralnet.EEGClassifier][INFO] - Overriding inferred parameters with user specified parametersdict_items([('num_layers', 4), ('num_heads', 8)]).
[2026-08-28 09:30:11,383][braindecode.eegneuralnet.EEGClassifier][INFO] - Passing additional parameters {'n_outputs': 2, 'n_times': 640, 'n_chans': 12} to module <class 'braindecode.models.eegconformer.EEGConformer'>.
[2026-08-28 09:30:18,099][braindecode.datautil.util][INFO] - Using array-like to find signal-related parameters.
[2026-08-28 09:30:18,100][braindecode.eegneuralnet.EEGClassifier][INFO] - Overriding inferred parameters with user specified parametersdict_items([('num_layers', 4), ('num_heads', 8)]).
[2026-08-28 09:30:18,100][braindecode.eegneuralnet.EEGClassifier][INFO] - Passing additional parameters {'n_outputs': 2, 'n_times': 640, 'n_chans': 12} to module <class 'braindecode.models.eegconformer.EEGConformer'>.
[2026-08-28 09:30:27,338][braindecode.datautil.util][INFO] - Using array-like to find signal-related parameters.
[2026-08-28 09:30:27,338][braindecode.eegneuralnet.EEGClassifier][INFO] - Overriding inferred parameters with user specified parametersdict_items([('num_layers', 4), ('num_heads', 8)]).
[2026-08-28 09:30:27,338][braindecode.eegneuralnet.EEGClassifier][INFO] - Passing additional parameters {'n_outputs': 2, 'n_times': 640, 'n_chans': 12} to module <class 'braindecode.models.eegconformer.EEGConformer'>.
[2026-08-28 09:30:37,135][braindecode.datautil.util][INFO] - Using array-like to find signal-related parameters.
[2026-08-28 09:30:37,135][braindecode.eegneuralnet.EEGClassifier][INFO] - Overriding inferred parameters with user specified parametersdict_items([('num_layers', 4), ('num_heads', 8)]).
[2026-08-28 09:30:37,135][braindecode.eegneuralnet.EEGClassifier][INFO] - Passing additional parameters {'n_outputs': 2, 'n_times': 640, 'n_chans': 12} to module <class 'braindecode.models.eegconformer.EEGConformer'>.
[2026-08-28 09:30:41,602][braindecode.datautil.util][INFO] - Using array-like to find signal-related parameters.
[2026-08-28 09:30:41,602][braindecode.eegneuralnet.EEGClassifier][INFO] - Overriding inferred parameters with user specified parametersdict_items([('num_layers', 4), ('num_heads', 8)]).
[2026-08-28 09:30:41,603][braindecode.eegneuralnet.EEGClassifier][INFO] - Passing additional parameters {'n_outputs': 2, 'n_times': 640, 'n_chans': 12} to module <class 'braindecode.models.eegconformer.EEGConformer'>.
[2026-08-28 09:30:45,155][braindecode.datautil.util][INFO] - Using array-like to find signal-related parameters.
[2026-08-28 09:30:45,155][braindecode.eegneuralnet.EEGClassifier][INFO] - Overriding inferred parameters with user specified parametersdict_items([('num_layers', 4), ('num_heads', 8)]).
[2026-08-28 09:30:45,155][braindecode.eegneuralnet.EEGClassifier][INFO] - Passing additional parameters {'n_outputs': 2, 'n_times': 640, 'n_chans': 12} to module <class 'braindecode.models.eegconformer.EEGConformer'>.
[2026-08-28 09:30:55,796][braindecode.datautil.util][INFO] - Using array-like to find signal-related parameters.
[2026-08-28 09:30:55,796][braindecode.eegneuralnet.EEGClassifier][INFO] - Overriding inferred parameters with user specified parametersdict_items([('num_layers', 4), ('num_heads', 8)]).
[2026-08-28 09:30:55,796][braindecode.eegneuralnet.EEGClassifier][INFO] - Passing additional parameters {'n_outputs': 2, 'n_times': 640, 'n_chans': 12} to module <class 'braindecode.models.eegconformer.EEGConformer'>.
[2026-08-28 09:30:59,912][braindecode.datautil.util][INFO] - Using array-like to find signal-related parameters.
[2026-08-28 09:30:59,912][braindecode.eegneuralnet.EEGClassifier][INFO] - Overriding inferred parameters with user specified parametersdict_items([('num_layers', 4), ('num_heads', 8)]).
[2026-08-28 09:30:59,912][braindecode.eegneuralnet.EEGClassifier][INFO] - Passing additional parameters {'n_outputs': 2, 'n_times': 640, 'n_chans': 12} to module <class 'braindecode.models.eegconformer.EEGConformer'>.
[2026-08-28 09:31:02,922][braindecode.datautil.util][INFO] - Using array-like to find signal-related parameters.
[2026-08-28 09:31:02,923][braindecode.eegneuralnet.EEGClassifier][INFO] - Overriding inferred parameters with user specified parametersdict_items([('num_layers', 4), ('num_heads', 8)]).
[2026-08-28 09:31:02,923][braindecode.eegneuralnet.EEGClassifier][INFO] - Passing additional parameters {'n_outputs': 2, 'n_times': 640, 'n_chans': 12} to module <class 'braindecode.models.eegconformer.EEGConformer'>.
[2026-08-28 09:31:07,169][braindecode.datautil.util][INFO] - Using array-like to find signal-related parameters.
[2026-08-28 09:31:07,169][braindecode.eegneuralnet.EEGClassifier][INFO] - Overriding inferred parameters with user specified parametersdict_items([('num_layers', 4), ('num_heads', 8)]).
[2026-08-28 09:31:07,169][braindecode.eegneuralnet.EEGClassifier][INFO] - Passing additional parameters {'n_outputs': 2, 'n_times': 640, 'n_chans': 12} to module <class 'braindecode.models.eegconformer.EEGConformer'>.
[2026-08-28 09:31:12,198][braindecode.datautil.util][INFO] - Using array-like to find signal-related parameters.
[2026-08-28 09:31:12,198][braindecode.eegneuralnet.EEGClassifier][INFO] - Overriding inferred parameters with user specified parametersdict_items([('num_layers', 4), ('num_heads', 8)]).
[2026-08-28 09:31:12,198][braindecode.eegneuralnet.EEGClassifier][INFO] - Passing additional parameters {'n_outputs': 2, 'n_times': 640, 'n_chans': 12} to module <class 'braindecode.models.eegconformer.EEGConformer'>.
[2026-08-28 09:31:21,196][braindecode.datautil.util][INFO] - Using array-like to find signal-related parameters.
[2026-08-28 09:31:21,196][braindecode.eegneuralnet.EEGClassifier][INFO] - Overriding inferred parameters with user specified parametersdict_items([('num_layers', 4), ('num_heads', 8)]).
[2026-08-28 09:31:21,196][braindecode.eegneuralnet.EEGClassifier][INFO] - Passing additional parameters {'n_outputs': 2, 'n_times': 640, 'n_chans': 12} to module <class 'braindecode.models.eegconformer.EEGConformer'>.
[2026-08-28 09:31:26,812][braindecode.datautil.util][INFO] - Using array-like to find signal-related parameters.
[2026-08-28 09:31:26,812][braindecode.eegneuralnet.EEGClassifier][INFO] - Overriding inferred parameters with user specified parametersdict_items([('num_layers', 4), ('num_heads', 8)]).
[2026-08-28 09:31:26,812][braindecode.eegneuralnet.EEGClassifier][INFO] - Passing additional parameters {'n_outputs': 2, 'n_times': 640, 'n_chans': 12} to module <class 'braindecode.models.eegconformer.EEGConformer'>.
[2026-08-28 09:31:34,681][braindecode.datautil.util][INFO] - Using array-like to find signal-related parameters.
[2026-08-28 09:31:34,681][braindecode.eegneuralnet.EEGClassifier][INFO] - Overriding inferred parameters with user specified parametersdict_items([('num_layers', 4), ('num_heads', 8)]).
[2026-08-28 09:31:34,681][braindecode.eegneuralnet.EEGClassifier][INFO] - Passing additional parameters {'n_outputs': 2, 'n_times': 640, 'n_chans': 12} to module <class 'braindecode.models.eegconformer.EEGConformer'>.
[2026-08-28 09:31:39,272][braindecode.datautil.util][INFO] - Using array-like to find signal-related parameters.
[2026-08-28 09:31:39,272][braindecode.eegneuralnet.EEGClassifier][INFO] - Overriding inferred parameters with user specified parametersdict_items([('num_layers', 4), ('num_heads', 8)]).
[2026-08-28 09:31:39,272][braindecode.eegneuralnet.EEGClassifier][INFO] - Passing additional parameters {'n_outputs': 2, 'n_times': 640, 'n_chans': 12} to module <class 'braindecode.models.eegconformer.EEGConformer'>.
[2026-08-28 09:31:49,939][braindecode.datautil.util][INFO] - Using array-like to find signal-related parameters.
[2026-08-28 09:31:49,939][braindecode.eegneuralnet.EEGClassifier][INFO] - Overriding inferred parameters with user specified parametersdict_items([('num_layers', 4), ('num_heads', 8)]).
[2026-08-28 09:31:49,939][braindecode.eegneuralnet.EEGClassifier][INFO] - Passing additional parameters {'n_outputs': 2, 'n_times': 640, 'n_chans': 12} to module <class 'braindecode.models.eegconformer.EEGConformer'>.
[2026-08-28 09:31:57,166][braindecode.datautil.util][INFO] - Using array-like to find signal-related parameters.
[2026-08-28 09:31:57,167][braindecode.eegneuralnet.EEGClassifier][INFO] - Overriding inferred parameters with user specified parametersdict_items([('num_layers', 4), ('num_heads', 8)]).
[2026-08-28 09:31:57,167][braindecode.eegneuralnet.EEGClassifier][INFO] - Passing additional parameters {'n_outputs': 2, 'n_times': 640, 'n_chans': 12} to module <class 'braindecode.models.eegconformer.EEGConformer'>.
[2026-08-28 09:32:06,363][braindecode.datautil.util][INFO] - Using array-like to find signal-related parameters.
[2026-08-28 09:32:06,363][braindecode.eegneuralnet.EEGClassifier][INFO] - Overriding inferred parameters with user specified parametersdict_items([('num_layers', 4), ('num_heads', 8)]).
[2026-08-28 09:32:06,363][braindecode.eegneuralnet.EEGClassifier][INFO] - Passing additional parameters {'n_outputs': 2, 'n_times': 640, 'n_chans': 12} to module <class 'braindecode.models.eegconformer.EEGConformer'>.
[2026-08-28 09:32:16,396][braindecode.datautil.util][INFO] - Using array-like to find signal-related parameters.
[2026-08-28 09:32:16,396][braindecode.eegneuralnet.EEGClassifier][INFO] - Overriding inferred parameters with user specified parametersdict_items([('num_layers', 4), ('num_heads', 8)]).
[2026-08-28 09:32:16,396][braindecode.eegneuralnet.EEGClassifier][INFO] - Passing additional parameters {'n_outputs': 2, 'n_times': 640, 'n_chans': 12} to module <class 'braindecode.models.eegconformer.EEGConformer'>.
[2026-08-28 09:32:20,977][braindecode.datautil.util][INFO] - Using array-like to find signal-related parameters.
[2026-08-28 09:32:20,977][braindecode.eegneuralnet.EEGClassifier][INFO] - Overriding inferred parameters with user specified parametersdict_items([('num_layers', 4), ('num_heads', 8)]).
[2026-08-28 09:32:20,977][braindecode.eegneuralnet.EEGClassifier][INFO] - Passing additional parameters {'n_outputs': 2, 'n_times': 640, 'n_chans': 12} to module <class 'braindecode.models.eegconformer.EEGConformer'>.
[2026-08-28 09:32:27,520][braindecode.datautil.util][INFO] - Using array-like to find signal-related parameters.
[2026-08-28 09:32:27,521][braindecode.eegneuralnet.EEGClassifier][INFO] - Overriding inferred parameters with user specified parametersdict_items([('num_layers', 4), ('num_heads', 8)]).
[2026-08-28 09:32:27,521][braindecode.eegneuralnet.EEGClassifier][INFO] - Passing additional parameters {'n_outputs': 2, 'n_times': 640, 'n_chans': 12} to module <class 'braindecode.models.eegconformer.EEGConformer'>.
[2026-08-28 09:32:35,822][braindecode.datautil.util][INFO] - Using array-like to find signal-related parameters.
[2026-08-28 09:32:35,823][braindecode.eegneuralnet.EEGClassifier][INFO] - Overriding inferred parameters with user specified parametersdict_items([('num_layers', 4), ('num_heads', 8)]).
[2026-08-28 09:32:35,823][braindecode.eegneuralnet.EEGClassifier][INFO] - Passing additional parameters {'n_outputs': 2, 'n_times': 640, 'n_chans': 12} to module <class 'braindecode.models.eegconformer.EEGConformer'>.
[2026-08-28 09:32:45,234][braindecode.datautil.util][INFO] - Using array-like to find signal-related parameters.
[2026-08-28 09:32:45,234][braindecode.eegneuralnet.EEGClassifier][INFO] - Overriding inferred parameters with user specified parametersdict_items([('num_layers', 4), ('num_heads', 8)]).
[2026-08-28 09:32:45,234][braindecode.eegneuralnet.EEGClassifier][INFO] - Passing additional parameters {'n_outputs': 2, 'n_times': 640, 'n_chans': 12} to module <class 'braindecode.models.eegconformer.EEGConformer'>.
[2026-08-28 09:32:48,586][braindecode.datautil.util][INFO] - Using array-like to find signal-related parameters.
[2026-08-28 09:32:48,586][braindecode.eegneuralnet.EEGClassifier][INFO] - Overriding inferred parameters with user specified parametersdict_items([('num_layers', 4), ('num_heads', 8)]).
[2026-08-28 09:32:48,586][braindecode.eegneuralnet.EEGClassifier][INFO] - Passing additional parameters {'n_outputs': 2, 'n_times': 640, 'n_chans': 12} to module <class 'braindecode.models.eegconformer.EEGConformer'>.
[2026-08-28 09:32:55,988][braindecode.datautil.util][INFO] - Using array-like to find signal-related parameters.
[2026-08-28 09:32:55,989][braindecode.eegneuralnet.EEGClassifier][INFO] - Overriding inferred parameters with user specified parametersdict_items([('num_layers', 4), ('num_heads', 8)]).
[2026-08-28 09:32:55,989][braindecode.eegneuralnet.EEGClassifier][INFO] - Passing additional parameters {'n_outputs': 2, 'n_times': 640, 'n_chans': 12} to module <class 'braindecode.models.eegconformer.EEGConformer'>.
[2026-08-28 09:33:01,546][__main__][INFO] - Completed run_experiment: 3 result(s) under /work/python_project/results/scenario_decoder (2026-08-28 % 05-36-44)/+decoder=eegconformer,+scenario=cross_task_from_stroop (mean accuracy 0.512)
[2026-08-28 09:33:01,579][hydra.experimental.callbacks.LogJobReturnCallback][INFO] - Succeeded with return value: None
